Archive member included to satisfy reference by file (symbol)

c:/progra~2/gnuarm~1/102021~1.10/bin/../lib/gcc/arm-none-eabi/10.3.1/../../../../arm-none-eabi/lib/thumb/v7-m/nofp\libg.a(lib_a-errno.o)
                              CMakeFiles/USB2CAN.elf.dir/Core/Src/syscalls.c.obj (__errno)
c:/progra~2/gnuarm~1/102021~1.10/bin/../lib/gcc/arm-none-eabi/10.3.1/../../../../arm-none-eabi/lib/thumb/v7-m/nofp\libg.a(lib_a-exit.o)
                              c:/progra~2/gnuarm~1/102021~1.10/bin/../lib/gcc/arm-none-eabi/10.3.1/../../../../arm-none-eabi/lib/thumb/v7-m/nofp/crt0.o (exit)
c:/progra~2/gnuarm~1/102021~1.10/bin/../lib/gcc/arm-none-eabi/10.3.1/../../../../arm-none-eabi/lib/thumb/v7-m/nofp\libg.a(lib_a-impure.o)
                              c:/progra~2/gnuarm~1/102021~1.10/bin/../lib/gcc/arm-none-eabi/10.3.1/../../../../arm-none-eabi/lib/thumb/v7-m/nofp\libg.a(lib_a-exit.o) (_global_impure_ptr)
c:/progra~2/gnuarm~1/102021~1.10/bin/../lib/gcc/arm-none-eabi/10.3.1/../../../../arm-none-eabi/lib/thumb/v7-m/nofp\libg.a(lib_a-init.o)
                              c:/progra~2/gnuarm~1/102021~1.10/bin/../lib/gcc/arm-none-eabi/10.3.1/../../../../arm-none-eabi/lib/thumb/v7-m/nofp/crt0.o (__libc_init_array)
c:/progra~2/gnuarm~1/102021~1.10/bin/../lib/gcc/arm-none-eabi/10.3.1/../../../../arm-none-eabi/lib/thumb/v7-m/nofp\libg.a(lib_a-memset.o)
                              c:/progra~2/gnuarm~1/102021~1.10/bin/../lib/gcc/arm-none-eabi/10.3.1/../../../../arm-none-eabi/lib/thumb/v7-m/nofp/crt0.o (memset)
c:/progra~2/gnuarm~1/102021~1.10/bin/../lib/gcc/arm-none-eabi/10.3.1/../../../../arm-none-eabi/lib/thumb/v7-m/nofp\libg.a(lib_a-strlcpy.o)
                              CMakeFiles/USB2CAN.elf.dir/USB_DEVICE/App/usbd_cdc_if.c.obj (strlcpy)
c:/progra~2/gnuarm~1/102021~1.10/bin/../lib/gcc/arm-none-eabi/10.3.1/../../../../arm-none-eabi/lib/thumb/v7-m/nofp\libg.a(lib_a-strlen-stub.o)
                              CMakeFiles/USB2CAN.elf.dir/Core/Src/main.c.obj (strlen)
c:/progra~2/gnuarm~1/102021~1.10/bin/../lib/gcc/arm-none-eabi/10.3.1/../../../../arm-none-eabi/lib/thumb/v7-m/nofp\libg.a(lib_a-__call_atexit.o)
                              c:/progra~2/gnuarm~1/102021~1.10/bin/../lib/gcc/arm-none-eabi/10.3.1/../../../../arm-none-eabi/lib/thumb/v7-m/nofp\libg.a(lib_a-exit.o) (__call_exitprocs)
c:/progra~2/gnuarm~1/102021~1.10/bin/../lib/gcc/arm-none-eabi/10.3.1/../../../../arm-none-eabi/lib/thumb/v7-m/nofp\libg.a(lib_a-atexit.o)
                              c:/progra~2/gnuarm~1/102021~1.10/bin/../lib/gcc/arm-none-eabi/10.3.1/../../../../arm-none-eabi/lib/thumb/v7-m/nofp\libg.a(lib_a-__call_atexit.o) (atexit)
c:/progra~2/gnuarm~1/102021~1.10/bin/../lib/gcc/arm-none-eabi/10.3.1/../../../../arm-none-eabi/lib/thumb/v7-m/nofp\libg.a(lib_a-fini.o)
                              c:/progra~2/gnuarm~1/102021~1.10/bin/../lib/gcc/arm-none-eabi/10.3.1/../../../../arm-none-eabi/lib/thumb/v7-m/nofp\libg.a(lib_a-__call_atexit.o) (__libc_fini_array)
c:/progra~2/gnuarm~1/102021~1.10/bin/../lib/gcc/arm-none-eabi/10.3.1/../../../../arm-none-eabi/lib/thumb/v7-m/nofp\libg.a(lib_a-lock.o)
                              c:/progra~2/gnuarm~1/102021~1.10/bin/../lib/gcc/arm-none-eabi/10.3.1/../../../../arm-none-eabi/lib/thumb/v7-m/nofp\libg.a(lib_a-__call_atexit.o) (__retarget_lock_acquire_recursive)
c:/progra~2/gnuarm~1/102021~1.10/bin/../lib/gcc/arm-none-eabi/10.3.1/../../../../arm-none-eabi/lib/thumb/v7-m/nofp\libg.a(lib_a-__atexit.o)
                              c:/progra~2/gnuarm~1/102021~1.10/bin/../lib/gcc/arm-none-eabi/10.3.1/../../../../arm-none-eabi/lib/thumb/v7-m/nofp\libg.a(lib_a-atexit.o) (__register_exitproc)

Discarded input sections

 .text          0x00000000        0x0 c:/progra~2/gnuarm~1/102021~1.10/bin/../lib/gcc/arm-none-eabi/10.3.1/thumb/v7-m/nofp/crti.o
 .data          0x00000000        0x0 c:/progra~2/gnuarm~1/102021~1.10/bin/../lib/gcc/arm-none-eabi/10.3.1/thumb/v7-m/nofp/crti.o
 .bss           0x00000000        0x0 c:/progra~2/gnuarm~1/102021~1.10/bin/../lib/gcc/arm-none-eabi/10.3.1/thumb/v7-m/nofp/crti.o
 .data          0x00000000        0x4 c:/progra~2/gnuarm~1/102021~1.10/bin/../lib/gcc/arm-none-eabi/10.3.1/thumb/v7-m/nofp/crtbegin.o
 .rodata        0x00000000       0x24 c:/progra~2/gnuarm~1/102021~1.10/bin/../lib/gcc/arm-none-eabi/10.3.1/thumb/v7-m/nofp/crtbegin.o
 .text          0x00000000       0x7c c:/progra~2/gnuarm~1/102021~1.10/bin/../lib/gcc/arm-none-eabi/10.3.1/../../../../arm-none-eabi/lib/thumb/v7-m/nofp/crt0.o
 .data          0x00000000        0x0 c:/progra~2/gnuarm~1/102021~1.10/bin/../lib/gcc/arm-none-eabi/10.3.1/../../../../arm-none-eabi/lib/thumb/v7-m/nofp/crt0.o
 .bss           0x00000000        0x0 c:/progra~2/gnuarm~1/102021~1.10/bin/../lib/gcc/arm-none-eabi/10.3.1/../../../../arm-none-eabi/lib/thumb/v7-m/nofp/crt0.o
 .ARM.extab     0x00000000        0x0 c:/progra~2/gnuarm~1/102021~1.10/bin/../lib/gcc/arm-none-eabi/10.3.1/../../../../arm-none-eabi/lib/thumb/v7-m/nofp/crt0.o
[...]
Memory Configuration

Name             Origin             Length             Attributes
RAM              0x20000000         0x00005000         xrw
FLASH            0x08000000         0x00020000         xr
*default*        0x00000000         0xffffffff

Linker script and memory map

LOAD c:/progra~2/gnuarm~1/102021~1.10/bin/../lib/gcc/arm-none-eabi/10.3.1/thumb/v7-m/nofp/crti.o
LOAD c:/progra~2/gnuarm~1/102021~1.10/bin/../lib/gcc/arm-none-eabi/10.3.1/thumb/v7-m/nofp/crtbegin.o
LOAD c:/progra~2/gnuarm~1/102021~1.10/bin/../lib/gcc/arm-none-eabi/10.3.1/../../../../arm-none-eabi/lib/thumb/v7-m/nofp/crt0.o
LOAD CMakeFiles/USB2CAN.elf.dir/Core/Src/main.c.obj
LOAD CMakeFiles/USB2CAN.elf.dir/Core/Src/stm32f1xx_hal_msp.c.obj
LOAD CMakeFiles/USB2CAN.elf.dir/Core/Src/stm32f1xx_it.c.obj
LOAD CMakeFiles/USB2CAN.elf.dir/Core/Src/syscalls.c.obj
LOAD CMakeFiles/USB2CAN.elf.dir/Core/Src/sysmem.c.obj
LOAD CMakeFiles/USB2CAN.elf.dir/Core/Src/system_stm32f1xx.c.obj
LOAD CMakeFiles/USB2CAN.elf.dir/Core/Startup/startup_stm32f103cbtx.s.obj
LOAD CMakeFiles/USB2CAN.elf.dir/Drivers/STM32F1xx_HAL_Driver/Src/stm32f1xx_hal.c.obj
LOAD CMakeFiles/USB2CAN.elf.dir/Drivers/STM32F1xx_HAL_Driver/Src/stm32f1xx_hal_cortex.c.obj
LOAD CMakeFiles/USB2CAN.elf.dir/Drivers/STM32F1xx_HAL_Driver/Src/stm32f1xx_hal_dma.c.obj
LOAD CMakeFiles/USB2CAN.elf.dir/Drivers/STM32F1xx_HAL_Driver/Src/stm32f1xx_hal_exti.c.obj
LOAD CMakeFiles/USB2CAN.elf.dir/Drivers/STM32F1xx_HAL_Driver/Src/stm32f1xx_hal_flash.c.obj
LOAD CMakeFiles/USB2CAN.elf.dir/Drivers/STM32F1xx_HAL_Driver/Src/stm32f1xx_hal_flash_ex.c.obj
LOAD CMakeFiles/USB2CAN.elf.dir/Drivers/STM32F1xx_HAL_Driver/Src/stm32f1xx_hal_gpio.c.obj
LOAD CMakeFiles/USB2CAN.elf.dir/Drivers/STM32F1xx_HAL_Driver/Src/stm32f1xx_hal_gpio_ex.c.obj
LOAD CMakeFiles/USB2CAN.elf.dir/Drivers/STM32F1xx_HAL_Driver/Src/stm32f1xx_hal_pcd.c.obj
LOAD CMakeFiles/USB2CAN.elf.dir/Drivers/STM32F1xx_HAL_Driver/Src/stm32f1xx_hal_pcd_ex.c.obj
LOAD CMakeFiles/USB2CAN.elf.dir/Drivers/STM32F1xx_HAL_Driver/Src/stm32f1xx_hal_pwr.c.obj
LOAD CMakeFiles/USB2CAN.elf.dir/Drivers/STM32F1xx_HAL_Driver/Src/stm32f1xx_hal_rcc.c.obj
LOAD CMakeFiles/USB2CAN.elf.dir/Drivers/STM32F1xx_HAL_Driver/Src/stm32f1xx_hal_rcc_ex.c.obj
LOAD CMakeFiles/USB2CAN.elf.dir/Drivers/STM32F1xx_HAL_Driver/Src/stm32f1xx_ll_usb.c.obj
LOAD CMakeFiles/USB2CAN.elf.dir/Middlewares/ST/STM32_USB_Device_Library/Class/CDC/Src/usbd_cdc.c.obj
LOAD CMakeFiles/USB2CAN.elf.dir/Middlewares/ST/STM32_USB_Device_Library/Core/Src/usbd_core.c.obj
LOAD CMakeFiles/USB2CAN.elf.dir/Middlewares/ST/STM32_USB_Device_Library/Core/Src/usbd_ctlreq.c.obj
LOAD CMakeFiles/USB2CAN.elf.dir/Middlewares/ST/STM32_USB_Device_Library/Core/Src/usbd_ioreq.c.obj
LOAD CMakeFiles/USB2CAN.elf.dir/USB_DEVICE/App/usb_device.c.obj
LOAD CMakeFiles/USB2CAN.elf.dir/USB_DEVICE/App/usbd_cdc_if.c.obj
LOAD CMakeFiles/USB2CAN.elf.dir/USB_DEVICE/App/usbd_desc.c.obj
LOAD CMakeFiles/USB2CAN.elf.dir/USB_DEVICE/Target/usbd_conf.c.obj
START GROUP
LOAD c:/progra~2/gnuarm~1/102021~1.10/bin/../lib/gcc/arm-none-eabi/10.3.1/thumb/v7-m/nofp\libgcc.a
LOAD c:/progra~2/gnuarm~1/102021~1.10/bin/../lib/gcc/arm-none-eabi/10.3.1/../../../../arm-none-eabi/lib/thumb/v7-m/nofp\libg.a
LOAD c:/progra~2/gnuarm~1/102021~1.10/bin/../lib/gcc/arm-none-eabi/10.3.1/../../../../arm-none-eabi/lib/thumb/v7-m/nofp\libc.a
END GROUP
LOAD c:/progra~2/gnuarm~1/102021~1.10/bin/../lib/gcc/arm-none-eabi/10.3.1/thumb/v7-m/nofp/crtend.o
LOAD c:/progra~2/gnuarm~1/102021~1.10/bin/../lib/gcc/arm-none-eabi/10.3.1/thumb/v7-m/nofp/crtn.o
                0x20005000                _estack = (ORIGIN (RAM) + LENGTH (RAM))
                0x00000200                _Min_Heap_Size = 0x200
                0x00000400                _Min_Stack_Size = 0x400

.isr_vector     0x08000000      0x10c
                0x08000000                . = ALIGN (0x4)
 *(.isr_vector)
 .isr_vector    0x08000000      0x10c CMakeFiles/USB2CAN.elf.dir/Core/Startup/startup_stm32f103cbtx.s.obj
                0x08000000                g_pfnVectors
                0x0800010c                . = ALIGN (0x4)

.text           0x0800010c     0x4054
                0x0800010c                . = ALIGN (0x4)
 *(.text)
 .text          0x0800010c       0x40 c:/progra~2/gnuarm~1/102021~1.10/bin/../lib/gcc/arm-none-eabi/10.3.1/thumb/v7-m/nofp/crtbegin.o
 *(.text*)
 .text.MX_GPIO_Init
                0x0800014c       0xb8 CMakeFiles/USB2CAN.elf.dir/Core/Src/main.c.obj
 .text.Error_Handler
                0x08000204        0x4 CMakeFiles/USB2CAN.elf.dir/Core/Src/main.c.obj
                0x08000204                Error_Handler
 .text.SystemClock_Config
                0x08000208       0x88 CMakeFiles/USB2CAN.elf.dir/Core/Src/main.c.obj
                0x08000208                SystemClock_Config
 .text.main     0x08000290       0x48 CMakeFiles/USB2CAN.elf.dir/Core/Src/main.c.obj
                0x08000290                main
 .text.HAL_MspInit
                0x080002d8       0x30 CMakeFiles/USB2CAN.elf.dir/Core/Src/stm32f1xx_hal_msp.c.obj
                0x080002d8                HAL_MspInit
 .text.NMI_Handler
                0x08000308        0x2 CMakeFiles/USB2CAN.elf.dir/Core/Src/stm32f1xx_it.c.obj
                0x08000308                NMI_Handler
 .text.HardFault_Handler
                0x0800030a        0x2 CMakeFiles/USB2CAN.elf.dir/Core/Src/stm32f1xx_it.c.obj
                0x0800030a                HardFault_Handler
 .text.MemManage_Handler
                0x0800030c        0x2 CMakeFiles/USB2CAN.elf.dir/Core/Src/stm32f1xx_it.c.obj
                0x0800030c                MemManage_Handler
 .text.BusFault_Handler
                0x0800030e        0x2 CMakeFiles/USB2CAN.elf.dir/Core/Src/stm32f1xx_it.c.obj
                0x0800030e                BusFault_Handler
 .text.UsageFault_Handler
                0x08000310        0x2 CMakeFiles/USB2CAN.elf.dir/Core/Src/stm32f1xx_it.c.obj
                0x08000310                UsageFault_Handler
 .text.SVC_Handler
                0x08000312        0x2 CMakeFiles/USB2CAN.elf.dir/Core/Src/stm32f1xx_it.c.obj
                0x08000312                SVC_Handler
 .text.DebugMon_Handler
                0x08000314        0x2 CMakeFiles/USB2CAN.elf.dir/Core/Src/stm32f1xx_it.c.obj
                0x08000314                DebugMon_Handler
 .text.PendSV_Handler
                0x08000316        0x2 CMakeFiles/USB2CAN.elf.dir/Core/Src/stm32f1xx_it.c.obj
                0x08000316                PendSV_Handler
 .text.SysTick_Handler
                0x08000318        0x8 CMakeFiles/USB2CAN.elf.dir/Core/Src/stm32f1xx_it.c.obj
                0x08000318                SysTick_Handler
 .text.USB_LP_CAN1_RX0_IRQHandler
                0x08000320       0x10 CMakeFiles/USB2CAN.elf.dir/Core/Src/stm32f1xx_it.c.obj
                0x08000320                USB_LP_CAN1_RX0_IRQHandler
 .text.SystemInit
                0x08000330        0x2 CMakeFiles/USB2CAN.elf.dir/Core/Src/system_stm32f1xx.c.obj
                0x08000330                SystemInit
 *fill*         0x08000332        0x2 
 .text.Reset_Handler
                0x08000334       0x48 CMakeFiles/USB2CAN.elf.dir/Core/Startup/startup_stm32f103cbtx.s.obj
                0x08000334                Reset_Handler
 .text.Default_Handler
                0x0800037c        0x2 CMakeFiles/USB2CAN.elf.dir/Core/Startup/startup_stm32f103cbtx.s.obj
                0x0800037c                RTC_Alarm_IRQHandler
                0x0800037c                EXTI2_IRQHandler
                0x0800037c                TIM1_CC_IRQHandler
                0x0800037c                PVD_IRQHandler
                0x0800037c                EXTI3_IRQHandler
                0x0800037c                EXTI0_IRQHandler
                0x0800037c                I2C2_EV_IRQHandler
                0x0800037c                ADC1_2_IRQHandler
                0x0800037c                SPI1_IRQHandler
                0x0800037c                TAMPER_IRQHandler
                0x0800037c                DMA1_Channel4_IRQHandler
                0x0800037c                USART3_IRQHandler
                0x0800037c                RTC_IRQHandler
                0x0800037c                DMA1_Channel7_IRQHandler
                0x0800037c                CAN1_RX1_IRQHandler
                0x0800037c                TIM4_IRQHandler
                0x0800037c                I2C1_EV_IRQHandler
                0x0800037c                DMA1_Channel6_IRQHandler
                0x0800037c                TIM3_IRQHandler
                0x0800037c                RCC_IRQHandler
                0x0800037c                TIM1_TRG_COM_IRQHandler
                0x0800037c                DMA1_Channel1_IRQHandler
                0x0800037c                Default_Handler
                0x0800037c                EXTI15_10_IRQHandler
                0x0800037c                EXTI9_5_IRQHandler
                0x0800037c                SPI2_IRQHandler
                0x0800037c                DMA1_Channel5_IRQHandler
                0x0800037c                EXTI4_IRQHandler
                0x0800037c                USB_HP_CAN1_TX_IRQHandler
                0x0800037c                DMA1_Channel3_IRQHandler
                0x0800037c                TIM1_UP_IRQHandler
                0x0800037c                WWDG_IRQHandler
                0x0800037c                TIM2_IRQHandler
                0x0800037c                TIM1_BRK_IRQHandler
                0x0800037c                EXTI1_IRQHandler
                0x0800037c                USART2_IRQHandler
                0x0800037c                I2C2_ER_IRQHandler
                0x0800037c                DMA1_Channel2_IRQHandler
                0x0800037c                CAN1_SCE_IRQHandler
                0x0800037c                FLASH_IRQHandler
                0x0800037c                USART1_IRQHandler
                0x0800037c                I2C1_ER_IRQHandler
                0x0800037c                USBWakeUp_IRQHandler
 *fill*         0x0800037e        0x2 
 .text.HAL_InitTick
                0x08000380       0x4c CMakeFiles/USB2CAN.elf.dir/Drivers/STM32F1xx_HAL_Driver/Src/stm32f1xx_hal.c.obj
                0x08000380                HAL_InitTick
 .text.HAL_Init
                0x080003cc       0x24 CMakeFiles/USB2CAN.elf.dir/Drivers/STM32F1xx_HAL_Driver/Src/stm32f1xx_hal.c.obj
                0x080003cc                HAL_Init
 .text.HAL_IncTick
                0x080003f0       0x18 CMakeFiles/USB2CAN.elf.dir/Drivers/STM32F1xx_HAL_Driver/Src/stm32f1xx_hal.c.obj
                0x080003f0                HAL_IncTick
 .text.HAL_GetTick
                0x08000408        0xc CMakeFiles/USB2CAN.elf.dir/Drivers/STM32F1xx_HAL_Driver/Src/stm32f1xx_hal.c.obj
                0x08000408                HAL_GetTick
 .text.HAL_NVIC_SetPriorityGrouping
                0x08000414       0x24 CMakeFiles/USB2CAN.elf.dir/Drivers/STM32F1xx_HAL_Driver/Src/stm32f1xx_hal_cortex.c.obj
                0x08000414                HAL_NVIC_SetPriorityGrouping
 .text.HAL_NVIC_SetPriority
                0x08000438       0x70 CMakeFiles/USB2CAN.elf.dir/Drivers/STM32F1xx_HAL_Driver/Src/stm32f1xx_hal_cortex.c.obj
                0x08000438                HAL_NVIC_SetPriority
 .text.HAL_NVIC_EnableIRQ
                0x080004a8       0x1c CMakeFiles/USB2CAN.elf.dir/Drivers/STM32F1xx_HAL_Driver/Src/stm32f1xx_hal_cortex.c.obj
                0x080004a8                HAL_NVIC_EnableIRQ
 .text.HAL_SYSTICK_Config
                0x080004c4       0x28 CMakeFiles/USB2CAN.elf.dir/Drivers/STM32F1xx_HAL_Driver/Src/stm32f1xx_hal_cortex.c.obj
                0x080004c4                HAL_SYSTICK_Config
 .text.HAL_GPIO_Init
                0x080004ec      0x224 CMakeFiles/USB2CAN.elf.dir/Drivers/STM32F1xx_HAL_Driver/Src/stm32f1xx_hal_gpio.c.obj
                0x080004ec                HAL_GPIO_Init
 .text.HAL_GPIO_WritePin
                0x08000710        0xc CMakeFiles/USB2CAN.elf.dir/Drivers/STM32F1xx_HAL_Driver/Src/stm32f1xx_hal_gpio.c.obj
                0x08000710                HAL_GPIO_WritePin
 .text.HAL_GPIO_TogglePin
                0x0800071c       0x12 CMakeFiles/USB2CAN.elf.dir/Drivers/STM32F1xx_HAL_Driver/Src/stm32f1xx_hal_gpio.c.obj
                0x0800071c                HAL_GPIO_TogglePin
 .text.HAL_PCD_EP_DB_Receive
                0x0800072e      0x11c CMakeFiles/USB2CAN.elf.dir/Drivers/STM32F1xx_HAL_Driver/Src/stm32f1xx_hal_pcd.c.obj
 .text.HAL_PCD_Init
                0x0800084a      0x118 CMakeFiles/USB2CAN.elf.dir/Drivers/STM32F1xx_HAL_Driver/Src/stm32f1xx_hal_pcd.c.obj
                0x0800084a                HAL_PCD_Init
 .text.HAL_PCD_Start
                0x08000962       0x32 CMakeFiles/USB2CAN.elf.dir/Drivers/STM32F1xx_HAL_Driver/Src/stm32f1xx_hal_pcd.c.obj
                0x08000962                HAL_PCD_Start
 .text.HAL_PCD_EP_DB_Transmit
                0x08000994      0x420 CMakeFiles/USB2CAN.elf.dir/Drivers/STM32F1xx_HAL_Driver/Src/stm32f1xx_hal_pcd.c.obj
 .text.PCD_EP_ISR_Handler
                0x08000db4      0x438 CMakeFiles/USB2CAN.elf.dir/Drivers/STM32F1xx_HAL_Driver/Src/stm32f1xx_hal_pcd.c.obj
 .text.HAL_PCD_SetAddress
                0x080011ec       0x28 CMakeFiles/USB2CAN.elf.dir/Drivers/STM32F1xx_HAL_Driver/Src/stm32f1xx_hal_pcd.c.obj
                0x080011ec                HAL_PCD_SetAddress
 .text.HAL_PCD_IRQHandler
                0x08001214      0x1d4 CMakeFiles/USB2CAN.elf.dir/Drivers/STM32F1xx_HAL_Driver/Src/stm32f1xx_hal_pcd.c.obj
                0x08001214                HAL_PCD_IRQHandler
 .text.HAL_PCD_EP_Open
                0x080013e8       0x84 CMakeFiles/USB2CAN.elf.dir/Drivers/STM32F1xx_HAL_Driver/Src/stm32f1xx_hal_pcd.c.obj
                0x080013e8                HAL_PCD_EP_Open
 .text.HAL_PCD_EP_Close
                0x0800146c       0x64 CMakeFiles/USB2CAN.elf.dir/Drivers/STM32F1xx_HAL_Driver/Src/stm32f1xx_hal_pcd.c.obj
                0x0800146c                HAL_PCD_EP_Close
 .text.HAL_PCD_EP_Receive
                0x080014d0       0x44 CMakeFiles/USB2CAN.elf.dir/Drivers/STM32F1xx_HAL_Driver/Src/stm32f1xx_hal_pcd.c.obj
                0x080014d0                HAL_PCD_EP_Receive
 .text.HAL_PCD_EP_GetRxCount
                0x08001514       0x12 CMakeFiles/USB2CAN.elf.dir/Drivers/STM32F1xx_HAL_Driver/Src/stm32f1xx_hal_pcd.c.obj
                0x08001514                HAL_PCD_EP_GetRxCount
 .text.HAL_PCD_EP_Transmit
                0x08001526       0x50 CMakeFiles/USB2CAN.elf.dir/Drivers/STM32F1xx_HAL_Driver/Src/stm32f1xx_hal_pcd.c.obj
                0x08001526                HAL_PCD_EP_Transmit
 .text.HAL_PCD_EP_SetStall
                0x08001576       0x78 CMakeFiles/USB2CAN.elf.dir/Drivers/STM32F1xx_HAL_Driver/Src/stm32f1xx_hal_pcd.c.obj
                0x08001576                HAL_PCD_EP_SetStall
 .text.HAL_PCD_EP_ClrStall
                0x080015ee       0x76 CMakeFiles/USB2CAN.elf.dir/Drivers/STM32F1xx_HAL_Driver/Src/stm32f1xx_hal_pcd.c.obj
                0x080015ee                HAL_PCD_EP_ClrStall
 .text.HAL_PCDEx_PMAConfig
                0x08001664       0x38 CMakeFiles/USB2CAN.elf.dir/Drivers/STM32F1xx_HAL_Driver/Src/stm32f1xx_hal_pcd_ex.c.obj
                0x08001664                HAL_PCDEx_PMAConfig
 .text.RCC_Delay
                0x0800169c       0x2c CMakeFiles/USB2CAN.elf.dir/Drivers/STM32F1xx_HAL_Driver/Src/stm32f1xx_hal_rcc.c.obj
 .text.HAL_RCC_OscConfig
                0x080016c8      0x410 CMakeFiles/USB2CAN.elf.dir/Drivers/STM32F1xx_HAL_Driver/Src/stm32f1xx_hal_rcc.c.obj
                0x080016c8                HAL_RCC_OscConfig
 .text.HAL_RCC_GetSysClockFreq
                0x08001ad8       0x7c CMakeFiles/USB2CAN.elf.dir/Drivers/STM32F1xx_HAL_Driver/Src/stm32f1xx_hal_rcc.c.obj
                0x08001ad8                HAL_RCC_GetSysClockFreq
 .text.HAL_RCC_ClockConfig
                0x08001b54      0x16c CMakeFiles/USB2CAN.elf.dir/Drivers/STM32F1xx_HAL_Driver/Src/stm32f1xx_hal_rcc.c.obj
                0x08001b54                HAL_RCC_ClockConfig
 .text.HAL_RCCEx_PeriphCLKConfig
                0x08001cc0      0x118 CMakeFiles/USB2CAN.elf.dir/Drivers/STM32F1xx_HAL_Driver/Src/stm32f1xx_hal_rcc_ex.c.obj
                0x08001cc0                HAL_RCCEx_PeriphCLKConfig
 .text.USB_CoreInit
                0x08001dd8        0xe CMakeFiles/USB2CAN.elf.dir/Drivers/STM32F1xx_HAL_Driver/Src/stm32f1xx_ll_usb.c.obj
                0x08001dd8                USB_CoreInit
 .text.USB_EnableGlobalInt
                0x08001de6       0x12 CMakeFiles/USB2CAN.elf.dir/Drivers/STM32F1xx_HAL_Driver/Src/stm32f1xx_ll_usb.c.obj
                0x08001de6                USB_EnableGlobalInt
 .text.USB_DisableGlobalInt
                0x08001df8       0x14 CMakeFiles/USB2CAN.elf.dir/Drivers/STM32F1xx_HAL_Driver/Src/stm32f1xx_ll_usb.c.obj
                0x08001df8                USB_DisableGlobalInt
 .text.USB_SetCurrentMode
                0x08001e0c        0x4 CMakeFiles/USB2CAN.elf.dir/Drivers/STM32F1xx_HAL_Driver/Src/stm32f1xx_ll_usb.c.obj
                0x08001e0c                USB_SetCurrentMode
 .text.USB_DevInit
                0x08001e10       0x22 CMakeFiles/USB2CAN.elf.dir/Drivers/STM32F1xx_HAL_Driver/Src/stm32f1xx_ll_usb.c.obj
                0x08001e10                USB_DevInit
 .text.USB_ActivateEndpoint
                0x08001e32      0x378 CMakeFiles/USB2CAN.elf.dir/Drivers/STM32F1xx_HAL_Driver/Src/stm32f1xx_ll_usb.c.obj
                0x08001e32                USB_ActivateEndpoint
 .text.USB_DeactivateEndpoint
                0x080021aa      0x1d6 CMakeFiles/USB2CAN.elf.dir/Drivers/STM32F1xx_HAL_Driver/Src/stm32f1xx_ll_usb.c.obj
                0x080021aa                USB_DeactivateEndpoint
 .text.USB_EPSetStall
                0x08002380       0x4a CMakeFiles/USB2CAN.elf.dir/Drivers/STM32F1xx_HAL_Driver/Src/stm32f1xx_ll_usb.c.obj
                0x08002380                USB_EPSetStall
 .text.USB_EPClearStall
                0x080023ca       0xa2 CMakeFiles/USB2CAN.elf.dir/Drivers/STM32F1xx_HAL_Driver/Src/stm32f1xx_ll_usb.c.obj
                0x080023ca                USB_EPClearStall
 .text.USB_SetDevAddress
                0x0800246c        0xc CMakeFiles/USB2CAN.elf.dir/Drivers/STM32F1xx_HAL_Driver/Src/stm32f1xx_ll_usb.c.obj
                0x0800246c                USB_SetDevAddress
 .text.USB_DevConnect
                0x08002478        0x4 CMakeFiles/USB2CAN.elf.dir/Drivers/STM32F1xx_HAL_Driver/Src/stm32f1xx_ll_usb.c.obj
                0x08002478                USB_DevConnect
 .text.USB_DevDisconnect
                0x0800247c        0x4 CMakeFiles/USB2CAN.elf.dir/Drivers/STM32F1xx_HAL_Driver/Src/stm32f1xx_ll_usb.c.obj
                0x0800247c                USB_DevDisconnect
 .text.USB_ReadInterrupts
                0x08002480        0x8 CMakeFiles/USB2CAN.elf.dir/Drivers/STM32F1xx_HAL_Driver/Src/stm32f1xx_ll_usb.c.obj
                0x08002480                USB_ReadInterrupts
 .text.USB_EP0_OutStart
                0x08002488        0x4 CMakeFiles/USB2CAN.elf.dir/Drivers/STM32F1xx_HAL_Driver/Src/stm32f1xx_ll_usb.c.obj
                0x08002488                USB_EP0_OutStart
 .text.USB_WritePMA
                0x0800248c       0x28 CMakeFiles/USB2CAN.elf.dir/Drivers/STM32F1xx_HAL_Driver/Src/stm32f1xx_ll_usb.c.obj
                0x0800248c                USB_WritePMA
 .text.USB_EPStartXfer
                0x080024b4      0x8b2 CMakeFiles/USB2CAN.elf.dir/Drivers/STM32F1xx_HAL_Driver/Src/stm32f1xx_ll_usb.c.obj
                0x080024b4                USB_EPStartXfer
 .text.USB_ReadPMA
                0x08002d66       0x30 CMakeFiles/USB2CAN.elf.dir/Drivers/STM32F1xx_HAL_Driver/Src/stm32f1xx_ll_usb.c.obj
                0x08002d66                USB_ReadPMA
 .text.USBD_CDC_EP0_RxReady
                0x08002d96       0x28 CMakeFiles/USB2CAN.elf.dir/Middlewares/ST/STM32_USB_Device_Library/Class/CDC/Src/usbd_cdc.c.obj
 *fill*         0x08002dbe        0x2 
 .text.USBD_CDC_GetFSCfgDesc
                0x08002dc0        0xc CMakeFiles/USB2CAN.elf.dir/Middlewares/ST/STM32_USB_Device_Library/Class/CDC/Src/usbd_cdc.c.obj
 .text.USBD_CDC_GetHSCfgDesc
                0x08002dcc        0xc CMakeFiles/USB2CAN.elf.dir/Middlewares/ST/STM32_USB_Device_Library/Class/CDC/Src/usbd_cdc.c.obj
 .text.USBD_CDC_GetOtherSpeedCfgDesc
                0x08002dd8        0xc CMakeFiles/USB2CAN.elf.dir/Middlewares/ST/STM32_USB_Device_Library/Class/CDC/Src/usbd_cdc.c.obj
 .text.USBD_CDC_GetDeviceQualifierDescriptor
                0x08002de4        0xc CMakeFiles/USB2CAN.elf.dir/Middlewares/ST/STM32_USB_Device_Library/Class/CDC/Src/usbd_cdc.c.obj
                0x08002de4                USBD_CDC_GetDeviceQualifierDescriptor
 .text.USBD_CDC_DataOut
                0x08002df0       0x2e CMakeFiles/USB2CAN.elf.dir/Middlewares/ST/STM32_USB_Device_Library/Class/CDC/Src/usbd_cdc.c.obj
 .text.USBD_CDC_DataIn
                0x08002e1e       0x4e CMakeFiles/USB2CAN.elf.dir/Middlewares/ST/STM32_USB_Device_Library/Class/CDC/Src/usbd_cdc.c.obj
 .text.USBD_CDC_Setup
                0x08002e6c       0xd6 CMakeFiles/USB2CAN.elf.dir/Middlewares/ST/STM32_USB_Device_Library/Class/CDC/Src/usbd_cdc.c.obj
 .text.USBD_CDC_DeInit
                0x08002f42       0x42 CMakeFiles/USB2CAN.elf.dir/Middlewares/ST/STM32_USB_Device_Library/Class/CDC/Src/usbd_cdc.c.obj
 .text.USBD_CDC_Init
                0x08002f84       0xaa CMakeFiles/USB2CAN.elf.dir/Middlewares/ST/STM32_USB_Device_Library/Class/CDC/Src/usbd_cdc.c.obj
 .text.USBD_CDC_RegisterInterface
                0x0800302e        0xe CMakeFiles/USB2CAN.elf.dir/Middlewares/ST/STM32_USB_Device_Library/Class/CDC/Src/usbd_cdc.c.obj
                0x0800302e                USBD_CDC_RegisterInterface
 .text.USBD_CDC_SetTxBuffer
                0x0800303c       0x10 CMakeFiles/USB2CAN.elf.dir/Middlewares/ST/STM32_USB_Device_Library/Class/CDC/Src/usbd_cdc.c.obj
                0x0800303c                USBD_CDC_SetTxBuffer
 .text.USBD_CDC_SetRxBuffer
                0x0800304c        0xc CMakeFiles/USB2CAN.elf.dir/Middlewares/ST/STM32_USB_Device_Library/Class/CDC/Src/usbd_cdc.c.obj
                0x0800304c                USBD_CDC_SetRxBuffer
 .text.USBD_CDC_TransmitPacket
                0x08003058       0x34 CMakeFiles/USB2CAN.elf.dir/Middlewares/ST/STM32_USB_Device_Library/Class/CDC/Src/usbd_cdc.c.obj
                0x08003058                USBD_CDC_TransmitPacket
 .text.USBD_CDC_ReceivePacket
                0x0800308c       0x30 CMakeFiles/USB2CAN.elf.dir/Middlewares/ST/STM32_USB_Device_Library/Class/CDC/Src/usbd_cdc.c.obj
                0x0800308c                USBD_CDC_ReceivePacket
 .text.USBD_Init
                0x080030bc       0x2e CMakeFiles/USB2CAN.elf.dir/Middlewares/ST/STM32_USB_Device_Library/Core/Src/usbd_core.c.obj
                0x080030bc                USBD_Init
 .text.USBD_RegisterClass
                0x080030ea        0xe CMakeFiles/USB2CAN.elf.dir/Middlewares/ST/STM32_USB_Device_Library/Core/Src/usbd_core.c.obj
                0x080030ea                USBD_RegisterClass
 .text.USBD_Start
                0x080030f8        0xa CMakeFiles/USB2CAN.elf.dir/Middlewares/ST/STM32_USB_Device_Library/Core/Src/usbd_core.c.obj
                0x080030f8                USBD_Start
 .text.USBD_SetClassConfig
                0x08003102       0x18 CMakeFiles/USB2CAN.elf.dir/Middlewares/ST/STM32_USB_Device_Library/Core/Src/usbd_core.c.obj
                0x08003102                USBD_SetClassConfig
 .text.USBD_ClrClassConfig
                0x0800311a        0xe CMakeFiles/USB2CAN.elf.dir/Middlewares/ST/STM32_USB_Device_Library/Core/Src/usbd_core.c.obj
                0x0800311a                USBD_ClrClassConfig
 .text.USBD_LL_SetupStage
                0x08003128       0x5a CMakeFiles/USB2CAN.elf.dir/Middlewares/ST/STM32_USB_Device_Library/Core/Src/usbd_core.c.obj
                0x08003128                USBD_LL_SetupStage
 .text.USBD_LL_DataOutStage
                0x08003182       0x8c CMakeFiles/USB2CAN.elf.dir/Middlewares/ST/STM32_USB_Device_Library/Core/Src/usbd_core.c.obj
                0x08003182                USBD_LL_DataOutStage
 .text.USBD_LL_DataInStage
                0x0800320e       0xd0 CMakeFiles/USB2CAN.elf.dir/Middlewares/ST/STM32_USB_Device_Library/Core/Src/usbd_core.c.obj
                0x0800320e                USBD_LL_DataInStage
 .text.USBD_LL_Reset
                0x080032de       0x50 CMakeFiles/USB2CAN.elf.dir/Middlewares/ST/STM32_USB_Device_Library/Core/Src/usbd_core.c.obj
                0x080032de                USBD_LL_Reset
 .text.USBD_LL_SetSpeed
                0x0800332e        0x6 CMakeFiles/USB2CAN.elf.dir/Middlewares/ST/STM32_USB_Device_Library/Core/Src/usbd_core.c.obj
                0x0800332e                USBD_LL_SetSpeed
 .text.USBD_LL_Suspend
                0x08003334       0x12 CMakeFiles/USB2CAN.elf.dir/Middlewares/ST/STM32_USB_Device_Library/Core/Src/usbd_core.c.obj
                0x08003334                USBD_LL_Suspend
 .text.USBD_LL_Resume
                0x08003346       0x16 CMakeFiles/USB2CAN.elf.dir/Middlewares/ST/STM32_USB_Device_Library/Core/Src/usbd_core.c.obj
                0x08003346                USBD_LL_Resume
 .text.USBD_LL_SOF
                0x0800335c       0x1c CMakeFiles/USB2CAN.elf.dir/Middlewares/ST/STM32_USB_Device_Library/Core/Src/usbd_core.c.obj
                0x0800335c                USBD_LL_SOF
 .text.USBD_GetLen
                0x08003378       0x14 CMakeFiles/USB2CAN.elf.dir/Middlewares/ST/STM32_USB_Device_Library/Core/Src/usbd_ctlreq.c.obj
 .text.USBD_SetFeature
                0x0800338c       0x14 CMakeFiles/USB2CAN.elf.dir/Middlewares/ST/STM32_USB_Device_Library/Core/Src/usbd_ctlreq.c.obj
 .text.USBD_ParseSetupRequest
                0x080033a0       0x28 CMakeFiles/USB2CAN.elf.dir/Middlewares/ST/STM32_USB_Device_Library/Core/Src/usbd_ctlreq.c.obj
                0x080033a0                USBD_ParseSetupRequest
 .text.USBD_CtlError
                0x080033c8       0x14 CMakeFiles/USB2CAN.elf.dir/Middlewares/ST/STM32_USB_Device_Library/Core/Src/usbd_ctlreq.c.obj
                0x080033c8                USBD_CtlError
 .text.USBD_GetDescriptor
                0x080033dc      0x186 CMakeFiles/USB2CAN.elf.dir/Middlewares/ST/STM32_USB_Device_Library/Core/Src/usbd_ctlreq.c.obj
 .text.USBD_SetAddress
                0x08003562       0x4e CMakeFiles/USB2CAN.elf.dir/Middlewares/ST/STM32_USB_Device_Library/Core/Src/usbd_ctlreq.c.obj
 .text.USBD_SetConfig
                0x080035b0       0xb0 CMakeFiles/USB2CAN.elf.dir/Middlewares/ST/STM32_USB_Device_Library/Core/Src/usbd_ctlreq.c.obj
 .text.USBD_GetConfig
                0x08003660       0x3e CMakeFiles/USB2CAN.elf.dir/Middlewares/ST/STM32_USB_Device_Library/Core/Src/usbd_ctlreq.c.obj
 .text.USBD_GetStatus
                0x0800369e       0x38 CMakeFiles/USB2CAN.elf.dir/Middlewares/ST/STM32_USB_Device_Library/Core/Src/usbd_ctlreq.c.obj
 .text.USBD_ClrFeature
                0x080036d6       0x26 CMakeFiles/USB2CAN.elf.dir/Middlewares/ST/STM32_USB_Device_Library/Core/Src/usbd_ctlreq.c.obj
 .text.USBD_StdDevReq
                0x080036fc       0x68 CMakeFiles/USB2CAN.elf.dir/Middlewares/ST/STM32_USB_Device_Library/Core/Src/usbd_ctlreq.c.obj
                0x080036fc                USBD_StdDevReq
 .text.USBD_StdItfReq
                0x08003764       0x60 CMakeFiles/USB2CAN.elf.dir/Middlewares/ST/STM32_USB_Device_Library/Core/Src/usbd_ctlreq.c.obj
                0x08003764                USBD_StdItfReq
 .text.USBD_StdEPReq
                0x080037c4      0x1e2 CMakeFiles/USB2CAN.elf.dir/Middlewares/ST/STM32_USB_Device_Library/Core/Src/usbd_ctlreq.c.obj
                0x080037c4                USBD_StdEPReq
 .text.USBD_GetString
                0x080039a6       0x3a CMakeFiles/USB2CAN.elf.dir/Middlewares/ST/STM32_USB_Device_Library/Core/Src/usbd_ctlreq.c.obj
                0x080039a6                USBD_GetString
 .text.USBD_CtlSendData
                0x080039e0       0x1a CMakeFiles/USB2CAN.elf.dir/Middlewares/ST/STM32_USB_Device_Library/Core/Src/usbd_ioreq.c.obj
                0x080039e0                USBD_CtlSendData
 .text.USBD_CtlContinueSendData
                0x080039fa       0x10 CMakeFiles/USB2CAN.elf.dir/Middlewares/ST/STM32_USB_Device_Library/Core/Src/usbd_ioreq.c.obj
                0x080039fa                USBD_CtlContinueSendData
 .text.USBD_CtlPrepareRx
                0x08003a0a       0x1e CMakeFiles/USB2CAN.elf.dir/Middlewares/ST/STM32_USB_Device_Library/Core/Src/usbd_ioreq.c.obj
                0x08003a0a                USBD_CtlPrepareRx
 .text.USBD_CtlContinueRx
                0x08003a28       0x10 CMakeFiles/USB2CAN.elf.dir/Middlewares/ST/STM32_USB_Device_Library/Core/Src/usbd_ioreq.c.obj
                0x08003a28                USBD_CtlContinueRx
 .text.USBD_CtlSendStatus
                0x08003a38       0x16 CMakeFiles/USB2CAN.elf.dir/Middlewares/ST/STM32_USB_Device_Library/Core/Src/usbd_ioreq.c.obj
                0x08003a38                USBD_CtlSendStatus
 .text.USBD_CtlReceiveStatus
                0x08003a4e       0x16 CMakeFiles/USB2CAN.elf.dir/Middlewares/ST/STM32_USB_Device_Library/Core/Src/usbd_ioreq.c.obj
                0x08003a4e                USBD_CtlReceiveStatus
 .text.MX_USB_DEVICE_Init
                0x08003a64       0x54 CMakeFiles/USB2CAN.elf.dir/USB_DEVICE/App/usb_device.c.obj
                0x08003a64                MX_USB_DEVICE_Init
 .text.CDC_DeInit_FS
                0x08003ab8        0x4 CMakeFiles/USB2CAN.elf.dir/USB_DEVICE/App/usbd_cdc_if.c.obj
 .text.CDC_Control_FS
                0x08003abc        0x4 CMakeFiles/USB2CAN.elf.dir/USB_DEVICE/App/usbd_cdc_if.c.obj
 .text.CDC_Receive_FS
                0x08003ac0       0x44 CMakeFiles/USB2CAN.elf.dir/USB_DEVICE/App/usbd_cdc_if.c.obj
 .text.CDC_Init_FS
                0x08003b04       0x28 CMakeFiles/USB2CAN.elf.dir/USB_DEVICE/App/usbd_cdc_if.c.obj
 .text.CDC_Transmit_FS
                0x08003b2c       0x2c CMakeFiles/USB2CAN.elf.dir/USB_DEVICE/App/usbd_cdc_if.c.obj
                0x08003b2c                CDC_Transmit_FS
 .text.USBD_FS_DeviceDescriptor
                0x08003b58        0xc CMakeFiles/USB2CAN.elf.dir/USB_DEVICE/App/usbd_desc.c.obj
                0x08003b58                USBD_FS_DeviceDescriptor
 .text.USBD_FS_LangIDStrDescriptor
                0x08003b64        0xc CMakeFiles/USB2CAN.elf.dir/USB_DEVICE/App/usbd_desc.c.obj
                0x08003b64                USBD_FS_LangIDStrDescriptor
 .text.IntToUnicode
                0x08003b70       0x46 CMakeFiles/USB2CAN.elf.dir/USB_DEVICE/App/usbd_desc.c.obj
 *fill*         0x08003bb6        0x2 
 .text.Get_SerialNum
                0x08003bb8       0x38 CMakeFiles/USB2CAN.elf.dir/USB_DEVICE/App/usbd_desc.c.obj
 .text.USBD_FS_SerialStrDescriptor
                0x08003bf0       0x14 CMakeFiles/USB2CAN.elf.dir/USB_DEVICE/App/usbd_desc.c.obj
                0x08003bf0                USBD_FS_SerialStrDescriptor
 .text.USBD_FS_ProductStrDescriptor
                0x08003c04       0x24 CMakeFiles/USB2CAN.elf.dir/USB_DEVICE/App/usbd_desc.c.obj
                0x08003c04                USBD_FS_ProductStrDescriptor
 .text.USBD_FS_ManufacturerStrDescriptor
                0x08003c28       0x1c CMakeFiles/USB2CAN.elf.dir/USB_DEVICE/App/usbd_desc.c.obj
                0x08003c28                USBD_FS_ManufacturerStrDescriptor
 .text.USBD_FS_ConfigStrDescriptor
                0x08003c44       0x24 CMakeFiles/USB2CAN.elf.dir/USB_DEVICE/App/usbd_desc.c.obj
                0x08003c44                USBD_FS_ConfigStrDescriptor
 .text.USBD_FS_InterfaceStrDescriptor
                0x08003c68       0x24 CMakeFiles/USB2CAN.elf.dir/USB_DEVICE/App/usbd_desc.c.obj
                0x08003c68                USBD_FS_InterfaceStrDescriptor
 .text.USBD_Get_USB_Status
                0x08003c8c       0x14 CMakeFiles/USB2CAN.elf.dir/USB_DEVICE/Target/usbd_conf.c.obj
 .text.HAL_PCD_MspInit
                0x08003ca0       0x40 CMakeFiles/USB2CAN.elf.dir/USB_DEVICE/Target/usbd_conf.c.obj
                0x08003ca0                HAL_PCD_MspInit
 .text.HAL_PCD_SetupStageCallback
                0x08003ce0       0x10 CMakeFiles/USB2CAN.elf.dir/USB_DEVICE/Target/usbd_conf.c.obj
                0x08003ce0                HAL_PCD_SetupStageCallback
 .text.HAL_PCD_DataOutStageCallback
                0x08003cf0       0x18 CMakeFiles/USB2CAN.elf.dir/USB_DEVICE/Target/usbd_conf.c.obj
                0x08003cf0                HAL_PCD_DataOutStageCallback
 .text.HAL_PCD_DataInStageCallback
                0x08003d08       0x16 CMakeFiles/USB2CAN.elf.dir/USB_DEVICE/Target/usbd_conf.c.obj
                0x08003d08                HAL_PCD_DataInStageCallback
 .text.HAL_PCD_SOFCallback
                0x08003d1e        0xc CMakeFiles/USB2CAN.elf.dir/USB_DEVICE/Target/usbd_conf.c.obj
                0x08003d1e                HAL_PCD_SOFCallback
 .text.HAL_PCD_ResetCallback
                0x08003d2a       0x24 CMakeFiles/USB2CAN.elf.dir/USB_DEVICE/Target/usbd_conf.c.obj
                0x08003d2a                HAL_PCD_ResetCallback
 *fill*         0x08003d4e        0x2 
 .text.HAL_PCD_SuspendCallback
                0x08003d50       0x20 CMakeFiles/USB2CAN.elf.dir/USB_DEVICE/Target/usbd_conf.c.obj
                0x08003d50                HAL_PCD_SuspendCallback
 .text.HAL_PCD_ResumeCallback
                0x08003d70        0xc CMakeFiles/USB2CAN.elf.dir/USB_DEVICE/Target/usbd_conf.c.obj
                0x08003d70                HAL_PCD_ResumeCallback
 .text.USBD_LL_Init
                0x08003d7c       0x84 CMakeFiles/USB2CAN.elf.dir/USB_DEVICE/Target/usbd_conf.c.obj
                0x08003d7c                USBD_LL_Init
 .text.USBD_LL_Start
                0x08003e00       0x10 CMakeFiles/USB2CAN.elf.dir/USB_DEVICE/Target/usbd_conf.c.obj
                0x08003e00                USBD_LL_Start
 .text.USBD_LL_OpenEP
                0x08003e10       0x16 CMakeFiles/USB2CAN.elf.dir/USB_DEVICE/Target/usbd_conf.c.obj
                0x08003e10                USBD_LL_OpenEP
 .text.USBD_LL_CloseEP
                0x08003e26       0x10 CMakeFiles/USB2CAN.elf.dir/USB_DEVICE/Target/usbd_conf.c.obj
                0x08003e26                USBD_LL_CloseEP
 .text.USBD_LL_StallEP
                0x08003e36       0x10 CMakeFiles/USB2CAN.elf.dir/USB_DEVICE/Target/usbd_conf.c.obj
                0x08003e36                USBD_LL_StallEP
 .text.USBD_LL_ClearStallEP
                0x08003e46       0x10 CMakeFiles/USB2CAN.elf.dir/USB_DEVICE/Target/usbd_conf.c.obj
                0x08003e46                USBD_LL_ClearStallEP
 .text.USBD_LL_IsStallEP
                0x08003e56       0x2e CMakeFiles/USB2CAN.elf.dir/USB_DEVICE/Target/usbd_conf.c.obj
                0x08003e56                USBD_LL_IsStallEP
 .text.USBD_LL_SetUSBAddress
                0x08003e84       0x10 CMakeFiles/USB2CAN.elf.dir/USB_DEVICE/Target/usbd_conf.c.obj
                0x08003e84                USBD_LL_SetUSBAddress
 .text.USBD_LL_Transmit
                0x08003e94       0x10 CMakeFiles/USB2CAN.elf.dir/USB_DEVICE/Target/usbd_conf.c.obj
                0x08003e94                USBD_LL_Transmit
 .text.USBD_LL_PrepareReceive
                0x08003ea4       0x10 CMakeFiles/USB2CAN.elf.dir/USB_DEVICE/Target/usbd_conf.c.obj
                0x08003ea4                USBD_LL_PrepareReceive
 .text.USBD_LL_GetRxDataSize
                0x08003eb4        0xc CMakeFiles/USB2CAN.elf.dir/USB_DEVICE/Target/usbd_conf.c.obj
                0x08003eb4                USBD_LL_GetRxDataSize
 .text.USBD_static_malloc
                0x08003ec0        0x8 CMakeFiles/USB2CAN.elf.dir/USB_DEVICE/Target/usbd_conf.c.obj
                0x08003ec0                USBD_static_malloc
 .text.USBD_static_free
                0x08003ec8        0x2 CMakeFiles/USB2CAN.elf.dir/USB_DEVICE/Target/usbd_conf.c.obj
                0x08003ec8                USBD_static_free
 .text.HAL_PCDEx_SetConnectionState
                0x08003eca        0x2 CMakeFiles/USB2CAN.elf.dir/USB_DEVICE/Target/usbd_conf.c.obj
                0x08003eca                HAL_PCDEx_SetConnectionState
 .text.__libc_init_array
                0x08003ecc       0x48 c:/progra~2/gnuarm~1/102021~1.10/bin/../lib/gcc/arm-none-eabi/10.3.1/../../../../arm-none-eabi/lib/thumb/v7-m/nofp\libg.a(lib_a-init.o)
                0x08003ecc                __libc_init_array
 .text.memset   0x08003f14       0xa4 c:/progra~2/gnuarm~1/102021~1.10/bin/../lib/gcc/arm-none-eabi/10.3.1/../../../../arm-none-eabi/lib/thumb/v7-m/nofp\libg.a(lib_a-memset.o)
                0x08003f14                memset
 .text.strlcpy  0x08003fb8       0x54 c:/progra~2/gnuarm~1/102021~1.10/bin/../lib/gcc/arm-none-eabi/10.3.1/../../../../arm-none-eabi/lib/thumb/v7-m/nofp\libg.a(lib_a-strlcpy.o)
                0x08003fb8                strlcpy
 .text.strlen   0x0800400c       0x5c c:/progra~2/gnuarm~1/102021~1.10/bin/../lib/gcc/arm-none-eabi/10.3.1/../../../../arm-none-eabi/lib/thumb/v7-m/nofp\libg.a(lib_a-strlen-stub.o)
                0x0800400c                strlen
 .text.startup.register_fini
                0x08004068       0x14 c:/progra~2/gnuarm~1/102021~1.10/bin/../lib/gcc/arm-none-eabi/10.3.1/../../../../arm-none-eabi/lib/thumb/v7-m/nofp\libg.a(lib_a-__call_atexit.o)
 .text.atexit   0x0800407c        0xc c:/progra~2/gnuarm~1/102021~1.10/bin/../lib/gcc/arm-none-eabi/10.3.1/../../../../arm-none-eabi/lib/thumb/v7-m/nofp\libg.a(lib_a-atexit.o)
                0x0800407c                atexit
 .text.__libc_fini_array
                0x08004088       0x2c c:/progra~2/gnuarm~1/102021~1.10/bin/../lib/gcc/arm-none-eabi/10.3.1/../../../../arm-none-eabi/lib/thumb/v7-m/nofp\libg.a(lib_a-fini.o)
                0x08004088                __libc_fini_array
 .text.__retarget_lock_acquire_recursive
                0x080040b4        0x4 c:/progra~2/gnuarm~1/102021~1.10/bin/../lib/gcc/arm-none-eabi/10.3.1/../../../../arm-none-eabi/lib/thumb/v7-m/nofp\libg.a(lib_a-lock.o)
                0x080040b4                __retarget_lock_acquire_recursive
 .text.__retarget_lock_release_recursive
                0x080040b8        0x4 c:/progra~2/gnuarm~1/102021~1.10/bin/../lib/gcc/arm-none-eabi/10.3.1/../../../../arm-none-eabi/lib/thumb/v7-m/nofp\libg.a(lib_a-lock.o)
                0x080040b8                __retarget_lock_release_recursive
 .text.__register_exitproc
                0x080040bc       0x8c c:/progra~2/gnuarm~1/102021~1.10/bin/../lib/gcc/arm-none-eabi/10.3.1/../../../../arm-none-eabi/lib/thumb/v7-m/nofp\libg.a(lib_a-__atexit.o)
                0x080040bc                __register_exitproc
 *(.glue_7)
 .glue_7        0x08004148        0x0 linker stubs
 *(.glue_7t)
 .glue_7t       0x08004148        0x0 linker stubs
 *(.eh_frame)
 .eh_frame      0x08004148        0x0 c:/progra~2/gnuarm~1/102021~1.10/bin/../lib/gcc/arm-none-eabi/10.3.1/thumb/v7-m/nofp/crtbegin.o
 *(.init)
 .init          0x08004148        0x4 c:/progra~2/gnuarm~1/102021~1.10/bin/../lib/gcc/arm-none-eabi/10.3.1/thumb/v7-m/nofp/crti.o
                0x08004148                _init
 .init          0x0800414c        0x8 c:/progra~2/gnuarm~1/102021~1.10/bin/../lib/gcc/arm-none-eabi/10.3.1/thumb/v7-m/nofp/crtn.o
 *(.fini)
 .fini          0x08004154        0x4 c:/progra~2/gnuarm~1/102021~1.10/bin/../lib/gcc/arm-none-eabi/10.3.1/thumb/v7-m/nofp/crti.o
                0x08004154                _fini
 .fini          0x08004158        0x8 c:/progra~2/gnuarm~1/102021~1.10/bin/../lib/gcc/arm-none-eabi/10.3.1/thumb/v7-m/nofp/crtn.o
                0x08004160                . = ALIGN (0x4)
                0x08004160                _etext = .

.vfp11_veneer   0x08004160        0x0
 .vfp11_veneer  0x08004160        0x0 linker stubs

.v4_bx          0x08004160        0x0
 .v4_bx         0x08004160        0x0 linker stubs

.iplt           0x08004160        0x0
 .iplt          0x08004160        0x0 c:/progra~2/gnuarm~1/102021~1.10/bin/../lib/gcc/arm-none-eabi/10.3.1/thumb/v7-m/nofp/crtbegin.o

.rodata         0x08004160       0x54
                0x08004160                . = ALIGN (0x4)
 *(.rodata)
 *(.rodata*)
 .rodata.AHBPrescTable
                0x08004160       0x10 CMakeFiles/USB2CAN.elf.dir/Core/Src/system_stm32f1xx.c.obj
                0x08004160                AHBPrescTable
 .rodata.HAL_RCC_GetSysClockFreq.str1.4
                0x08004170       0x11 CMakeFiles/USB2CAN.elf.dir/Drivers/STM32F1xx_HAL_Driver/Src/stm32f1xx_hal_rcc.c.obj
 *fill*         0x08004181        0x3 
 .rodata.USBD_FS_ProductStrDescriptor.str1.4
                0x08004184        0x8 CMakeFiles/USB2CAN.elf.dir/USB_DEVICE/App/usbd_desc.c.obj
 .rodata.USBD_FS_ManufacturerStrDescriptor.str1.4
                0x0800418c        0x7 CMakeFiles/USB2CAN.elf.dir/USB_DEVICE/App/usbd_desc.c.obj
 *fill*         0x08004193        0x1 
 .rodata.USBD_FS_ConfigStrDescriptor.str1.4
                0x08004194        0xb CMakeFiles/USB2CAN.elf.dir/USB_DEVICE/App/usbd_desc.c.obj
 *fill*         0x0800419f        0x1 
 .rodata.USBD_FS_InterfaceStrDescriptor.str1.4
                0x080041a0        0xe CMakeFiles/USB2CAN.elf.dir/USB_DEVICE/App/usbd_desc.c.obj
 *fill*         0x080041ae        0x2 
 .rodata._global_impure_ptr
                0x080041b0        0x4 c:/progra~2/gnuarm~1/102021~1.10/bin/../lib/gcc/arm-none-eabi/10.3.1/../../../../arm-none-eabi/lib/thumb/v7-m/nofp\libg.a(lib_a-impure.o)
                0x080041b0                _global_impure_ptr
                0x080041b4                . = ALIGN (0x4)

.rel.dyn        0x080041b4        0x0
 .rel.iplt      0x080041b4        0x0 c:/progra~2/gnuarm~1/102021~1.10/bin/../lib/gcc/arm-none-eabi/10.3.1/thumb/v7-m/nofp/crtbegin.o

.ARM.extab      0x080041b4        0x0
                0x080041b4                . = ALIGN (0x4)
 *(.ARM.extab* .gnu.linkonce.armextab.*)
                0x080041b4                . = ALIGN (0x4)

.ARM            0x080041b4        0x0
                0x080041b4                . = ALIGN (0x4)
                0x080041b4                __exidx_start = .
 *(.ARM.exidx*)
                0x080041b4                __exidx_end = .
                0x080041b4                . = ALIGN (0x4)

.preinit_array  0x080041b4        0x0
                0x080041b4                . = ALIGN (0x4)
                0x080041b4                PROVIDE (__preinit_array_start = .)
 *(.preinit_array*)
                0x080041b4                PROVIDE (__preinit_array_end = .)
                0x080041b4                . = ALIGN (0x4)

.init_array     0x080041b4        0x8
                0x080041b4                . = ALIGN (0x4)
                0x080041b4                PROVIDE (__init_array_start = .)
 *(SORT_BY_NAME(.init_array.*))
 .init_array.00000
                0x080041b4        0x4 c:/progra~2/gnuarm~1/102021~1.10/bin/../lib/gcc/arm-none-eabi/10.3.1/../../../../arm-none-eabi/lib/thumb/v7-m/nofp\libg.a(lib_a-__call_atexit.o)
 *(.init_array*)
 .init_array    0x080041b8        0x4 c:/progra~2/gnuarm~1/102021~1.10/bin/../lib/gcc/arm-none-eabi/10.3.1/thumb/v7-m/nofp/crtbegin.o
                0x080041bc                PROVIDE (__init_array_end = .)
                0x080041bc                . = ALIGN (0x4)

.fini_array     0x080041bc        0x4
                0x080041bc                . = ALIGN (0x4)
                0x080041bc                PROVIDE (__fini_array_start = .)
 *(SORT_BY_NAME(.fini_array.*))
 *(.fini_array*)
 .fini_array    0x080041bc        0x4 c:/progra~2/gnuarm~1/102021~1.10/bin/../lib/gcc/arm-none-eabi/10.3.1/thumb/v7-m/nofp/crtbegin.o
                0x080041c0                PROVIDE (__fini_array_end = .)
                0x080041c0                . = ALIGN (0x4)
                0x080041c0                _sidata = LOADADDR (.data)

.data           0x20000000      0x5ac load address 0x080041c0
                0x20000000                . = ALIGN (0x4)
                0x20000000                _sdata = .
 *(.data)
 *(.data*)
 .data.SystemCoreClock
                0x20000000        0x4 CMakeFiles/USB2CAN.elf.dir/Core/Src/system_stm32f1xx.c.obj
                0x20000000                SystemCoreClock
 .data.uwTickFreq
                0x20000004        0x1 CMakeFiles/USB2CAN.elf.dir/Drivers/STM32F1xx_HAL_Driver/Src/stm32f1xx_hal.c.obj
                0x20000004                uwTickFreq
 *fill*         0x20000005        0x3 
 .data.uwTickPrio
                0x20000008        0x4 CMakeFiles/USB2CAN.elf.dir/Drivers/STM32F1xx_HAL_Driver/Src/stm32f1xx_hal.c.obj
                0x20000008                uwTickPrio
 .data.USBD_CDC
                0x2000000c       0x38 CMakeFiles/USB2CAN.elf.dir/Middlewares/ST/STM32_USB_Device_Library/Class/CDC/Src/usbd_cdc.c.obj
                0x2000000c                USBD_CDC
 .data.USBD_CDC_CfgFSDesc
                0x20000044       0x43 CMakeFiles/USB2CAN.elf.dir/Middlewares/ST/STM32_USB_Device_Library/Class/CDC/Src/usbd_cdc.c.obj
                0x20000044                USBD_CDC_CfgFSDesc
 *fill*         0x20000087        0x1 
 .data.USBD_CDC_CfgHSDesc
                0x20000088       0x43 CMakeFiles/USB2CAN.elf.dir/Middlewares/ST/STM32_USB_Device_Library/Class/CDC/Src/usbd_cdc.c.obj
                0x20000088                USBD_CDC_CfgHSDesc
 *fill*         0x200000cb        0x1 
 .data.USBD_CDC_DeviceQualifierDesc
                0x200000cc        0xa CMakeFiles/USB2CAN.elf.dir/Middlewares/ST/STM32_USB_Device_Library/Class/CDC/Src/usbd_cdc.c.obj
 *fill*         0x200000d6        0x2 
 .data.USBD_CDC_OtherSpeedCfgDesc
                0x200000d8       0x43 CMakeFiles/USB2CAN.elf.dir/Middlewares/ST/STM32_USB_Device_Library/Class/CDC/Src/usbd_cdc.c.obj
                0x200000d8                USBD_CDC_OtherSpeedCfgDesc
 *fill*         0x2000011b        0x1 
 .data.USBD_Interface_fops_FS
                0x2000011c       0x10 CMakeFiles/USB2CAN.elf.dir/USB_DEVICE/App/usbd_cdc_if.c.obj
                0x2000011c                USBD_Interface_fops_FS
 .data.FS_Desc  0x2000012c       0x1c CMakeFiles/USB2CAN.elf.dir/USB_DEVICE/App/usbd_desc.c.obj
                0x2000012c                FS_Desc
 .data.USBD_FS_DeviceDesc
                0x20000148       0x12 CMakeFiles/USB2CAN.elf.dir/USB_DEVICE/App/usbd_desc.c.obj
                0x20000148                USBD_FS_DeviceDesc
 *fill*         0x2000015a        0x2 
 .data.USBD_LangIDDesc
                0x2000015c        0x4 CMakeFiles/USB2CAN.elf.dir/USB_DEVICE/App/usbd_desc.c.obj
                0x2000015c                USBD_LangIDDesc
 .data.USBD_StringSerial
                0x20000160       0x1a CMakeFiles/USB2CAN.elf.dir/USB_DEVICE/App/usbd_desc.c.obj
                0x20000160                USBD_StringSerial
 *fill*         0x2000017a        0x6 
 .data.impure_data
                0x20000180      0x428 c:/progra~2/gnuarm~1/102021~1.10/bin/../lib/gcc/arm-none-eabi/10.3.1/../../../../arm-none-eabi/lib/thumb/v7-m/nofp\libg.a(lib_a-impure.o)
 .data.__atexit_recursive_mutex
                0x200005a8        0x4 c:/progra~2/gnuarm~1/102021~1.10/bin/../lib/gcc/arm-none-eabi/10.3.1/../../../../arm-none-eabi/lib/thumb/v7-m/nofp\libg.a(lib_a-__call_atexit.o)
                0x200005a8                __atexit_recursive_mutex
 *(.RamFunc)
 *(.RamFunc*)
                0x200005ac                . = ALIGN (0x4)
                0x200005ac                _edata = .

.igot.plt       0x200005ac        0x0 load address 0x0800476c
 .igot.plt      0x200005ac        0x0 c:/progra~2/gnuarm~1/102021~1.10/bin/../lib/gcc/arm-none-eabi/10.3.1/thumb/v7-m/nofp/crtbegin.o
                0x200005ac                . = ALIGN (0x4)

.bss            0x200005ac      0xaa4 load address 0x0800476c
                0x200005ac                _sbss = .
                0x200005ac                __bss_start__ = _sbss
 *(.bss)
 .bss           0x200005ac       0x1c c:/progra~2/gnuarm~1/102021~1.10/bin/../lib/gcc/arm-none-eabi/10.3.1/thumb/v7-m/nofp/crtbegin.o
 *(.bss*)
 .bss.USB_ReceiveData
                0x200005c8       0x28 CMakeFiles/USB2CAN.elf.dir/Core/Src/main.c.obj
                0x200005c8                USB_ReceiveData
 .bss.USB_ReceiveDataFlag
                0x200005f0        0x1 CMakeFiles/USB2CAN.elf.dir/Core/Src/main.c.obj
                0x200005f0                USB_ReceiveDataFlag
 *fill*         0x200005f1        0x3 
 .bss.uwTick    0x200005f4        0x4 CMakeFiles/USB2CAN.elf.dir/Drivers/STM32F1xx_HAL_Driver/Src/stm32f1xx_hal.c.obj
                0x200005f4                uwTick
 .bss.cfgidx.0  0x200005f8        0x1 CMakeFiles/USB2CAN.elf.dir/Middlewares/ST/STM32_USB_Device_Library/Core/Src/usbd_ctlreq.c.obj
 *fill*         0x200005f9        0x3 
 .bss.hUsbDeviceFS
                0x200005fc      0x2c4 CMakeFiles/USB2CAN.elf.dir/USB_DEVICE/App/usb_device.c.obj
                0x200005fc                hUsbDeviceFS
 .bss.UserRxBufferFS
                0x200008c0       0x40 CMakeFiles/USB2CAN.elf.dir/USB_DEVICE/App/usbd_cdc_if.c.obj
                0x200008c0                UserRxBufferFS
 .bss.UserTxBufferFS
                0x20000900       0x40 CMakeFiles/USB2CAN.elf.dir/USB_DEVICE/App/usbd_cdc_if.c.obj
                0x20000900                UserTxBufferFS
 .bss.USBD_StrDesc
                0x20000940      0x200 CMakeFiles/USB2CAN.elf.dir/USB_DEVICE/App/usbd_desc.c.obj
                0x20000940                USBD_StrDesc
 .bss.hpcd_USB_FS
                0x20000b40      0x2ec CMakeFiles/USB2CAN.elf.dir/USB_DEVICE/Target/usbd_conf.c.obj
                0x20000b40                hpcd_USB_FS
 .bss.mem.0     0x20000e2c      0x220 CMakeFiles/USB2CAN.elf.dir/USB_DEVICE/Target/usbd_conf.c.obj
 .bss.__lock___atexit_recursive_mutex
                0x2000104c        0x1 c:/progra~2/gnuarm~1/102021~1.10/bin/../lib/gcc/arm-none-eabi/10.3.1/../../../../arm-none-eabi/lib/thumb/v7-m/nofp\libg.a(lib_a-lock.o)
                0x2000104c                __lock___atexit_recursive_mutex
 *(COMMON)
                0x20001050                . = ALIGN (0x4)
 *fill*         0x2000104d        0x3 
                0x20001050                _ebss = .
                0x20001050                __bss_end__ = _ebss

._user_heap_stack
                0x20001050      0x600 load address 0x0800476c
                0x20001050                . = ALIGN (0x8)
                [!provide]                PROVIDE (end = .)
                0x20001050                PROVIDE (_end = .)
                0x20001250                . = (. + _Min_Heap_Size)
 *fill*         0x20001050      0x200 
                0x20001650                . = (. + _Min_Stack_Size)
 *fill*         0x20001250      0x400 
                0x20001650                . = ALIGN (0x8)

/DISCARD/
 libc.a(*)
 libm.a(*)
 libgcc.a(*)

.ARM.attributes
                0x00000000       0x29
 *(.ARM.attributes)
 .ARM.attributes
                0x00000000       0x1d c:/progra~2/gnuarm~1/102021~1.10/bin/../lib/gcc/arm-none-eabi/10.3.1/thumb/v7-m/nofp/crti.o
 .ARM.attributes
                0x0000001d       0x2d c:/progra~2/gnuarm~1/102021~1.10/bin/../lib/gcc/arm-none-eabi/10.3.1/thumb/v7-m/nofp/crtbegin.o
 .ARM.attributes
                0x0000004a       0x2d CMakeFiles/USB2CAN.elf.dir/Core/Src/main.c.obj
 .ARM.attributes
                0x00000077       0x2d CMakeFiles/USB2CAN.elf.dir/Core/Src/stm32f1xx_hal_msp.c.obj
 .ARM.attributes
                0x000000a4       0x2d CMakeFiles/USB2CAN.elf.dir/Core/Src/stm32f1xx_it.c.obj
 .ARM.attributes
                0x000000d1       0x2d CMakeFiles/USB2CAN.elf.dir/Core/Src/system_stm32f1xx.c.obj
 .ARM.attributes
                0x000000fe       0x21 CMakeFiles/USB2CAN.elf.dir/Core/Startup/startup_stm32f103cbtx.s.obj
 .ARM.attributes
                0x0000011f       0x2d CMakeFiles/USB2CAN.elf.dir/Drivers/STM32F1xx_HAL_Driver/Src/stm32f1xx_hal.c.obj
 .ARM.attributes
                0x0000014c       0x2d CMakeFiles/USB2CAN.elf.dir/Drivers/STM32F1xx_HAL_Driver/Src/stm32f1xx_hal_cortex.c.obj
 .ARM.attributes
                0x00000179       0x2d CMakeFiles/USB2CAN.elf.dir/Drivers/STM32F1xx_HAL_Driver/Src/stm32f1xx_hal_gpio.c.obj
 .ARM.attributes
                0x000001a6       0x2d CMakeFiles/USB2CAN.elf.dir/Drivers/STM32F1xx_HAL_Driver/Src/stm32f1xx_hal_pcd.c.obj
 .ARM.attributes
                0x000001d3       0x2d CMakeFiles/USB2CAN.elf.dir/Drivers/STM32F1xx_HAL_Driver/Src/stm32f1xx_hal_pcd_ex.c.obj
 .ARM.attributes
                0x00000200       0x2d CMakeFiles/USB2CAN.elf.dir/Drivers/STM32F1xx_HAL_Driver/Src/stm32f1xx_hal_rcc.c.obj
 .ARM.attributes
                0x0000022d       0x2d CMakeFiles/USB2CAN.elf.dir/Drivers/STM32F1xx_HAL_Driver/Src/stm32f1xx_hal_rcc_ex.c.obj
 .ARM.attributes
                0x0000025a       0x2d CMakeFiles/USB2CAN.elf.dir/Drivers/STM32F1xx_HAL_Driver/Src/stm32f1xx_ll_usb.c.obj
 .ARM.attributes
                0x00000287       0x2d CMakeFiles/USB2CAN.elf.dir/Middlewares/ST/STM32_USB_Device_Library/Class/CDC/Src/usbd_cdc.c.obj
 .ARM.attributes
                0x000002b4       0x2d CMakeFiles/USB2CAN.elf.dir/Middlewares/ST/STM32_USB_Device_Library/Core/Src/usbd_core.c.obj
 .ARM.attributes
                0x000002e1       0x2d CMakeFiles/USB2CAN.elf.dir/Middlewares/ST/STM32_USB_Device_Library/Core/Src/usbd_ctlreq.c.obj
 .ARM.attributes
                0x0000030e       0x2d CMakeFiles/USB2CAN.elf.dir/Middlewares/ST/STM32_USB_Device_Library/Core/Src/usbd_ioreq.c.obj
 .ARM.attributes
                0x0000033b       0x2d CMakeFiles/USB2CAN.elf.dir/USB_DEVICE/App/usb_device.c.obj
 .ARM.attributes
                0x00000368       0x2d CMakeFiles/USB2CAN.elf.dir/USB_DEVICE/App/usbd_cdc_if.c.obj
 .ARM.attributes
                0x00000395       0x2d CMakeFiles/USB2CAN.elf.dir/USB_DEVICE/App/usbd_desc.c.obj
 .ARM.attributes
                0x000003c2       0x2d CMakeFiles/USB2CAN.elf.dir/USB_DEVICE/Target/usbd_conf.c.obj
 .ARM.attributes
                0x000003ef       0x2d c:/progra~2/gnuarm~1/102021~1.10/bin/../lib/gcc/arm-none-eabi/10.3.1/../../../../arm-none-eabi/lib/thumb/v7-m/nofp\libg.a(lib_a-impure.o)
 .ARM.attributes
                0x0000041c       0x2d c:/progra~2/gnuarm~1/102021~1.10/bin/../lib/gcc/arm-none-eabi/10.3.1/../../../../arm-none-eabi/lib/thumb/v7-m/nofp\libg.a(lib_a-init.o)
 .ARM.attributes
                0x00000449       0x2d c:/progra~2/gnuarm~1/102021~1.10/bin/../lib/gcc/arm-none-eabi/10.3.1/../../../../arm-none-eabi/lib/thumb/v7-m/nofp\libg.a(lib_a-memset.o)
 .ARM.attributes
                0x00000476       0x2d c:/progra~2/gnuarm~1/102021~1.10/bin/../lib/gcc/arm-none-eabi/10.3.1/../../../../arm-none-eabi/lib/thumb/v7-m/nofp\libg.a(lib_a-strlcpy.o)
 .ARM.attributes
                0x000004a3       0x2d c:/progra~2/gnuarm~1/102021~1.10/bin/../lib/gcc/arm-none-eabi/10.3.1/../../../../arm-none-eabi/lib/thumb/v7-m/nofp\libg.a(lib_a-strlen-stub.o)
 .ARM.attributes
                0x000004d0       0x2d c:/progra~2/gnuarm~1/102021~1.10/bin/../lib/gcc/arm-none-eabi/10.3.1/../../../../arm-none-eabi/lib/thumb/v7-m/nofp\libg.a(lib_a-__call_atexit.o)
 .ARM.attributes
                0x000004fd       0x2d c:/progra~2/gnuarm~1/102021~1.10/bin/../lib/gcc/arm-none-eabi/10.3.1/../../../../arm-none-eabi/lib/thumb/v7-m/nofp\libg.a(lib_a-atexit.o)
 .ARM.attributes
                0x0000052a       0x2d c:/progra~2/gnuarm~1/102021~1.10/bin/../lib/gcc/arm-none-eabi/10.3.1/../../../../arm-none-eabi/lib/thumb/v7-m/nofp\libg.a(lib_a-fini.o)
 .ARM.attributes
                0x00000557       0x2d c:/progra~2/gnuarm~1/102021~1.10/bin/../lib/gcc/arm-none-eabi/10.3.1/../../../../arm-none-eabi/lib/thumb/v7-m/nofp\libg.a(lib_a-lock.o)
 .ARM.attributes
                0x00000584       0x2d c:/progra~2/gnuarm~1/102021~1.10/bin/../lib/gcc/arm-none-eabi/10.3.1/../../../../arm-none-eabi/lib/thumb/v7-m/nofp\libg.a(lib_a-__atexit.o)
 .ARM.attributes
                0x000005b1       0x1d c:/progra~2/gnuarm~1/102021~1.10/bin/../lib/gcc/arm-none-eabi/10.3.1/thumb/v7-m/nofp/crtn.o
OUTPUT(USB2CAN.elf elf32-littlearm)
LOAD linker stubs
LOAD c:/progra~2/gnuarm~1/102021~1.10/bin/../lib/gcc/arm-none-eabi/10.3.1/../../../../arm-none-eabi/lib/thumb/v7-m/nofp\libc.a
LOAD c:/progra~2/gnuarm~1/102021~1.10/bin/../lib/gcc/arm-none-eabi/10.3.1/../../../../arm-none-eabi/lib/thumb/v7-m/nofp\libm.a
LOAD c:/progra~2/gnuarm~1/102021~1.10/bin/../lib/gcc/arm-none-eabi/10.3.1/thumb/v7-m/nofp\libgcc.a

.debug_info     0x00000000     0xe566
 .debug_info    0x00000000      0x74e CMakeFiles/USB2CAN.elf.dir/Core/Src/main.c.obj
 .debug_info    0x0000074e      0x17c CMakeFiles/USB2CAN.elf.dir/Core/Src/stm32f1xx_hal_msp.c.obj
 .debug_info    0x000008ca      0x671 CMakeFiles/USB2CAN.elf.dir/Core/Src/stm32f1xx_it.c.obj
 .debug_info    0x00000f3b      0x248 CMakeFiles/USB2CAN.elf.dir/Core/Src/system_stm32f1xx.c.obj
 .debug_info    0x00001183       0x22 CMakeFiles/USB2CAN.elf.dir/Core/Startup/startup_stm32f103cbtx.s.obj
 .debug_info    0x000011a5      0x7a8 CMakeFiles/USB2CAN.elf.dir/Drivers/STM32F1xx_HAL_Driver/Src/stm32f1xx_hal.c.obj
 .debug_info    0x0000194d      0xd8a CMakeFiles/USB2CAN.elf.dir/Drivers/STM32F1xx_HAL_Driver/Src/stm32f1xx_hal_cortex.c.obj
 .debug_info    0x000026d7      0x66f CMakeFiles/USB2CAN.elf.dir/Drivers/STM32F1xx_HAL_Driver/Src/stm32f1xx_hal_gpio.c.obj
 .debug_info    0x00002d46     0x1b27 CMakeFiles/USB2CAN.elf.dir/Drivers/STM32F1xx_HAL_Driver/Src/stm32f1xx_hal_pcd.c.obj
 .debug_info    0x0000486d      0x737 CMakeFiles/USB2CAN.elf.dir/Drivers/STM32F1xx_HAL_Driver/Src/stm32f1xx_hal_pcd_ex.c.obj
 .debug_info    0x00004fa4      0xa36 CMakeFiles/USB2CAN.elf.dir/Drivers/STM32F1xx_HAL_Driver/Src/stm32f1xx_hal_rcc.c.obj
 .debug_info    0x000059da      0x443 CMakeFiles/USB2CAN.elf.dir/Drivers/STM32F1xx_HAL_Driver/Src/stm32f1xx_hal_rcc_ex.c.obj
 .debug_info    0x00005e1d     0x1cb2 CMakeFiles/USB2CAN.elf.dir/Drivers/STM32F1xx_HAL_Driver/Src/stm32f1xx_ll_usb.c.obj
 .debug_info    0x00007acf     0x13a5 CMakeFiles/USB2CAN.elf.dir/Middlewares/ST/STM32_USB_Device_Library/Class/CDC/Src/usbd_cdc.c.obj
 .debug_info    0x00008e74      0xd74 CMakeFiles/USB2CAN.elf.dir/Middlewares/ST/STM32_USB_Device_Library/Core/Src/usbd_core.c.obj
 .debug_info    0x00009be8     0x1078 CMakeFiles/USB2CAN.elf.dir/Middlewares/ST/STM32_USB_Device_Library/Core/Src/usbd_ctlreq.c.obj
 .debug_info    0x0000ac60      0x7e9 CMakeFiles/USB2CAN.elf.dir/Middlewares/ST/STM32_USB_Device_Library/Core/Src/usbd_ioreq.c.obj
 .debug_info    0x0000b449      0x6af CMakeFiles/USB2CAN.elf.dir/USB_DEVICE/App/usb_device.c.obj
 .debug_info    0x0000baf8      0x916 CMakeFiles/USB2CAN.elf.dir/USB_DEVICE/App/usbd_cdc_if.c.obj
 .debug_info    0x0000c40e      0x5eb CMakeFiles/USB2CAN.elf.dir/USB_DEVICE/App/usbd_desc.c.obj
 .debug_info    0x0000c9f9     0x1b6d CMakeFiles/USB2CAN.elf.dir/USB_DEVICE/Target/usbd_conf.c.obj

.debug_abbrev   0x00000000     0x29a9
 .debug_abbrev  0x00000000      0x1f8 CMakeFiles/USB2CAN.elf.dir/Core/Src/main.c.obj
 .debug_abbrev  0x000001f8       0xbf CMakeFiles/USB2CAN.elf.dir/Core/Src/stm32f1xx_hal_msp.c.obj
 .debug_abbrev  0x000002b7      0x176 CMakeFiles/USB2CAN.elf.dir/Core/Src/stm32f1xx_it.c.obj
 .debug_abbrev  0x0000042d      0x13e CMakeFiles/USB2CAN.elf.dir/Core/Src/system_stm32f1xx.c.obj
 .debug_abbrev  0x0000056b       0x12 CMakeFiles/USB2CAN.elf.dir/Core/Startup/startup_stm32f103cbtx.s.obj
 .debug_abbrev  0x0000057d      0x1f4 CMakeFiles/USB2CAN.elf.dir/Drivers/STM32F1xx_HAL_Driver/Src/stm32f1xx_hal.c.obj
 .debug_abbrev  0x00000771      0x341 CMakeFiles/USB2CAN.elf.dir/Drivers/STM32F1xx_HAL_Driver/Src/stm32f1xx_hal_cortex.c.obj
 .debug_abbrev  0x00000ab2      0x1e6 CMakeFiles/USB2CAN.elf.dir/Drivers/STM32F1xx_HAL_Driver/Src/stm32f1xx_hal_gpio.c.obj
 .debug_abbrev  0x00000c98      0x2bd CMakeFiles/USB2CAN.elf.dir/Drivers/STM32F1xx_HAL_Driver/Src/stm32f1xx_hal_pcd.c.obj
 .debug_abbrev  0x00000f55      0x193 CMakeFiles/USB2CAN.elf.dir/Drivers/STM32F1xx_HAL_Driver/Src/stm32f1xx_hal_pcd_ex.c.obj
 .debug_abbrev  0x000010e8      0x27a CMakeFiles/USB2CAN.elf.dir/Drivers/STM32F1xx_HAL_Driver/Src/stm32f1xx_hal_rcc.c.obj
 .debug_abbrev  0x00001362      0x1d2 CMakeFiles/USB2CAN.elf.dir/Drivers/STM32F1xx_HAL_Driver/Src/stm32f1xx_hal_rcc_ex.c.obj
 .debug_abbrev  0x00001534      0x21f CMakeFiles/USB2CAN.elf.dir/Drivers/STM32F1xx_HAL_Driver/Src/stm32f1xx_ll_usb.c.obj
 .debug_abbrev  0x00001753      0x2ee CMakeFiles/USB2CAN.elf.dir/Middlewares/ST/STM32_USB_Device_Library/Class/CDC/Src/usbd_cdc.c.obj
 .debug_abbrev  0x00001a41      0x24c CMakeFiles/USB2CAN.elf.dir/Middlewares/ST/STM32_USB_Device_Library/Core/Src/usbd_core.c.obj
 .debug_abbrev  0x00001c8d      0x2bf CMakeFiles/USB2CAN.elf.dir/Middlewares/ST/STM32_USB_Device_Library/Core/Src/usbd_ctlreq.c.obj
 .debug_abbrev  0x00001f4c      0x17d CMakeFiles/USB2CAN.elf.dir/Middlewares/ST/STM32_USB_Device_Library/Core/Src/usbd_ioreq.c.obj
 .debug_abbrev  0x000020c9      0x18f CMakeFiles/USB2CAN.elf.dir/USB_DEVICE/App/usb_device.c.obj
 .debug_abbrev  0x00002258      0x279 CMakeFiles/USB2CAN.elf.dir/USB_DEVICE/App/usbd_cdc_if.c.obj
 .debug_abbrev  0x000024d1      0x1fe CMakeFiles/USB2CAN.elf.dir/USB_DEVICE/App/usbd_desc.c.obj
 .debug_abbrev  0x000026cf      0x2da CMakeFiles/USB2CAN.elf.dir/USB_DEVICE/Target/usbd_conf.c.obj

.debug_aranges  0x00000000      0x9f0
 .debug_aranges
                0x00000000       0x38 CMakeFiles/USB2CAN.elf.dir/Core/Src/main.c.obj
 .debug_aranges
                0x00000038       0x20 CMakeFiles/USB2CAN.elf.dir/Core/Src/stm32f1xx_hal_msp.c.obj
 .debug_aranges
                0x00000058       0x68 CMakeFiles/USB2CAN.elf.dir/Core/Src/stm32f1xx_it.c.obj
 .debug_aranges
                0x000000c0       0x28 CMakeFiles/USB2CAN.elf.dir/Core/Src/system_stm32f1xx.c.obj
 .debug_aranges
                0x000000e8       0x28 CMakeFiles/USB2CAN.elf.dir/Core/Startup/startup_stm32f103cbtx.s.obj
 .debug_aranges
                0x00000110       0xe0 CMakeFiles/USB2CAN.elf.dir/Drivers/STM32F1xx_HAL_Driver/Src/stm32f1xx_hal.c.obj
 .debug_aranges
                0x000001f0       0x90 CMakeFiles/USB2CAN.elf.dir/Drivers/STM32F1xx_HAL_Driver/Src/stm32f1xx_hal_cortex.c.obj
 .debug_aranges
                0x00000280       0x58 CMakeFiles/USB2CAN.elf.dir/Drivers/STM32F1xx_HAL_Driver/Src/stm32f1xx_hal_gpio.c.obj
 .debug_aranges
                0x000002d8      0x138 CMakeFiles/USB2CAN.elf.dir/Drivers/STM32F1xx_HAL_Driver/Src/stm32f1xx_hal_pcd.c.obj
 .debug_aranges
                0x00000410       0x38 CMakeFiles/USB2CAN.elf.dir/Drivers/STM32F1xx_HAL_Driver/Src/stm32f1xx_hal_pcd_ex.c.obj
 .debug_aranges
                0x00000448       0x90 CMakeFiles/USB2CAN.elf.dir/Drivers/STM32F1xx_HAL_Driver/Src/stm32f1xx_hal_rcc.c.obj
 .debug_aranges
                0x000004d8       0x30 CMakeFiles/USB2CAN.elf.dir/Drivers/STM32F1xx_HAL_Driver/Src/stm32f1xx_hal_rcc_ex.c.obj
 .debug_aranges
                0x00000508       0xf0 CMakeFiles/USB2CAN.elf.dir/Drivers/STM32F1xx_HAL_Driver/Src/stm32f1xx_ll_usb.c.obj
 .debug_aranges
                0x000005f8       0x90 CMakeFiles/USB2CAN.elf.dir/Middlewares/ST/STM32_USB_Device_Library/Class/CDC/Src/usbd_cdc.c.obj
 .debug_aranges
                0x00000688       0xb8 CMakeFiles/USB2CAN.elf.dir/Middlewares/ST/STM32_USB_Device_Library/Core/Src/usbd_core.c.obj
 .debug_aranges
                0x00000740       0x88 CMakeFiles/USB2CAN.elf.dir/Middlewares/ST/STM32_USB_Device_Library/Core/Src/usbd_ctlreq.c.obj
 .debug_aranges
                0x000007c8       0x50 CMakeFiles/USB2CAN.elf.dir/Middlewares/ST/STM32_USB_Device_Library/Core/Src/usbd_ioreq.c.obj
 .debug_aranges
                0x00000818       0x20 CMakeFiles/USB2CAN.elf.dir/USB_DEVICE/App/usb_device.c.obj
 .debug_aranges
                0x00000838       0x40 CMakeFiles/USB2CAN.elf.dir/USB_DEVICE/App/usbd_cdc_if.c.obj
 .debug_aranges
                0x00000878       0x60 CMakeFiles/USB2CAN.elf.dir/USB_DEVICE/App/usbd_desc.c.obj
 .debug_aranges
                0x000008d8      0x118 CMakeFiles/USB2CAN.elf.dir/USB_DEVICE/Target/usbd_conf.c.obj

.debug_ranges   0x00000000      0xce0
 .debug_ranges  0x00000000       0x28 CMakeFiles/USB2CAN.elf.dir/Core/Src/main.c.obj
 .debug_ranges  0x00000028       0x10 CMakeFiles/USB2CAN.elf.dir/Core/Src/stm32f1xx_hal_msp.c.obj
 .debug_ranges  0x00000038       0x58 CMakeFiles/USB2CAN.elf.dir/Core/Src/stm32f1xx_it.c.obj
 .debug_ranges  0x00000090       0x18 CMakeFiles/USB2CAN.elf.dir/Core/Src/system_stm32f1xx.c.obj
 .debug_ranges  0x000000a8       0x20 CMakeFiles/USB2CAN.elf.dir/Core/Startup/startup_stm32f103cbtx.s.obj
 .debug_ranges  0x000000c8       0xd0 CMakeFiles/USB2CAN.elf.dir/Drivers/STM32F1xx_HAL_Driver/Src/stm32f1xx_hal.c.obj
 .debug_ranges  0x00000198       0xe0 CMakeFiles/USB2CAN.elf.dir/Drivers/STM32F1xx_HAL_Driver/Src/stm32f1xx_hal_cortex.c.obj
 .debug_ranges  0x00000278       0x48 CMakeFiles/USB2CAN.elf.dir/Drivers/STM32F1xx_HAL_Driver/Src/stm32f1xx_hal_gpio.c.obj
 .debug_ranges  0x000002c0      0x208 CMakeFiles/USB2CAN.elf.dir/Drivers/STM32F1xx_HAL_Driver/Src/stm32f1xx_hal_pcd.c.obj
 .debug_ranges  0x000004c8       0x28 CMakeFiles/USB2CAN.elf.dir/Drivers/STM32F1xx_HAL_Driver/Src/stm32f1xx_hal_pcd_ex.c.obj
 .debug_ranges  0x000004f0       0xa0 CMakeFiles/USB2CAN.elf.dir/Drivers/STM32F1xx_HAL_Driver/Src/stm32f1xx_hal_rcc.c.obj
 .debug_ranges  0x00000590       0x38 CMakeFiles/USB2CAN.elf.dir/Drivers/STM32F1xx_HAL_Driver/Src/stm32f1xx_hal_rcc_ex.c.obj
 .debug_ranges  0x000005c8      0x3a0 CMakeFiles/USB2CAN.elf.dir/Drivers/STM32F1xx_HAL_Driver/Src/stm32f1xx_ll_usb.c.obj
 .debug_ranges  0x00000968       0x80 CMakeFiles/USB2CAN.elf.dir/Middlewares/ST/STM32_USB_Device_Library/Class/CDC/Src/usbd_cdc.c.obj
 .debug_ranges  0x000009e8       0xa8 CMakeFiles/USB2CAN.elf.dir/Middlewares/ST/STM32_USB_Device_Library/Core/Src/usbd_core.c.obj
 .debug_ranges  0x00000a90       0x78 CMakeFiles/USB2CAN.elf.dir/Middlewares/ST/STM32_USB_Device_Library/Core/Src/usbd_ctlreq.c.obj
 .debug_ranges  0x00000b08       0x40 CMakeFiles/USB2CAN.elf.dir/Middlewares/ST/STM32_USB_Device_Library/Core/Src/usbd_ioreq.c.obj
 .debug_ranges  0x00000b48       0x10 CMakeFiles/USB2CAN.elf.dir/USB_DEVICE/App/usb_device.c.obj
 .debug_ranges  0x00000b58       0x30 CMakeFiles/USB2CAN.elf.dir/USB_DEVICE/App/usbd_cdc_if.c.obj
 .debug_ranges  0x00000b88       0x50 CMakeFiles/USB2CAN.elf.dir/USB_DEVICE/App/usbd_desc.c.obj
 .debug_ranges  0x00000bd8      0x108 CMakeFiles/USB2CAN.elf.dir/USB_DEVICE/Target/usbd_conf.c.obj

.debug_line     0x00000000     0x97e0
 .debug_line    0x00000000      0x4f0 CMakeFiles/USB2CAN.elf.dir/Core/Src/main.c.obj
 .debug_line    0x000004f0      0x19c CMakeFiles/USB2CAN.elf.dir/Core/Src/stm32f1xx_hal_msp.c.obj
 .debug_line    0x0000068c      0x343 CMakeFiles/USB2CAN.elf.dir/Core/Src/stm32f1xx_it.c.obj
 .debug_line    0x000009cf      0x26c CMakeFiles/USB2CAN.elf.dir/Core/Src/system_stm32f1xx.c.obj
 .debug_line    0x00000c3b       0xb7 CMakeFiles/USB2CAN.elf.dir/Core/Startup/startup_stm32f103cbtx.s.obj
 .debug_line    0x00000cf2      0x5ba CMakeFiles/USB2CAN.elf.dir/Drivers/STM32F1xx_HAL_Driver/Src/stm32f1xx_hal.c.obj
 .debug_line    0x000012ac      0x692 CMakeFiles/USB2CAN.elf.dir/Drivers/STM32F1xx_HAL_Driver/Src/stm32f1xx_hal_cortex.c.obj
 .debug_line    0x0000193e      0x63c CMakeFiles/USB2CAN.elf.dir/Drivers/STM32F1xx_HAL_Driver/Src/stm32f1xx_hal_gpio.c.obj
 .debug_line    0x00001f7a     0x1916 CMakeFiles/USB2CAN.elf.dir/Drivers/STM32F1xx_HAL_Driver/Src/stm32f1xx_hal_pcd.c.obj
 .debug_line    0x00003890      0x2ec CMakeFiles/USB2CAN.elf.dir/Drivers/STM32F1xx_HAL_Driver/Src/stm32f1xx_hal_pcd_ex.c.obj
 .debug_line    0x00003b7c      0xc89 CMakeFiles/USB2CAN.elf.dir/Drivers/STM32F1xx_HAL_Driver/Src/stm32f1xx_hal_rcc.c.obj
 .debug_line    0x00004805      0x4f7 CMakeFiles/USB2CAN.elf.dir/Drivers/STM32F1xx_HAL_Driver/Src/stm32f1xx_hal_rcc_ex.c.obj
 .debug_line    0x00004cfc     0x1af5 CMakeFiles/USB2CAN.elf.dir/Drivers/STM32F1xx_HAL_Driver/Src/stm32f1xx_ll_usb.c.obj
 .debug_line    0x000067f1      0x8ad CMakeFiles/USB2CAN.elf.dir/Middlewares/ST/STM32_USB_Device_Library/Class/CDC/Src/usbd_cdc.c.obj
 .debug_line    0x0000709e      0x753 CMakeFiles/USB2CAN.elf.dir/Middlewares/ST/STM32_USB_Device_Library/Core/Src/usbd_core.c.obj
 .debug_line    0x000077f1      0xb3b CMakeFiles/USB2CAN.elf.dir/Middlewares/ST/STM32_USB_Device_Library/Core/Src/usbd_ctlreq.c.obj
 .debug_line    0x0000832c      0x2ca CMakeFiles/USB2CAN.elf.dir/Middlewares/ST/STM32_USB_Device_Library/Core/Src/usbd_ioreq.c.obj
 .debug_line    0x000085f6      0x2b5 CMakeFiles/USB2CAN.elf.dir/USB_DEVICE/App/usb_device.c.obj
 .debug_line    0x000088ab      0x322 CMakeFiles/USB2CAN.elf.dir/USB_DEVICE/App/usbd_cdc_if.c.obj
 .debug_line    0x00008bcd      0x39f CMakeFiles/USB2CAN.elf.dir/USB_DEVICE/App/usbd_desc.c.obj
 .debug_line    0x00008f6c      0x874 CMakeFiles/USB2CAN.elf.dir/USB_DEVICE/Target/usbd_conf.c.obj

.debug_str      0x00000000     0x3080
 .debug_str     0x00000000      0x52b CMakeFiles/USB2CAN.elf.dir/Core/Src/main.c.obj
                                0x59c (size before relaxing)
 .debug_str     0x0000052b       0x5c CMakeFiles/USB2CAN.elf.dir/Core/Src/stm32f1xx_hal_msp.c.obj
                                0x24f (size before relaxing)
 .debug_str     0x00000587      0x450 CMakeFiles/USB2CAN.elf.dir/Core/Src/stm32f1xx_it.c.obj
                                0x63f (size before relaxing)
 .debug_str     0x000009d7       0xae CMakeFiles/USB2CAN.elf.dir/Core/Src/system_stm32f1xx.c.obj
                                0x2b2 (size before relaxing)
 .debug_str     0x00000a85       0x66 CMakeFiles/USB2CAN.elf.dir/Core/Startup/startup_stm32f103cbtx.s.obj
                                 0xab (size before relaxing)
 .debug_str     0x00000aeb      0x628 CMakeFiles/USB2CAN.elf.dir/Drivers/STM32F1xx_HAL_Driver/Src/stm32f1xx_hal.c.obj
                                0x882 (size before relaxing)
 .debug_str     0x00001113      0x3cd CMakeFiles/USB2CAN.elf.dir/Drivers/STM32F1xx_HAL_Driver/Src/stm32f1xx_hal_cortex.c.obj
                                0x931 (size before relaxing)
 .debug_str     0x000014e0      0x16b CMakeFiles/USB2CAN.elf.dir/Drivers/STM32F1xx_HAL_Driver/Src/stm32f1xx_hal_gpio.c.obj
                                0x45e (size before relaxing)
 .debug_str     0x0000164b      0x591 CMakeFiles/USB2CAN.elf.dir/Drivers/STM32F1xx_HAL_Driver/Src/stm32f1xx_hal_pcd.c.obj
                                0xb2c (size before relaxing)
 .debug_str     0x00001bdc      0x1a0 CMakeFiles/USB2CAN.elf.dir/Drivers/STM32F1xx_HAL_Driver/Src/stm32f1xx_hal_pcd_ex.c.obj
                                0x726 (size before relaxing)
 .debug_str     0x00001d7c      0x224 CMakeFiles/USB2CAN.elf.dir/Drivers/STM32F1xx_HAL_Driver/Src/stm32f1xx_hal_rcc.c.obj
                                0x689 (size before relaxing)
 .debug_str     0x00001fa0       0xcf CMakeFiles/USB2CAN.elf.dir/Drivers/STM32F1xx_HAL_Driver/Src/stm32f1xx_hal_rcc_ex.c.obj
                                0x431 (size before relaxing)
 .debug_str     0x0000206f      0x169 CMakeFiles/USB2CAN.elf.dir/Drivers/STM32F1xx_HAL_Driver/Src/stm32f1xx_ll_usb.c.obj
                                0x759 (size before relaxing)
 .debug_str     0x000021d8      0x68f CMakeFiles/USB2CAN.elf.dir/Middlewares/ST/STM32_USB_Device_Library/Class/CDC/Src/usbd_cdc.c.obj
                                0xc64 (size before relaxing)
 .debug_str     0x00002867      0x2d0 CMakeFiles/USB2CAN.elf.dir/Middlewares/ST/STM32_USB_Device_Library/Core/Src/usbd_core.c.obj
                                0x88f (size before relaxing)
 .debug_str     0x00002b37      0x150 CMakeFiles/USB2CAN.elf.dir/Middlewares/ST/STM32_USB_Device_Library/Core/Src/usbd_ctlreq.c.obj
                                0x7a9 (size before relaxing)
 .debug_str     0x00002c87       0x81 CMakeFiles/USB2CAN.elf.dir/Middlewares/ST/STM32_USB_Device_Library/Core/Src/usbd_ioreq.c.obj
                                0x6d6 (size before relaxing)
 .debug_str     0x00002d08       0x7b CMakeFiles/USB2CAN.elf.dir/USB_DEVICE/App/usb_device.c.obj
                                0x6a4 (size before relaxing)
 .debug_str     0x00002d83       0xb5 CMakeFiles/USB2CAN.elf.dir/USB_DEVICE/App/usbd_cdc_if.c.obj
                                0x7af (size before relaxing)
 .debug_str     0x00002e38      0x1a0 CMakeFiles/USB2CAN.elf.dir/USB_DEVICE/App/usbd_desc.c.obj
                                0x4af (size before relaxing)
 .debug_str     0x00002fd8       0xa8 CMakeFiles/USB2CAN.elf.dir/USB_DEVICE/Target/usbd_conf.c.obj
                               0x11fa (size before relaxing)

.comment        0x00000000       0x49
 .comment       0x00000000       0x49 CMakeFiles/USB2CAN.elf.dir/Core/Src/main.c.obj
                                 0x4a (size before relaxing)
 .comment       0x00000049       0x4a CMakeFiles/USB2CAN.elf.dir/Core/Src/stm32f1xx_hal_msp.c.obj
 .comment       0x00000049       0x4a CMakeFiles/USB2CAN.elf.dir/Core/Src/stm32f1xx_it.c.obj
 .comment       0x00000049       0x4a CMakeFiles/USB2CAN.elf.dir/Core/Src/system_stm32f1xx.c.obj
 .comment       0x00000049       0x4a CMakeFiles/USB2CAN.elf.dir/Drivers/STM32F1xx_HAL_Driver/Src/stm32f1xx_hal.c.obj
 .comment       0x00000049       0x4a CMakeFiles/USB2CAN.elf.dir/Drivers/STM32F1xx_HAL_Driver/Src/stm32f1xx_hal_cortex.c.obj
 .comment       0x00000049       0x4a CMakeFiles/USB2CAN.elf.dir/Drivers/STM32F1xx_HAL_Driver/Src/stm32f1xx_hal_gpio.c.obj
 .comment       0x00000049       0x4a CMakeFiles/USB2CAN.elf.dir/Drivers/STM32F1xx_HAL_Driver/Src/stm32f1xx_hal_pcd.c.obj
 .comment       0x00000049       0x4a CMakeFiles/USB2CAN.elf.dir/Drivers/STM32F1xx_HAL_Driver/Src/stm32f1xx_hal_pcd_ex.c.obj
 .comment       0x00000049       0x4a CMakeFiles/USB2CAN.elf.dir/Drivers/STM32F1xx_HAL_Driver/Src/stm32f1xx_hal_rcc.c.obj
 .comment       0x00000049       0x4a CMakeFiles/USB2CAN.elf.dir/Drivers/STM32F1xx_HAL_Driver/Src/stm32f1xx_hal_rcc_ex.c.obj
 .comment       0x00000049       0x4a CMakeFiles/USB2CAN.elf.dir/Drivers/STM32F1xx_HAL_Driver/Src/stm32f1xx_ll_usb.c.obj
 .comment       0x00000049       0x4a CMakeFiles/USB2CAN.elf.dir/Middlewares/ST/STM32_USB_Device_Library/Class/CDC/Src/usbd_cdc.c.obj
 .comment       0x00000049       0x4a CMakeFiles/USB2CAN.elf.dir/Middlewares/ST/STM32_USB_Device_Library/Core/Src/usbd_core.c.obj
 .comment       0x00000049       0x4a CMakeFiles/USB2CAN.elf.dir/Middlewares/ST/STM32_USB_Device_Library/Core/Src/usbd_ctlreq.c.obj
 .comment       0x00000049       0x4a CMakeFiles/USB2CAN.elf.dir/Middlewares/ST/STM32_USB_Device_Library/Core/Src/usbd_ioreq.c.obj
 .comment       0x00000049       0x4a CMakeFiles/USB2CAN.elf.dir/USB_DEVICE/App/usb_device.c.obj
 .comment       0x00000049       0x4a CMakeFiles/USB2CAN.elf.dir/USB_DEVICE/App/usbd_cdc_if.c.obj
 .comment       0x00000049       0x4a CMakeFiles/USB2CAN.elf.dir/USB_DEVICE/App/usbd_desc.c.obj
 .comment       0x00000049       0x4a CMakeFiles/USB2CAN.elf.dir/USB_DEVICE/Target/usbd_conf.c.obj

.debug_frame    0x00000000     0x18e8
 .debug_frame   0x00000000       0x80 CMakeFiles/USB2CAN.elf.dir/Core/Src/main.c.obj
 .debug_frame   0x00000080       0x28 CMakeFiles/USB2CAN.elf.dir/Core/Src/stm32f1xx_hal_msp.c.obj
 .debug_frame   0x000000a8       0xc0 CMakeFiles/USB2CAN.elf.dir/Core/Src/stm32f1xx_it.c.obj
 .debug_frame   0x00000168       0x30 CMakeFiles/USB2CAN.elf.dir/Core/Src/system_stm32f1xx.c.obj
 .debug_frame   0x00000198      0x1cc CMakeFiles/USB2CAN.elf.dir/Drivers/STM32F1xx_HAL_Driver/Src/stm32f1xx_hal.c.obj
 .debug_frame   0x00000364      0x118 CMakeFiles/USB2CAN.elf.dir/Drivers/STM32F1xx_HAL_Driver/Src/stm32f1xx_hal_cortex.c.obj
 .debug_frame   0x0000047c       0xe4 CMakeFiles/USB2CAN.elf.dir/Drivers/STM32F1xx_HAL_Driver/Src/stm32f1xx_hal_gpio.c.obj
 .debug_frame   0x00000560      0x344 CMakeFiles/USB2CAN.elf.dir/Drivers/STM32F1xx_HAL_Driver/Src/stm32f1xx_hal_pcd.c.obj
 .debug_frame   0x000008a4       0x50 CMakeFiles/USB2CAN.elf.dir/Drivers/STM32F1xx_HAL_Driver/Src/stm32f1xx_hal_pcd_ex.c.obj
 .debug_frame   0x000008f4      0x18c CMakeFiles/USB2CAN.elf.dir/Drivers/STM32F1xx_HAL_Driver/Src/stm32f1xx_hal_rcc.c.obj
 .debug_frame   0x00000a80       0x64 CMakeFiles/USB2CAN.elf.dir/Drivers/STM32F1xx_HAL_Driver/Src/stm32f1xx_hal_rcc_ex.c.obj
 .debug_frame   0x00000ae4      0x1fc CMakeFiles/USB2CAN.elf.dir/Drivers/STM32F1xx_HAL_Driver/Src/stm32f1xx_ll_usb.c.obj
 .debug_frame   0x00000ce0      0x160 CMakeFiles/USB2CAN.elf.dir/Middlewares/ST/STM32_USB_Device_Library/Class/CDC/Src/usbd_cdc.c.obj
 .debug_frame   0x00000e40      0x1c4 CMakeFiles/USB2CAN.elf.dir/Middlewares/ST/STM32_USB_Device_Library/Core/Src/usbd_core.c.obj
 .debug_frame   0x00001004      0x178 CMakeFiles/USB2CAN.elf.dir/Middlewares/ST/STM32_USB_Device_Library/Core/Src/usbd_ctlreq.c.obj
 .debug_frame   0x0000117c       0xb8 CMakeFiles/USB2CAN.elf.dir/Middlewares/ST/STM32_USB_Device_Library/Core/Src/usbd_ioreq.c.obj
 .debug_frame   0x00001234       0x28 CMakeFiles/USB2CAN.elf.dir/USB_DEVICE/App/usb_device.c.obj
 .debug_frame   0x0000125c       0x7c CMakeFiles/USB2CAN.elf.dir/USB_DEVICE/App/usbd_cdc_if.c.obj
 .debug_frame   0x000012d8       0xe0 CMakeFiles/USB2CAN.elf.dir/USB_DEVICE/App/usbd_desc.c.obj
 .debug_frame   0x000013b8      0x2ec CMakeFiles/USB2CAN.elf.dir/USB_DEVICE/Target/usbd_conf.c.obj
 .debug_frame   0x000016a4       0x2c c:/progra~2/gnuarm~1/102021~1.10/bin/../lib/gcc/arm-none-eabi/10.3.1/../../../../arm-none-eabi/lib/thumb/v7-m/nofp\libg.a(lib_a-init.o)
 .debug_frame   0x000016d0       0x2c c:/progra~2/gnuarm~1/102021~1.10/bin/../lib/gcc/arm-none-eabi/10.3.1/../../../../arm-none-eabi/lib/thumb/v7-m/nofp\libg.a(lib_a-memset.o)
 .debug_frame   0x000016fc       0x38 c:/progra~2/gnuarm~1/102021~1.10/bin/../lib/gcc/arm-none-eabi/10.3.1/../../../../arm-none-eabi/lib/thumb/v7-m/nofp\libg.a(lib_a-strlcpy.o)
 .debug_frame   0x00001734       0x20 c:/progra~2/gnuarm~1/102021~1.10/bin/../lib/gcc/arm-none-eabi/10.3.1/../../../../arm-none-eabi/lib/thumb/v7-m/nofp\libg.a(lib_a-strlen-stub.o)
 .debug_frame   0x00001754       0x5c c:/progra~2/gnuarm~1/102021~1.10/bin/../lib/gcc/arm-none-eabi/10.3.1/../../../../arm-none-eabi/lib/thumb/v7-m/nofp\libg.a(lib_a-__call_atexit.o)
 .debug_frame   0x000017b0       0x20 c:/progra~2/gnuarm~1/102021~1.10/bin/../lib/gcc/arm-none-eabi/10.3.1/../../../../arm-none-eabi/lib/thumb/v7-m/nofp\libg.a(lib_a-atexit.o)
 .debug_frame   0x000017d0       0x34 c:/progra~2/gnuarm~1/102021~1.10/bin/../lib/gcc/arm-none-eabi/10.3.1/../../../../arm-none-eabi/lib/thumb/v7-m/nofp\libg.a(lib_a-fini.o)
 .debug_frame   0x00001804       0xb0 c:/progra~2/gnuarm~1/102021~1.10/bin/../lib/gcc/arm-none-eabi/10.3.1/../../../../arm-none-eabi/lib/thumb/v7-m/nofp\libg.a(lib_a-lock.o)
 .debug_frame   0x000018b4       0x34 c:/progra~2/gnuarm~1/102021~1.10/bin/../lib/gcc/arm-none-eabi/10.3.1/../../../../arm-none-eabi/lib/thumb/v7-m/nofp\libg.a(lib_a-__atexit.o)

.debug_loc      0x00000000     0x82fd
 .debug_loc     0x00000000       0xff CMakeFiles/USB2CAN.elf.dir/Core/Src/system_stm32f1xx.c.obj
 .debug_loc     0x000000ff      0x141 CMakeFiles/USB2CAN.elf.dir/Drivers/STM32F1xx_HAL_Driver/Src/stm32f1xx_hal.c.obj
 .debug_loc     0x00000240      0x71f CMakeFiles/USB2CAN.elf.dir/Drivers/STM32F1xx_HAL_Driver/Src/stm32f1xx_hal_cortex.c.obj
 .debug_loc     0x0000095f      0x47d CMakeFiles/USB2CAN.elf.dir/Drivers/STM32F1xx_HAL_Driver/Src/stm32f1xx_hal_gpio.c.obj
 .debug_loc     0x00000ddc     0x148f CMakeFiles/USB2CAN.elf.dir/Drivers/STM32F1xx_HAL_Driver/Src/stm32f1xx_hal_pcd.c.obj
 .debug_loc     0x0000226b      0x11a CMakeFiles/USB2CAN.elf.dir/Drivers/STM32F1xx_HAL_Driver/Src/stm32f1xx_hal_pcd_ex.c.obj
 .debug_loc     0x00002385      0x61d CMakeFiles/USB2CAN.elf.dir/Drivers/STM32F1xx_HAL_Driver/Src/stm32f1xx_hal_rcc.c.obj
 .debug_loc     0x000029a2      0x3ca CMakeFiles/USB2CAN.elf.dir/Drivers/STM32F1xx_HAL_Driver/Src/stm32f1xx_hal_rcc_ex.c.obj
 .debug_loc     0x00002d6c     0x1c2e CMakeFiles/USB2CAN.elf.dir/Drivers/STM32F1xx_HAL_Driver/Src/stm32f1xx_ll_usb.c.obj
 .debug_loc     0x0000499a      0x8df CMakeFiles/USB2CAN.elf.dir/Middlewares/ST/STM32_USB_Device_Library/Class/CDC/Src/usbd_cdc.c.obj
 .debug_loc     0x00005279      0x96a CMakeFiles/USB2CAN.elf.dir/Middlewares/ST/STM32_USB_Device_Library/Core/Src/usbd_core.c.obj
 .debug_loc     0x00005be3     0x1481 CMakeFiles/USB2CAN.elf.dir/Middlewares/ST/STM32_USB_Device_Library/Core/Src/usbd_ctlreq.c.obj
 .debug_loc     0x00007064      0x284 CMakeFiles/USB2CAN.elf.dir/Middlewares/ST/STM32_USB_Device_Library/Core/Src/usbd_ioreq.c.obj
 .debug_loc     0x000072e8      0x151 CMakeFiles/USB2CAN.elf.dir/USB_DEVICE/App/usbd_cdc_if.c.obj
 .debug_loc     0x00007439      0x38f CMakeFiles/USB2CAN.elf.dir/USB_DEVICE/App/usbd_desc.c.obj
 .debug_loc     0x000077c8      0xb35 CMakeFiles/USB2CAN.elf.dir/USB_DEVICE/Target/usbd_conf.c.obj
