Archive member included to satisfy reference by file (symbol)

c:/st/stm32cubeide_1.8.0/stm32cubeide/plugins/com.st.stm32cube.ide.mcu.externaltools.gnu-tools-for-stm32.10.3-2021.10.win32_1.0.0.202111181127/tools/bin/../lib/gcc/arm-none-eabi/10.3.1/../../../../arm-none-eabi/lib/thumb/v7-m/nofp\libc_nano.a(lib_a-errno.o)
                              ./Core/Src/syscalls.o (__errno)
c:/st/stm32cubeide_1.8.0/stm32cubeide/plugins/com.st.stm32cube.ide.mcu.externaltools.gnu-tools-for-stm32.10.3-2021.10.win32_1.0.0.202111181127/tools/bin/../lib/gcc/arm-none-eabi/10.3.1/../../../../arm-none-eabi/lib/thumb/v7-m/nofp\libc_nano.a(lib_a-exit.o)
                              c:/st/stm32cubeide_1.8.0/stm32cubeide/plugins/com.st.stm32cube.ide.mcu.externaltools.gnu-tools-for-stm32.10.3-2021.10.win32_1.0.0.202111181127/tools/bin/../lib/gcc/arm-none-eabi/10.3.1/../../../../arm-none-eabi/lib/thumb/v7-m/nofp/crt0.o (exit)
c:/st/stm32cubeide_1.8.0/stm32cubeide/plugins/com.st.stm32cube.ide.mcu.externaltools.gnu-tools-for-stm32.10.3-2021.10.win32_1.0.0.202111181127/tools/bin/../lib/gcc/arm-none-eabi/10.3.1/../../../../arm-none-eabi/lib/thumb/v7-m/nofp\libc_nano.a(lib_a-impure.o)
                              c:/st/stm32cubeide_1.8.0/stm32cubeide/plugins/com.st.stm32cube.ide.mcu.externaltools.gnu-tools-for-stm32.10.3-2021.10.win32_1.0.0.202111181127/tools/bin/../lib/gcc/arm-none-eabi/10.3.1/../../../../arm-none-eabi/lib/thumb/v7-m/nofp\libc_nano.a(lib_a-exit.o) (_global_impure_ptr)
c:/st/stm32cubeide_1.8.0/stm32cubeide/plugins/com.st.stm32cube.ide.mcu.externaltools.gnu-tools-for-stm32.10.3-2021.10.win32_1.0.0.202111181127/tools/bin/../lib/gcc/arm-none-eabi/10.3.1/../../../../arm-none-eabi/lib/thumb/v7-m/nofp\libc_nano.a(lib_a-init.o)
                              c:/st/stm32cubeide_1.8.0/stm32cubeide/plugins/com.st.stm32cube.ide.mcu.externaltools.gnu-tools-for-stm32.10.3-2021.10.win32_1.0.0.202111181127/tools/bin/../lib/gcc/arm-none-eabi/10.3.1/../../../../arm-none-eabi/lib/thumb/v7-m/nofp/crt0.o (__libc_init_array)
c:/st/stm32cubeide_1.8.0/stm32cubeide/plugins/com.st.stm32cube.ide.mcu.externaltools.gnu-tools-for-stm32.10.3-2021.10.win32_1.0.0.202111181127/tools/bin/../lib/gcc/arm-none-eabi/10.3.1/../../../../arm-none-eabi/lib/thumb/v7-m/nofp\libc_nano.a(lib_a-memset.o)
                              c:/st/stm32cubeide_1.8.0/stm32cubeide/plugins/com.st.stm32cube.ide.mcu.externaltools.gnu-tools-for-stm32.10.3-2021.10.win32_1.0.0.202111181127/tools/bin/../lib/gcc/arm-none-eabi/10.3.1/../../../../arm-none-eabi/lib/thumb/v7-m/nofp/crt0.o (memset)
c:/st/stm32cubeide_1.8.0/stm32cubeide/plugins/com.st.stm32cube.ide.mcu.externaltools.gnu-tools-for-stm32.10.3-2021.10.win32_1.0.0.202111181127/tools/bin/../lib/gcc/arm-none-eabi/10.3.1/../../../../arm-none-eabi/lib/thumb/v7-m/nofp\libc_nano.a(lib_a-strlen.o)
                              ./Core/Src/main.o (strlen)

Discarded input sections

 .text          0x0000000000000000        0x0 c:/st/stm32cubeide_1.8.0/stm32cubeide/plugins/com.st.stm32cube.ide.mcu.externaltools.gnu-tools-for-stm32.10.3-2021.10.win32_1.0.0.202111181127/tools/bin/../lib/gcc/arm-none-eabi/10.3.1/thumb/v7-m/nofp/crti.o
 .data          0x0000000000000000        0x0 c:/st/stm32cubeide_1.8.0/stm32cubeide/plugins/com.st.stm32cube.ide.mcu.externaltools.gnu-tools-for-stm32.10.3-2021.10.win32_1.0.0.202111181127/tools/bin/../lib/gcc/arm-none-eabi/10.3.1/thumb/v7-m/nofp/crti.o
 .bss           0x0000000000000000        0x0 c:/st/stm32cubeide_1.8.0/stm32cubeide/plugins/com.st.stm32cube.ide.mcu.externaltools.gnu-tools-for-stm32.10.3-2021.10.win32_1.0.0.202111181127/tools/bin/../lib/gcc/arm-none-eabi/10.3.1/thumb/v7-m/nofp/crti.o
 .data          0x0000000000000000        0x4 c:/st/stm32cubeide_1.8.0/stm32cubeide/plugins/com.st.stm32cube.ide.mcu.externaltools.gnu-tools-for-stm32.10.3-2021.10.win32_1.0.0.202111181127/tools/bin/../lib/gcc/arm-none-eabi/10.3.1/thumb/v7-m/nofp/crtbegin.o
 .rodata        0x0000000000000000       0x24 c:/st/stm32cubeide_1.8.0/stm32cubeide/plugins/com.st.stm32cube.ide.mcu.externaltools.gnu-tools-for-stm32.10.3-2021.10.win32_1.0.0.202111181127/tools/bin/../lib/gcc/arm-none-eabi/10.3.1/thumb/v7-m/nofp/crtbegin.o
 .text          0x0000000000000000       0x7c c:/st/stm32cubeide_1.8.0/stm32cubeide/plugins/com.st.stm32cube.ide.mcu.externaltools.gnu-tools-for-stm32.10.3-2021.10.win32_1.0.0.202111181127/tools/bin/../lib/gcc/arm-none-eabi/10.3.1/../../../../arm-none-eabi/lib/thumb/v7-m/nofp/crt0.o
 .data          0x0000000000000000        0x0 c:/st/stm32cubeide_1.8.0/stm32cubeide/plugins/com.st.stm32cube.ide.mcu.externaltools.gnu-tools-for-stm32.10.3-2021.10.win32_1.0.0.202111181127/tools/bin/../lib/gcc/arm-none-eabi/10.3.1/../../../../arm-none-eabi/lib/thumb/v7-m/nofp/crt0.o
[...]
Memory Configuration

Name             Origin             Length             Attributes
RAM              0x0000000020000000 0x0000000000005000 xrw
FLASH            0x0000000008000000 0x0000000000020000 xr
*default*        0x0000000000000000 0xffffffffffffffff

Linker script and memory map

LOAD c:/st/stm32cubeide_1.8.0/stm32cubeide/plugins/com.st.stm32cube.ide.mcu.externaltools.gnu-tools-for-stm32.10.3-2021.10.win32_1.0.0.202111181127/tools/bin/../lib/gcc/arm-none-eabi/10.3.1/thumb/v7-m/nofp/crti.o
LOAD c:/st/stm32cubeide_1.8.0/stm32cubeide/plugins/com.st.stm32cube.ide.mcu.externaltools.gnu-tools-for-stm32.10.3-2021.10.win32_1.0.0.202111181127/tools/bin/../lib/gcc/arm-none-eabi/10.3.1/thumb/v7-m/nofp/crtbegin.o
LOAD c:/st/stm32cubeide_1.8.0/stm32cubeide/plugins/com.st.stm32cube.ide.mcu.externaltools.gnu-tools-for-stm32.10.3-2021.10.win32_1.0.0.202111181127/tools/bin/../lib/gcc/arm-none-eabi/10.3.1/../../../../arm-none-eabi/lib/thumb/v7-m/nofp/crt0.o
LOAD ./Core/Src/main.o
LOAD ./Core/Src/stm32f1xx_hal_msp.o
LOAD ./Core/Src/stm32f1xx_it.o
LOAD ./Core/Src/syscalls.o
LOAD ./Core/Src/sysmem.o
LOAD ./Core/Src/system_stm32f1xx.o
LOAD ./Core/Startup/startup_stm32f103cbtx.o
LOAD ./Drivers/STM32F1xx_HAL_Driver/Src/stm32f1xx_hal.o
LOAD ./Drivers/STM32F1xx_HAL_Driver/Src/stm32f1xx_hal_cortex.o
LOAD ./Drivers/STM32F1xx_HAL_Driver/Src/stm32f1xx_hal_dma.o
LOAD ./Drivers/STM32F1xx_HAL_Driver/Src/stm32f1xx_hal_exti.o
LOAD ./Drivers/STM32F1xx_HAL_Driver/Src/stm32f1xx_hal_flash.o
LOAD ./Drivers/STM32F1xx_HAL_Driver/Src/stm32f1xx_hal_flash_ex.o
LOAD ./Drivers/STM32F1xx_HAL_Driver/Src/stm32f1xx_hal_gpio.o
LOAD ./Drivers/STM32F1xx_HAL_Driver/Src/stm32f1xx_hal_gpio_ex.o
LOAD ./Drivers/STM32F1xx_HAL_Driver/Src/stm32f1xx_hal_pcd.o
LOAD ./Drivers/STM32F1xx_HAL_Driver/Src/stm32f1xx_hal_pcd_ex.o
LOAD ./Drivers/STM32F1xx_HAL_Driver/Src/stm32f1xx_hal_pwr.o
LOAD ./Drivers/STM32F1xx_HAL_Driver/Src/stm32f1xx_hal_rcc.o
LOAD ./Drivers/STM32F1xx_HAL_Driver/Src/stm32f1xx_hal_rcc_ex.o
LOAD ./Drivers/STM32F1xx_HAL_Driver/Src/stm32f1xx_ll_usb.o
LOAD ./Middlewares/ST/STM32_USB_Device_Library/Class/CDC/Src/usbd_cdc.o
LOAD ./Middlewares/ST/STM32_USB_Device_Library/Core/Src/usbd_core.o
LOAD ./Middlewares/ST/STM32_USB_Device_Library/Core/Src/usbd_ctlreq.o
LOAD ./Middlewares/ST/STM32_USB_Device_Library/Core/Src/usbd_ioreq.o
LOAD ./USB_DEVICE/App/usb_device.o
LOAD ./USB_DEVICE/App/usbd_cdc_if.o
LOAD ./USB_DEVICE/App/usbd_desc.o
LOAD ./USB_DEVICE/Target/usbd_conf.o
START GROUP
LOAD c:/st/stm32cubeide_1.8.0/stm32cubeide/plugins/com.st.stm32cube.ide.mcu.externaltools.gnu-tools-for-stm32.10.3-2021.10.win32_1.0.0.202111181127/tools/bin/../lib/gcc/arm-none-eabi/10.3.1/../../../../arm-none-eabi/lib/thumb/v7-m/nofp\libc_nano.a
LOAD c:/st/stm32cubeide_1.8.0/stm32cubeide/plugins/com.st.stm32cube.ide.mcu.externaltools.gnu-tools-for-stm32.10.3-2021.10.win32_1.0.0.202111181127/tools/bin/../lib/gcc/arm-none-eabi/10.3.1/../../../../arm-none-eabi/lib/thumb/v7-m/nofp\libm.a
END GROUP
START GROUP
LOAD c:/st/stm32cubeide_1.8.0/stm32cubeide/plugins/com.st.stm32cube.ide.mcu.externaltools.gnu-tools-for-stm32.10.3-2021.10.win32_1.0.0.202111181127/tools/bin/../lib/gcc/arm-none-eabi/10.3.1/thumb/v7-m/nofp\libgcc.a
LOAD c:/st/stm32cubeide_1.8.0/stm32cubeide/plugins/com.st.stm32cube.ide.mcu.externaltools.gnu-tools-for-stm32.10.3-2021.10.win32_1.0.0.202111181127/tools/bin/../lib/gcc/arm-none-eabi/10.3.1/../../../../arm-none-eabi/lib/thumb/v7-m/nofp\libc_nano.a
END GROUP
START GROUP
LOAD c:/st/stm32cubeide_1.8.0/stm32cubeide/plugins/com.st.stm32cube.ide.mcu.externaltools.gnu-tools-for-stm32.10.3-2021.10.win32_1.0.0.202111181127/tools/bin/../lib/gcc/arm-none-eabi/10.3.1/thumb/v7-m/nofp\libgcc.a
LOAD c:/st/stm32cubeide_1.8.0/stm32cubeide/plugins/com.st.stm32cube.ide.mcu.externaltools.gnu-tools-for-stm32.10.3-2021.10.win32_1.0.0.202111181127/tools/bin/../lib/gcc/arm-none-eabi/10.3.1/../../../../arm-none-eabi/lib/thumb/v7-m/nofp\libc_nano.a
LOAD c:/st/stm32cubeide_1.8.0/stm32cubeide/plugins/com.st.stm32cube.ide.mcu.externaltools.gnu-tools-for-stm32.10.3-2021.10.win32_1.0.0.202111181127/tools/bin/../lib/gcc/arm-none-eabi/10.3.1/../../../../arm-none-eabi/lib/thumb/v7-m/nofp\libnosys.a
END GROUP
START GROUP
LOAD c:/st/stm32cubeide_1.8.0/stm32cubeide/plugins/com.st.stm32cube.ide.mcu.externaltools.gnu-tools-for-stm32.10.3-2021.10.win32_1.0.0.202111181127/tools/bin/../lib/gcc/arm-none-eabi/10.3.1/thumb/v7-m/nofp\libgcc.a
LOAD c:/st/stm32cubeide_1.8.0/stm32cubeide/plugins/com.st.stm32cube.ide.mcu.externaltools.gnu-tools-for-stm32.10.3-2021.10.win32_1.0.0.202111181127/tools/bin/../lib/gcc/arm-none-eabi/10.3.1/../../../../arm-none-eabi/lib/thumb/v7-m/nofp\libc_nano.a
LOAD c:/st/stm32cubeide_1.8.0/stm32cubeide/plugins/com.st.stm32cube.ide.mcu.externaltools.gnu-tools-for-stm32.10.3-2021.10.win32_1.0.0.202111181127/tools/bin/../lib/gcc/arm-none-eabi/10.3.1/../../../../arm-none-eabi/lib/thumb/v7-m/nofp\libnosys.a
END GROUP
LOAD c:/st/stm32cubeide_1.8.0/stm32cubeide/plugins/com.st.stm32cube.ide.mcu.externaltools.gnu-tools-for-stm32.10.3-2021.10.win32_1.0.0.202111181127/tools/bin/../lib/gcc/arm-none-eabi/10.3.1/thumb/v7-m/nofp/crtend.o
LOAD c:/st/stm32cubeide_1.8.0/stm32cubeide/plugins/com.st.stm32cube.ide.mcu.externaltools.gnu-tools-for-stm32.10.3-2021.10.win32_1.0.0.202111181127/tools/bin/../lib/gcc/arm-none-eabi/10.3.1/thumb/v7-m/nofp/crtn.o
                0x0000000020005000                _estack = (ORIGIN (RAM) + LENGTH (RAM))
                0x0000000000000200                _Min_Heap_Size = 0x200
                0x0000000000000400                _Min_Stack_Size = 0x400

.isr_vector     0x0000000008000000      0x10c
                0x0000000008000000                . = ALIGN (0x4)
 *(.isr_vector)
 .isr_vector    0x0000000008000000      0x10c ./Core/Startup/startup_stm32f103cbtx.o
                0x0000000008000000                g_pfnVectors
                0x000000000800010c                . = ALIGN (0x4)

.text           0x000000000800010c     0x78c0
                0x000000000800010c                . = ALIGN (0x4)
 *(.text)
 .text          0x000000000800010c       0x40 c:/st/stm32cubeide_1.8.0/stm32cubeide/plugins/com.st.stm32cube.ide.mcu.externaltools.gnu-tools-for-stm32.10.3-2021.10.win32_1.0.0.202111181127/tools/bin/../lib/gcc/arm-none-eabi/10.3.1/thumb/v7-m/nofp/crtbegin.o
 .text          0x000000000800014c       0x10 c:/st/stm32cubeide_1.8.0/stm32cubeide/plugins/com.st.stm32cube.ide.mcu.externaltools.gnu-tools-for-stm32.10.3-2021.10.win32_1.0.0.202111181127/tools/bin/../lib/gcc/arm-none-eabi/10.3.1/../../../../arm-none-eabi/lib/thumb/v7-m/nofp\libc_nano.a(lib_a-strlen.o)
                0x000000000800014c                strlen
 *(.text*)
 .text.main     0x000000000800015c       0x4c ./Core/Src/main.o
                0x000000000800015c                main
 .text.SystemClock_Config
                0x00000000080001a8       0xb6 ./Core/Src/main.o
                0x00000000080001a8                SystemClock_Config
 *fill*         0x000000000800025e        0x2 
 .text.MX_GPIO_Init
                0x0000000008000260       0xdc ./Core/Src/main.o
 .text.Error_Handler
                0x000000000800033c        0xa ./Core/Src/main.o
                0x000000000800033c                Error_Handler
 *fill*         0x0000000008000346        0x2 
 .text.HAL_MspInit
                0x0000000008000348       0x44 ./Core/Src/stm32f1xx_hal_msp.o
                0x0000000008000348                HAL_MspInit
 .text.NMI_Handler
                0x000000000800038c        0x6 ./Core/Src/stm32f1xx_it.o
                0x000000000800038c                NMI_Handler
 .text.HardFault_Handler
                0x0000000008000392        0x6 ./Core/Src/stm32f1xx_it.o
                0x0000000008000392                HardFault_Handler
 .text.MemManage_Handler
                0x0000000008000398        0x6 ./Core/Src/stm32f1xx_it.o
                0x0000000008000398                MemManage_Handler
 .text.BusFault_Handler
                0x000000000800039e        0x6 ./Core/Src/stm32f1xx_it.o
                0x000000000800039e                BusFault_Handler
 .text.UsageFault_Handler
                0x00000000080003a4        0x6 ./Core/Src/stm32f1xx_it.o
                0x00000000080003a4                UsageFault_Handler
 .text.SVC_Handler
                0x00000000080003aa        0xc ./Core/Src/stm32f1xx_it.o
                0x00000000080003aa                SVC_Handler
 .text.DebugMon_Handler
                0x00000000080003b6        0xc ./Core/Src/stm32f1xx_it.o
                0x00000000080003b6                DebugMon_Handler
 .text.PendSV_Handler
                0x00000000080003c2        0xc ./Core/Src/stm32f1xx_it.o
                0x00000000080003c2                PendSV_Handler
 .text.SysTick_Handler
                0x00000000080003ce        0xc ./Core/Src/stm32f1xx_it.o
                0x00000000080003ce                SysTick_Handler
 *fill*         0x00000000080003da        0x2 
 .text.USB_LP_CAN1_RX0_IRQHandler
                0x00000000080003dc       0x14 ./Core/Src/stm32f1xx_it.o
                0x00000000080003dc                USB_LP_CAN1_RX0_IRQHandler
 .text.SystemInit
                0x00000000080003f0       0x18 ./Core/Src/system_stm32f1xx.o
                0x00000000080003f0                SystemInit
 .text.Reset_Handler
                0x0000000008000408       0x48 ./Core/Startup/startup_stm32f103cbtx.o
                0x0000000008000408                Reset_Handler
 .text.Default_Handler
                0x0000000008000450        0x2 ./Core/Startup/startup_stm32f103cbtx.o
                0x0000000008000450                RTC_Alarm_IRQHandler
                0x0000000008000450                EXTI2_IRQHandler
                0x0000000008000450                TIM1_CC_IRQHandler
                0x0000000008000450                PVD_IRQHandler
                0x0000000008000450                EXTI3_IRQHandler
                0x0000000008000450                EXTI0_IRQHandler
                0x0000000008000450                I2C2_EV_IRQHandler
                0x0000000008000450                ADC1_2_IRQHandler
                0x0000000008000450                SPI1_IRQHandler
                0x0000000008000450                TAMPER_IRQHandler
                0x0000000008000450                DMA1_Channel4_IRQHandler
                0x0000000008000450                USART3_IRQHandler
                0x0000000008000450                RTC_IRQHandler
                0x0000000008000450                DMA1_Channel7_IRQHandler
                0x0000000008000450                CAN1_RX1_IRQHandler
                0x0000000008000450                TIM4_IRQHandler
                0x0000000008000450                I2C1_EV_IRQHandler
                0x0000000008000450                DMA1_Channel6_IRQHandler
                0x0000000008000450                TIM3_IRQHandler
                0x0000000008000450                RCC_IRQHandler
                0x0000000008000450                TIM1_TRG_COM_IRQHandler
                0x0000000008000450                DMA1_Channel1_IRQHandler
                0x0000000008000450                Default_Handler
                0x0000000008000450                EXTI15_10_IRQHandler
                0x0000000008000450                EXTI9_5_IRQHandler
                0x0000000008000450                SPI2_IRQHandler
                0x0000000008000450                DMA1_Channel5_IRQHandler
                0x0000000008000450                EXTI4_IRQHandler
                0x0000000008000450                USB_HP_CAN1_TX_IRQHandler
                0x0000000008000450                DMA1_Channel3_IRQHandler
                0x0000000008000450                TIM1_UP_IRQHandler
                0x0000000008000450                WWDG_IRQHandler
                0x0000000008000450                TIM2_IRQHandler
                0x0000000008000450                TIM1_BRK_IRQHandler
                0x0000000008000450                EXTI1_IRQHandler
                0x0000000008000450                USART2_IRQHandler
                0x0000000008000450                I2C2_ER_IRQHandler
                0x0000000008000450                DMA1_Channel2_IRQHandler
                0x0000000008000450                CAN1_SCE_IRQHandler
                0x0000000008000450                FLASH_IRQHandler
                0x0000000008000450                USART1_IRQHandler
                0x0000000008000450                I2C1_ER_IRQHandler
                0x0000000008000450                USBWakeUp_IRQHandler
 *fill*         0x0000000008000452        0x2 
 .text.HAL_Init
                0x0000000008000454       0x2c ./Drivers/STM32F1xx_HAL_Driver/Src/stm32f1xx_hal.o
                0x0000000008000454                HAL_Init
 .text.HAL_InitTick
                0x0000000008000480       0x60 ./Drivers/STM32F1xx_HAL_Driver/Src/stm32f1xx_hal.o
                0x0000000008000480                HAL_InitTick
 .text.HAL_IncTick
                0x00000000080004e0       0x24 ./Drivers/STM32F1xx_HAL_Driver/Src/stm32f1xx_hal.o
                0x00000000080004e0                HAL_IncTick
 .text.HAL_GetTick
                0x0000000008000504       0x14 ./Drivers/STM32F1xx_HAL_Driver/Src/stm32f1xx_hal.o
                0x0000000008000504                HAL_GetTick
 .text.HAL_Delay
                0x0000000008000518       0x48 ./Drivers/STM32F1xx_HAL_Driver/Src/stm32f1xx_hal.o
                0x0000000008000518                HAL_Delay
 .text.__NVIC_SetPriorityGrouping
                0x0000000008000560       0x48 ./Drivers/STM32F1xx_HAL_Driver/Src/stm32f1xx_hal_cortex.o
 .text.__NVIC_GetPriorityGrouping
                0x00000000080005a8       0x1c ./Drivers/STM32F1xx_HAL_Driver/Src/stm32f1xx_hal_cortex.o
 .text.__NVIC_EnableIRQ
                0x00000000080005c4       0x38 ./Drivers/STM32F1xx_HAL_Driver/Src/stm32f1xx_hal_cortex.o
 .text.__NVIC_SetPriority
                0x00000000080005fc       0x54 ./Drivers/STM32F1xx_HAL_Driver/Src/stm32f1xx_hal_cortex.o
 .text.NVIC_EncodePriority
                0x0000000008000650       0x64 ./Drivers/STM32F1xx_HAL_Driver/Src/stm32f1xx_hal_cortex.o
 .text.SysTick_Config
                0x00000000080006b4       0x44 ./Drivers/STM32F1xx_HAL_Driver/Src/stm32f1xx_hal_cortex.o
 .text.HAL_NVIC_SetPriorityGrouping
                0x00000000080006f8       0x16 ./Drivers/STM32F1xx_HAL_Driver/Src/stm32f1xx_hal_cortex.o
                0x00000000080006f8                HAL_NVIC_SetPriorityGrouping
 .text.HAL_NVIC_SetPriority
                0x000000000800070e       0x38 ./Drivers/STM32F1xx_HAL_Driver/Src/stm32f1xx_hal_cortex.o
                0x000000000800070e                HAL_NVIC_SetPriority
 .text.HAL_NVIC_EnableIRQ
                0x0000000008000746       0x1c ./Drivers/STM32F1xx_HAL_Driver/Src/stm32f1xx_hal_cortex.o
                0x0000000008000746                HAL_NVIC_EnableIRQ
 .text.HAL_SYSTICK_Config
                0x0000000008000762       0x18 ./Drivers/STM32F1xx_HAL_Driver/Src/stm32f1xx_hal_cortex.o
                0x0000000008000762                HAL_SYSTICK_Config
 *fill*         0x000000000800077a        0x2 
 .text.HAL_GPIO_Init
                0x000000000800077c      0x308 ./Drivers/STM32F1xx_HAL_Driver/Src/stm32f1xx_hal_gpio.o
                0x000000000800077c                HAL_GPIO_Init
 .text.HAL_GPIO_WritePin
                0x0000000008000a84       0x30 ./Drivers/STM32F1xx_HAL_Driver/Src/stm32f1xx_hal_gpio.o
                0x0000000008000a84                HAL_GPIO_WritePin
 .text.HAL_GPIO_TogglePin
                0x0000000008000ab4       0x32 ./Drivers/STM32F1xx_HAL_Driver/Src/stm32f1xx_hal_gpio.o
                0x0000000008000ab4                HAL_GPIO_TogglePin
 .text.HAL_PCD_Init
                0x0000000008000ae6      0x216 ./Drivers/STM32F1xx_HAL_Driver/Src/stm32f1xx_hal_pcd.o
                0x0000000008000ae6                HAL_PCD_Init
 .text.HAL_PCD_Start
                0x0000000008000cfc       0x4c ./Drivers/STM32F1xx_HAL_Driver/Src/stm32f1xx_hal_pcd.o
                0x0000000008000cfc                HAL_PCD_Start
 .text.HAL_PCD_IRQHandler
                0x0000000008000d48      0x2a6 ./Drivers/STM32F1xx_HAL_Driver/Src/stm32f1xx_hal_pcd.o
                0x0000000008000d48                HAL_PCD_IRQHandler
 .text.HAL_PCD_SetAddress
                0x0000000008000fee       0x4a ./Drivers/STM32F1xx_HAL_Driver/Src/stm32f1xx_hal_pcd.o
                0x0000000008000fee                HAL_PCD_SetAddress
 .text.HAL_PCD_EP_Open
                0x0000000008001038       0xcc ./Drivers/STM32F1xx_HAL_Driver/Src/stm32f1xx_hal_pcd.o
                0x0000000008001038                HAL_PCD_EP_Open
 .text.HAL_PCD_EP_Close
                0x0000000008001104       0x90 ./Drivers/STM32F1xx_HAL_Driver/Src/stm32f1xx_hal_pcd.o
                0x0000000008001104                HAL_PCD_EP_Close
 .text.HAL_PCD_EP_Receive
                0x0000000008001194       0x7a ./Drivers/STM32F1xx_HAL_Driver/Src/stm32f1xx_hal_pcd.o
                0x0000000008001194                HAL_PCD_EP_Receive
 .text.HAL_PCD_EP_GetRxCount
                0x000000000800120e       0x2e ./Drivers/STM32F1xx_HAL_Driver/Src/stm32f1xx_hal_pcd.o
                0x000000000800120e                HAL_PCD_EP_GetRxCount
 .text.HAL_PCD_EP_Transmit
                0x000000000800123c       0x86 ./Drivers/STM32F1xx_HAL_Driver/Src/stm32f1xx_hal_pcd.o
                0x000000000800123c                HAL_PCD_EP_Transmit
 .text.HAL_PCD_EP_SetStall
                0x00000000080012c2       0xc0 ./Drivers/STM32F1xx_HAL_Driver/Src/stm32f1xx_hal_pcd.o
                0x00000000080012c2                HAL_PCD_EP_SetStall
 .text.HAL_PCD_EP_ClrStall
                0x0000000008001382       0xa8 ./Drivers/STM32F1xx_HAL_Driver/Src/stm32f1xx_hal_pcd.o
                0x0000000008001382                HAL_PCD_EP_ClrStall
 .text.PCD_EP_ISR_Handler
                0x000000000800142a      0x600 ./Drivers/STM32F1xx_HAL_Driver/Src/stm32f1xx_hal_pcd.o
 .text.HAL_PCD_EP_DB_Receive
                0x0000000008001a2a      0x21a ./Drivers/STM32F1xx_HAL_Driver/Src/stm32f1xx_hal_pcd.o
 .text.HAL_PCD_EP_DB_Transmit
                0x0000000008001c44      0x7a4 ./Drivers/STM32F1xx_HAL_Driver/Src/stm32f1xx_hal_pcd.o
 .text.HAL_PCDEx_PMAConfig
                0x00000000080023e8       0x84 ./Drivers/STM32F1xx_HAL_Driver/Src/stm32f1xx_hal_pcd_ex.o
                0x00000000080023e8                HAL_PCDEx_PMAConfig
 .text.HAL_RCC_OscConfig
                0x000000000800246c      0x504 ./Drivers/STM32F1xx_HAL_Driver/Src/stm32f1xx_hal_rcc.o
                0x000000000800246c                HAL_RCC_OscConfig
 .text.HAL_RCC_ClockConfig
                0x0000000008002970      0x1d4 ./Drivers/STM32F1xx_HAL_Driver/Src/stm32f1xx_hal_rcc.o
                0x0000000008002970                HAL_RCC_ClockConfig
 .text.HAL_RCC_GetSysClockFreq
                0x0000000008002b44       0xc0 ./Drivers/STM32F1xx_HAL_Driver/Src/stm32f1xx_hal_rcc.o
                0x0000000008002b44                HAL_RCC_GetSysClockFreq
 .text.RCC_Delay
                0x0000000008002c04       0x3c ./Drivers/STM32F1xx_HAL_Driver/Src/stm32f1xx_hal_rcc.o
 .text.HAL_RCCEx_PeriphCLKConfig
                0x0000000008002c40      0x16c ./Drivers/STM32F1xx_HAL_Driver/Src/stm32f1xx_hal_rcc_ex.o
                0x0000000008002c40                HAL_RCCEx_PeriphCLKConfig
 .text.USB_CoreInit
                0x0000000008002dac       0x20 ./Drivers/STM32F1xx_HAL_Driver/Src/stm32f1xx_ll_usb.o
                0x0000000008002dac                USB_CoreInit
 .text.USB_EnableGlobalInt
                0x0000000008002dcc       0x2c ./Drivers/STM32F1xx_HAL_Driver/Src/stm32f1xx_ll_usb.o
                0x0000000008002dcc                USB_EnableGlobalInt
 .text.USB_DisableGlobalInt
                0x0000000008002df8       0x34 ./Drivers/STM32F1xx_HAL_Driver/Src/stm32f1xx_ll_usb.o
                0x0000000008002df8                USB_DisableGlobalInt
 .text.USB_SetCurrentMode
                0x0000000008002e2c       0x18 ./Drivers/STM32F1xx_HAL_Driver/Src/stm32f1xx_ll_usb.o
                0x0000000008002e2c                USB_SetCurrentMode
 .text.USB_DevInit
                0x0000000008002e44       0x40 ./Drivers/STM32F1xx_HAL_Driver/Src/stm32f1xx_ll_usb.o
                0x0000000008002e44                USB_DevInit
 .text.USB_ActivateEndpoint
                0x0000000008002e84      0x6d4 ./Drivers/STM32F1xx_HAL_Driver/Src/stm32f1xx_ll_usb.o
                0x0000000008002e84                USB_ActivateEndpoint
 .text.USB_DeactivateEndpoint
                0x0000000008003558      0x3d8 ./Drivers/STM32F1xx_HAL_Driver/Src/stm32f1xx_ll_usb.o
                0x0000000008003558                USB_DeactivateEndpoint
 .text.USB_EPStartXfer
                0x0000000008003930     0x1c70 ./Drivers/STM32F1xx_HAL_Driver/Src/stm32f1xx_ll_usb.o
                0x0000000008003930                USB_EPStartXfer
 .text.USB_EPSetStall
                0x00000000080055a0       0xa0 ./Drivers/STM32F1xx_HAL_Driver/Src/stm32f1xx_ll_usb.o
                0x00000000080055a0                USB_EPSetStall
 .text.USB_EPClearStall
                0x0000000008005640      0x15a ./Drivers/STM32F1xx_HAL_Driver/Src/stm32f1xx_ll_usb.o
                0x0000000008005640                USB_EPClearStall
 .text.USB_SetDevAddress
                0x000000000800579a       0x26 ./Drivers/STM32F1xx_HAL_Driver/Src/stm32f1xx_ll_usb.o
                0x000000000800579a                USB_SetDevAddress
 .text.USB_DevConnect
                0x00000000080057c0       0x14 ./Drivers/STM32F1xx_HAL_Driver/Src/stm32f1xx_ll_usb.o
                0x00000000080057c0                USB_DevConnect
 .text.USB_DevDisconnect
                0x00000000080057d4       0x14 ./Drivers/STM32F1xx_HAL_Driver/Src/stm32f1xx_ll_usb.o
                0x00000000080057d4                USB_DevDisconnect
 .text.USB_ReadInterrupts
                0x00000000080057e8       0x1e ./Drivers/STM32F1xx_HAL_Driver/Src/stm32f1xx_ll_usb.o
                0x00000000080057e8                USB_ReadInterrupts
 .text.USB_EP0_OutStart
                0x0000000008005806       0x16 ./Drivers/STM32F1xx_HAL_Driver/Src/stm32f1xx_ll_usb.o
                0x0000000008005806                USB_EP0_OutStart
 .text.USB_WritePMA
                0x000000000800581c       0x8a ./Drivers/STM32F1xx_HAL_Driver/Src/stm32f1xx_ll_usb.o
                0x000000000800581c                USB_WritePMA
 .text.USB_ReadPMA
                0x00000000080058a6       0x9e ./Drivers/STM32F1xx_HAL_Driver/Src/stm32f1xx_ll_usb.o
                0x00000000080058a6                USB_ReadPMA
 .text.USBD_CDC_Init
                0x0000000008005944       0xf4 ./Middlewares/ST/STM32_USB_Device_Library/Class/CDC/Src/usbd_cdc.o
 .text.USBD_CDC_DeInit
                0x0000000008005a38       0x6e ./Middlewares/ST/STM32_USB_Device_Library/Class/CDC/Src/usbd_cdc.o
 .text.USBD_CDC_Setup
                0x0000000008005aa6      0x146 ./Middlewares/ST/STM32_USB_Device_Library/Class/CDC/Src/usbd_cdc.o
 .text.USBD_CDC_DataIn
                0x0000000008005bec       0xa6 ./Middlewares/ST/STM32_USB_Device_Library/Class/CDC/Src/usbd_cdc.o
 .text.USBD_CDC_DataOut
                0x0000000008005c92       0x56 ./Middlewares/ST/STM32_USB_Device_Library/Class/CDC/Src/usbd_cdc.o
 .text.USBD_CDC_EP0_RxReady
                0x0000000008005ce8       0x50 ./Middlewares/ST/STM32_USB_Device_Library/Class/CDC/Src/usbd_cdc.o
 .text.USBD_CDC_GetFSCfgDesc
                0x0000000008005d38       0x20 ./Middlewares/ST/STM32_USB_Device_Library/Class/CDC/Src/usbd_cdc.o
 .text.USBD_CDC_GetHSCfgDesc
                0x0000000008005d58       0x20 ./Middlewares/ST/STM32_USB_Device_Library/Class/CDC/Src/usbd_cdc.o
 .text.USBD_CDC_GetOtherSpeedCfgDesc
                0x0000000008005d78       0x20 ./Middlewares/ST/STM32_USB_Device_Library/Class/CDC/Src/usbd_cdc.o
 .text.USBD_CDC_GetDeviceQualifierDescriptor
                0x0000000008005d98       0x20 ./Middlewares/ST/STM32_USB_Device_Library/Class/CDC/Src/usbd_cdc.o
                0x0000000008005d98                USBD_CDC_GetDeviceQualifierDescriptor
 .text.USBD_CDC_RegisterInterface
                0x0000000008005db8       0x2c ./Middlewares/ST/STM32_USB_Device_Library/Class/CDC/Src/usbd_cdc.o
                0x0000000008005db8                USBD_CDC_RegisterInterface
 .text.USBD_CDC_SetTxBuffer
                0x0000000008005de4       0x32 ./Middlewares/ST/STM32_USB_Device_Library/Class/CDC/Src/usbd_cdc.o
                0x0000000008005de4                USBD_CDC_SetTxBuffer
 .text.USBD_CDC_SetRxBuffer
                0x0000000008005e16       0x26 ./Middlewares/ST/STM32_USB_Device_Library/Class/CDC/Src/usbd_cdc.o
                0x0000000008005e16                USBD_CDC_SetRxBuffer
 .text.USBD_CDC_TransmitPacket
                0x0000000008005e3c       0x5e ./Middlewares/ST/STM32_USB_Device_Library/Class/CDC/Src/usbd_cdc.o
                0x0000000008005e3c                USBD_CDC_TransmitPacket
 .text.USBD_CDC_ReceivePacket
                0x0000000008005e9a       0x54 ./Middlewares/ST/STM32_USB_Device_Library/Class/CDC/Src/usbd_cdc.o
                0x0000000008005e9a                USBD_CDC_ReceivePacket
 .text.USBD_Init
                0x0000000008005eee       0x56 ./Middlewares/ST/STM32_USB_Device_Library/Core/Src/usbd_core.o
                0x0000000008005eee                USBD_Init
 .text.USBD_RegisterClass
                0x0000000008005f44       0x32 ./Middlewares/ST/STM32_USB_Device_Library/Core/Src/usbd_core.o
                0x0000000008005f44                USBD_RegisterClass
 .text.USBD_Start
                0x0000000008005f76       0x18 ./Middlewares/ST/STM32_USB_Device_Library/Core/Src/usbd_core.o
                0x0000000008005f76                USBD_Start
 .text.USBD_RunTestMode
                0x0000000008005f8e       0x14 ./Middlewares/ST/STM32_USB_Device_Library/Core/Src/usbd_core.o
                0x0000000008005f8e                USBD_RunTestMode
 .text.USBD_SetClassConfig
                0x0000000008005fa2       0x3e ./Middlewares/ST/STM32_USB_Device_Library/Core/Src/usbd_core.o
                0x0000000008005fa2                USBD_SetClassConfig
 .text.USBD_ClrClassConfig
                0x0000000008005fe0       0x26 ./Middlewares/ST/STM32_USB_Device_Library/Core/Src/usbd_core.o
                0x0000000008005fe0                USBD_ClrClassConfig
 .text.USBD_LL_SetupStage
                0x0000000008006006       0x9a ./Middlewares/ST/STM32_USB_Device_Library/Core/Src/usbd_core.o
                0x0000000008006006                USBD_LL_SetupStage
 .text.USBD_LL_DataOutStage
                0x00000000080060a0       0xe2 ./Middlewares/ST/STM32_USB_Device_Library/Core/Src/usbd_core.o
                0x00000000080060a0                USBD_LL_DataOutStage
 .text.USBD_LL_DataInStage
                0x0000000008006182      0x14a ./Middlewares/ST/STM32_USB_Device_Library/Core/Src/usbd_core.o
                0x0000000008006182                USBD_LL_DataInStage
 .text.USBD_LL_Reset
                0x00000000080062cc       0x82 ./Middlewares/ST/STM32_USB_Device_Library/Core/Src/usbd_core.o
                0x00000000080062cc                USBD_LL_Reset
 .text.USBD_LL_SetSpeed
                0x000000000800634e       0x1e ./Middlewares/ST/STM32_USB_Device_Library/Core/Src/usbd_core.o
                0x000000000800634e                USBD_LL_SetSpeed
 .text.USBD_LL_Suspend
                0x000000000800636c       0x28 ./Middlewares/ST/STM32_USB_Device_Library/Core/Src/usbd_core.o
                0x000000000800636c                USBD_LL_Suspend
 .text.USBD_LL_Resume
                0x0000000008006394       0x2a ./Middlewares/ST/STM32_USB_Device_Library/Core/Src/usbd_core.o
                0x0000000008006394                USBD_LL_Resume
 .text.USBD_LL_SOF
                0x00000000080063be       0x34 ./Middlewares/ST/STM32_USB_Device_Library/Core/Src/usbd_core.o
                0x00000000080063be                USBD_LL_SOF
 *fill*         0x00000000080063f2        0x2 
 .text.USBD_StdDevReq
                0x00000000080063f4       0xd4 ./Middlewares/ST/STM32_USB_Device_Library/Core/Src/usbd_ctlreq.o
                0x00000000080063f4                USBD_StdDevReq
 .text.USBD_StdItfReq
                0x00000000080064c8       0x90 ./Middlewares/ST/STM32_USB_Device_Library/Core/Src/usbd_ctlreq.o
                0x00000000080064c8                USBD_StdItfReq
 .text.USBD_StdEPReq
                0x0000000008006558      0x2c6 ./Middlewares/ST/STM32_USB_Device_Library/Core/Src/usbd_ctlreq.o
                0x0000000008006558                USBD_StdEPReq
 *fill*         0x000000000800681e        0x2 
 .text.USBD_GetDescriptor
                0x0000000008006820      0x2d0 ./Middlewares/ST/STM32_USB_Device_Library/Core/Src/usbd_ctlreq.o
 .text.USBD_SetAddress
                0x0000000008006af0       0x86 ./Middlewares/ST/STM32_USB_Device_Library/Core/Src/usbd_ctlreq.o
 *fill*         0x0000000008006b76        0x2 
 .text.USBD_SetConfig
                0x0000000008006b78      0x11c ./Middlewares/ST/STM32_USB_Device_Library/Core/Src/usbd_ctlreq.o
 .text.USBD_GetConfig
                0x0000000008006c94       0x6a ./Middlewares/ST/STM32_USB_Device_Library/Core/Src/usbd_ctlreq.o
 .text.USBD_GetStatus
                0x0000000008006cfe       0x66 ./Middlewares/ST/STM32_USB_Device_Library/Core/Src/usbd_ctlreq.o
 .text.USBD_SetFeature
                0x0000000008006d64       0x28 ./Middlewares/ST/STM32_USB_Device_Library/Core/Src/usbd_ctlreq.o
 .text.USBD_ClrFeature
                0x0000000008006d8c       0x42 ./Middlewares/ST/STM32_USB_Device_Library/Core/Src/usbd_ctlreq.o
 .text.USBD_ParseSetupRequest
                0x0000000008006dce       0x78 ./Middlewares/ST/STM32_USB_Device_Library/Core/Src/usbd_ctlreq.o
                0x0000000008006dce                USBD_ParseSetupRequest
 .text.USBD_CtlError
                0x0000000008006e46       0x22 ./Middlewares/ST/STM32_USB_Device_Library/Core/Src/usbd_ctlreq.o
                0x0000000008006e46                USBD_CtlError
 .text.USBD_GetString
                0x0000000008006e68       0x84 ./Middlewares/ST/STM32_USB_Device_Library/Core/Src/usbd_ctlreq.o
                0x0000000008006e68                USBD_GetString
 .text.USBD_GetLen
                0x0000000008006eec       0x2e ./Middlewares/ST/STM32_USB_Device_Library/Core/Src/usbd_ctlreq.o
 .text.USBD_CtlSendData
                0x0000000008006f1a       0x38 ./Middlewares/ST/STM32_USB_Device_Library/Core/Src/usbd_ioreq.o
                0x0000000008006f1a                USBD_CtlSendData
 .text.USBD_CtlContinueSendData
                0x0000000008006f52       0x24 ./Middlewares/ST/STM32_USB_Device_Library/Core/Src/usbd_ioreq.o
                0x0000000008006f52                USBD_CtlContinueSendData
 .text.USBD_CtlPrepareRx
                0x0000000008006f76       0x3c ./Middlewares/ST/STM32_USB_Device_Library/Core/Src/usbd_ioreq.o
                0x0000000008006f76                USBD_CtlPrepareRx
 .text.USBD_CtlContinueRx
                0x0000000008006fb2       0x24 ./Middlewares/ST/STM32_USB_Device_Library/Core/Src/usbd_ioreq.o
                0x0000000008006fb2                USBD_CtlContinueRx
 .text.USBD_CtlSendStatus
                0x0000000008006fd6       0x26 ./Middlewares/ST/STM32_USB_Device_Library/Core/Src/usbd_ioreq.o
                0x0000000008006fd6                USBD_CtlSendStatus
 .text.USBD_CtlReceiveStatus
                0x0000000008006ffc       0x26 ./Middlewares/ST/STM32_USB_Device_Library/Core/Src/usbd_ioreq.o
                0x0000000008006ffc                USBD_CtlReceiveStatus
 *fill*         0x0000000008007022        0x2 
 .text.MX_USB_DEVICE_Init
                0x0000000008007024       0x60 ./USB_DEVICE/App/usb_device.o
                0x0000000008007024                MX_USB_DEVICE_Init
 .text.CDC_Init_FS
                0x0000000008007084       0x28 ./USB_DEVICE/App/usbd_cdc_if.o
 .text.CDC_DeInit_FS
                0x00000000080070ac        0xe ./USB_DEVICE/App/usbd_cdc_if.o
 *fill*         0x00000000080070ba        0x2 
 .text.CDC_Control_FS
                0x00000000080070bc       0xbc ./USB_DEVICE/App/usbd_cdc_if.o
 .text.CDC_Receive_FS
                0x0000000008007178       0x28 ./USB_DEVICE/App/usbd_cdc_if.o
 .text.CDC_Transmit_FS
                0x00000000080071a0       0x4c ./USB_DEVICE/App/usbd_cdc_if.o
                0x00000000080071a0                CDC_Transmit_FS
 .text.USBD_FS_DeviceDescriptor
                0x00000000080071ec       0x24 ./USB_DEVICE/App/usbd_desc.o
                0x00000000080071ec                USBD_FS_DeviceDescriptor
 .text.USBD_FS_LangIDStrDescriptor
                0x0000000008007210       0x24 ./USB_DEVICE/App/usbd_desc.o
                0x0000000008007210                USBD_FS_LangIDStrDescriptor
 .text.USBD_FS_ProductStrDescriptor
                0x0000000008007234       0x3c ./USB_DEVICE/App/usbd_desc.o
                0x0000000008007234                USBD_FS_ProductStrDescriptor
 .text.USBD_FS_ManufacturerStrDescriptor
                0x0000000008007270       0x28 ./USB_DEVICE/App/usbd_desc.o
                0x0000000008007270                USBD_FS_ManufacturerStrDescriptor
 .text.USBD_FS_SerialStrDescriptor
                0x0000000008007298       0x24 ./USB_DEVICE/App/usbd_desc.o
                0x0000000008007298                USBD_FS_SerialStrDescriptor
 .text.USBD_FS_ConfigStrDescriptor
                0x00000000080072bc       0x3c ./USB_DEVICE/App/usbd_desc.o
                0x00000000080072bc                USBD_FS_ConfigStrDescriptor
 .text.USBD_FS_InterfaceStrDescriptor
                0x00000000080072f8       0x3c ./USB_DEVICE/App/usbd_desc.o
                0x00000000080072f8                USBD_FS_InterfaceStrDescriptor
 .text.Get_SerialNum
                0x0000000008007334       0x58 ./USB_DEVICE/App/usbd_desc.o
 .text.IntToUnicode
                0x000000000800738c       0x7c ./USB_DEVICE/App/usbd_desc.o
 .text.HAL_PCD_MspInit
                0x0000000008007408       0x4c ./USB_DEVICE/Target/usbd_conf.o
                0x0000000008007408                HAL_PCD_MspInit
 .text.HAL_PCD_SetupStageCallback
                0x0000000008007454       0x24 ./USB_DEVICE/Target/usbd_conf.o
                0x0000000008007454                HAL_PCD_SetupStageCallback
 .text.HAL_PCD_DataOutStageCallback
                0x0000000008007478       0x36 ./USB_DEVICE/Target/usbd_conf.o
                0x0000000008007478                HAL_PCD_DataOutStageCallback
 .text.HAL_PCD_DataInStageCallback
                0x00000000080074ae       0x34 ./USB_DEVICE/Target/usbd_conf.o
                0x00000000080074ae                HAL_PCD_DataInStageCallback
 .text.HAL_PCD_SOFCallback
                0x00000000080074e2       0x1c ./USB_DEVICE/Target/usbd_conf.o
                0x00000000080074e2                HAL_PCD_SOFCallback
 .text.HAL_PCD_ResetCallback
                0x00000000080074fe       0x3c ./USB_DEVICE/Target/usbd_conf.o
                0x00000000080074fe                HAL_PCD_ResetCallback
 *fill*         0x000000000800753a        0x2 
 .text.HAL_PCD_SuspendCallback
                0x000000000800753c       0x34 ./USB_DEVICE/Target/usbd_conf.o
                0x000000000800753c                HAL_PCD_SuspendCallback
 .text.HAL_PCD_ResumeCallback
                0x0000000008007570       0x1c ./USB_DEVICE/Target/usbd_conf.o
                0x0000000008007570                HAL_PCD_ResumeCallback
 .text.USBD_LL_Init
                0x000000000800758c       0xb4 ./USB_DEVICE/Target/usbd_conf.o
                0x000000000800758c                USBD_LL_Init
 .text.USBD_LL_Start
                0x0000000008007640       0x36 ./USB_DEVICE/Target/usbd_conf.o
                0x0000000008007640                USBD_LL_Start
 .text.USBD_LL_OpenEP
                0x0000000008007676       0x4c ./USB_DEVICE/Target/usbd_conf.o
                0x0000000008007676                USBD_LL_OpenEP
 .text.USBD_LL_CloseEP
                0x00000000080076c2       0x3e ./USB_DEVICE/Target/usbd_conf.o
                0x00000000080076c2                USBD_LL_CloseEP
 .text.USBD_LL_StallEP
                0x0000000008007700       0x3e ./USB_DEVICE/Target/usbd_conf.o
                0x0000000008007700                USBD_LL_StallEP
 .text.USBD_LL_ClearStallEP
                0x000000000800773e       0x3e ./USB_DEVICE/Target/usbd_conf.o
                0x000000000800773e                USBD_LL_ClearStallEP
 .text.USBD_LL_IsStallEP
                0x000000000800777c       0x58 ./USB_DEVICE/Target/usbd_conf.o
                0x000000000800777c                USBD_LL_IsStallEP
 .text.USBD_LL_SetUSBAddress
                0x00000000080077d4       0x3e ./USB_DEVICE/Target/usbd_conf.o
                0x00000000080077d4                USBD_LL_SetUSBAddress
 .text.USBD_LL_Transmit
                0x0000000008007812       0x46 ./USB_DEVICE/Target/usbd_conf.o
                0x0000000008007812                USBD_LL_Transmit
 .text.USBD_LL_PrepareReceive
                0x0000000008007858       0x46 ./USB_DEVICE/Target/usbd_conf.o
                0x0000000008007858                USBD_LL_PrepareReceive
 .text.USBD_LL_GetRxDataSize
                0x000000000800789e       0x26 ./USB_DEVICE/Target/usbd_conf.o
                0x000000000800789e                USBD_LL_GetRxDataSize
 .text.USBD_static_malloc
                0x00000000080078c4       0x18 ./USB_DEVICE/Target/usbd_conf.o
                0x00000000080078c4                USBD_static_malloc
 .text.USBD_static_free
                0x00000000080078dc       0x12 ./USB_DEVICE/Target/usbd_conf.o
                0x00000000080078dc                USBD_static_free
 .text.HAL_PCDEx_SetConnectionState
                0x00000000080078ee       0x16 ./USB_DEVICE/Target/usbd_conf.o
                0x00000000080078ee                HAL_PCDEx_SetConnectionState
 .text.USBD_Get_USB_Status
                0x0000000008007904       0x58 ./USB_DEVICE/Target/usbd_conf.o
 .text.__libc_init_array
                0x000000000800795c       0x48 c:/st/stm32cubeide_1.8.0/stm32cubeide/plugins/com.st.stm32cube.ide.mcu.externaltools.gnu-tools-for-stm32.10.3-2021.10.win32_1.0.0.202111181127/tools/bin/../lib/gcc/arm-none-eabi/10.3.1/../../../../arm-none-eabi/lib/thumb/v7-m/nofp\libc_nano.a(lib_a-init.o)
                0x000000000800795c                __libc_init_array
 .text.memset   0x00000000080079a4       0x10 c:/st/stm32cubeide_1.8.0/stm32cubeide/plugins/com.st.stm32cube.ide.mcu.externaltools.gnu-tools-for-stm32.10.3-2021.10.win32_1.0.0.202111181127/tools/bin/../lib/gcc/arm-none-eabi/10.3.1/../../../../arm-none-eabi/lib/thumb/v7-m/nofp\libc_nano.a(lib_a-memset.o)
                0x00000000080079a4                memset
 *(.glue_7)
 .glue_7        0x00000000080079b4        0x0 linker stubs
 *(.glue_7t)
 .glue_7t       0x00000000080079b4        0x0 linker stubs
 *(.eh_frame)
 .eh_frame      0x00000000080079b4        0x0 c:/st/stm32cubeide_1.8.0/stm32cubeide/plugins/com.st.stm32cube.ide.mcu.externaltools.gnu-tools-for-stm32.10.3-2021.10.win32_1.0.0.202111181127/tools/bin/../lib/gcc/arm-none-eabi/10.3.1/thumb/v7-m/nofp/crtbegin.o
 *(.init)
 .init          0x00000000080079b4        0x4 c:/st/stm32cubeide_1.8.0/stm32cubeide/plugins/com.st.stm32cube.ide.mcu.externaltools.gnu-tools-for-stm32.10.3-2021.10.win32_1.0.0.202111181127/tools/bin/../lib/gcc/arm-none-eabi/10.3.1/thumb/v7-m/nofp/crti.o
                0x00000000080079b4                _init
 .init          0x00000000080079b8        0x8 c:/st/stm32cubeide_1.8.0/stm32cubeide/plugins/com.st.stm32cube.ide.mcu.externaltools.gnu-tools-for-stm32.10.3-2021.10.win32_1.0.0.202111181127/tools/bin/../lib/gcc/arm-none-eabi/10.3.1/thumb/v7-m/nofp/crtn.o
 *(.fini)
 .fini          0x00000000080079c0        0x4 c:/st/stm32cubeide_1.8.0/stm32cubeide/plugins/com.st.stm32cube.ide.mcu.externaltools.gnu-tools-for-stm32.10.3-2021.10.win32_1.0.0.202111181127/tools/bin/../lib/gcc/arm-none-eabi/10.3.1/thumb/v7-m/nofp/crti.o
                0x00000000080079c0                _fini
 .fini          0x00000000080079c4        0x8 c:/st/stm32cubeide_1.8.0/stm32cubeide/plugins/com.st.stm32cube.ide.mcu.externaltools.gnu-tools-for-stm32.10.3-2021.10.win32_1.0.0.202111181127/tools/bin/../lib/gcc/arm-none-eabi/10.3.1/thumb/v7-m/nofp/crtn.o
                0x00000000080079cc                . = ALIGN (0x4)
                0x00000000080079cc                _etext = .

.vfp11_veneer   0x00000000080079cc        0x0
 .vfp11_veneer  0x00000000080079cc        0x0 linker stubs

.v4_bx          0x00000000080079cc        0x0
 .v4_bx         0x00000000080079cc        0x0 linker stubs

.iplt           0x00000000080079cc        0x0
 .iplt          0x00000000080079cc        0x0 c:/st/stm32cubeide_1.8.0/stm32cubeide/plugins/com.st.stm32cube.ide.mcu.externaltools.gnu-tools-for-stm32.10.3-2021.10.win32_1.0.0.202111181127/tools/bin/../lib/gcc/arm-none-eabi/10.3.1/thumb/v7-m/nofp/crtbegin.o

.rodata         0x00000000080079cc       0x84
                0x00000000080079cc                . = ALIGN (0x4)
 *(.rodata)
 .rodata        0x00000000080079cc       0x1b ./Core/Src/main.o
 *fill*         0x00000000080079e7        0x1 
 .rodata        0x00000000080079e8       0x10 ./Drivers/STM32F1xx_HAL_Driver/Src/stm32f1xx_hal_rcc.o
 .rodata        0x00000000080079f8       0x46 ./USB_DEVICE/App/usbd_desc.o
 *(.rodata*)
 *fill*         0x0000000008007a3e        0x2 
 .rodata.AHBPrescTable
                0x0000000008007a40       0x10 ./Core/Src/system_stm32f1xx.o
                0x0000000008007a40                AHBPrescTable
                0x0000000008007a50                . = ALIGN (0x4)

.rel.dyn        0x0000000008007a50        0x0
 .rel.iplt      0x0000000008007a50        0x0 c:/st/stm32cubeide_1.8.0/stm32cubeide/plugins/com.st.stm32cube.ide.mcu.externaltools.gnu-tools-for-stm32.10.3-2021.10.win32_1.0.0.202111181127/tools/bin/../lib/gcc/arm-none-eabi/10.3.1/thumb/v7-m/nofp/crtbegin.o

.ARM.extab      0x0000000008007a50        0x0
                0x0000000008007a50                . = ALIGN (0x4)
 *(.ARM.extab* .gnu.linkonce.armextab.*)
                0x0000000008007a50                . = ALIGN (0x4)

.ARM            0x0000000008007a50        0x0
                0x0000000008007a50                . = ALIGN (0x4)
                0x0000000008007a50                __exidx_start = .
 *(.ARM.exidx*)
                0x0000000008007a50                __exidx_end = .
                0x0000000008007a50                . = ALIGN (0x4)

.preinit_array  0x0000000008007a50        0x0
                0x0000000008007a50                . = ALIGN (0x4)
                0x0000000008007a50                PROVIDE (__preinit_array_start = .)
 *(.preinit_array*)
                0x0000000008007a50                PROVIDE (__preinit_array_end = .)
                0x0000000008007a50                . = ALIGN (0x4)

.init_array     0x0000000008007a50        0x4
                0x0000000008007a50                . = ALIGN (0x4)
                0x0000000008007a50                PROVIDE (__init_array_start = .)
 *(SORT_BY_NAME(.init_array.*))
 *(.init_array*)
 .init_array    0x0000000008007a50        0x4 c:/st/stm32cubeide_1.8.0/stm32cubeide/plugins/com.st.stm32cube.ide.mcu.externaltools.gnu-tools-for-stm32.10.3-2021.10.win32_1.0.0.202111181127/tools/bin/../lib/gcc/arm-none-eabi/10.3.1/thumb/v7-m/nofp/crtbegin.o
                0x0000000008007a54                PROVIDE (__init_array_end = .)
                0x0000000008007a54                . = ALIGN (0x4)

.fini_array     0x0000000008007a54        0x4
                0x0000000008007a54                . = ALIGN (0x4)
                [!provide]                        PROVIDE (__fini_array_start = .)
 *(SORT_BY_NAME(.fini_array.*))
 *(.fini_array*)
 .fini_array    0x0000000008007a54        0x4 c:/st/stm32cubeide_1.8.0/stm32cubeide/plugins/com.st.stm32cube.ide.mcu.externaltools.gnu-tools-for-stm32.10.3-2021.10.win32_1.0.0.202111181127/tools/bin/../lib/gcc/arm-none-eabi/10.3.1/thumb/v7-m/nofp/crtbegin.o
                [!provide]                        PROVIDE (__fini_array_end = .)
                0x0000000008007a58                . = ALIGN (0x4)
                0x0000000008007a58                _sidata = LOADADDR (.data)

.data           0x0000000020000000      0x180 load address 0x0000000008007a58
                0x0000000020000000                . = ALIGN (0x4)
                0x0000000020000000                _sdata = .
 *(.data)
 *(.data*)
 .data.data     0x0000000020000000        0x4 ./Core/Src/main.o
                0x0000000020000000                data
 .data.SystemCoreClock
                0x0000000020000004        0x4 ./Core/Src/system_stm32f1xx.o
                0x0000000020000004                SystemCoreClock
 .data.uwTickPrio
                0x0000000020000008        0x4 ./Drivers/STM32F1xx_HAL_Driver/Src/stm32f1xx_hal.o
                0x0000000020000008                uwTickPrio
 .data.uwTickFreq
                0x000000002000000c        0x1 ./Drivers/STM32F1xx_HAL_Driver/Src/stm32f1xx_hal.o
                0x000000002000000c                uwTickFreq
 *fill*         0x000000002000000d        0x3 
 .data.USBD_CDC_DeviceQualifierDesc
                0x0000000020000010        0xa ./Middlewares/ST/STM32_USB_Device_Library/Class/CDC/Src/usbd_cdc.o
 *fill*         0x000000002000001a        0x2 
 .data.USBD_CDC
                0x000000002000001c       0x38 ./Middlewares/ST/STM32_USB_Device_Library/Class/CDC/Src/usbd_cdc.o
                0x000000002000001c                USBD_CDC
 .data.USBD_CDC_CfgHSDesc
                0x0000000020000054       0x43 ./Middlewares/ST/STM32_USB_Device_Library/Class/CDC/Src/usbd_cdc.o
                0x0000000020000054                USBD_CDC_CfgHSDesc
 *fill*         0x0000000020000097        0x1 
 .data.USBD_CDC_CfgFSDesc
                0x0000000020000098       0x43 ./Middlewares/ST/STM32_USB_Device_Library/Class/CDC/Src/usbd_cdc.o
                0x0000000020000098                USBD_CDC_CfgFSDesc
 *fill*         0x00000000200000db        0x1 
 .data.USBD_CDC_OtherSpeedCfgDesc
                0x00000000200000dc       0x43 ./Middlewares/ST/STM32_USB_Device_Library/Class/CDC/Src/usbd_cdc.o
                0x00000000200000dc                USBD_CDC_OtherSpeedCfgDesc
 *fill*         0x000000002000011f        0x1 
 .data.USBD_Interface_fops_FS
                0x0000000020000120       0x10 ./USB_DEVICE/App/usbd_cdc_if.o
                0x0000000020000120                USBD_Interface_fops_FS
 .data.FS_Desc  0x0000000020000130       0x1c ./USB_DEVICE/App/usbd_desc.o
                0x0000000020000130                FS_Desc
 .data.USBD_FS_DeviceDesc
                0x000000002000014c       0x12 ./USB_DEVICE/App/usbd_desc.o
                0x000000002000014c                USBD_FS_DeviceDesc
 *fill*         0x000000002000015e        0x2 
 .data.USBD_LangIDDesc
                0x0000000020000160        0x4 ./USB_DEVICE/App/usbd_desc.o
                0x0000000020000160                USBD_LangIDDesc
 .data.USBD_StringSerial
                0x0000000020000164       0x1a ./USB_DEVICE/App/usbd_desc.o
                0x0000000020000164                USBD_StringSerial
 *(.RamFunc)
 *(.RamFunc*)
                0x0000000020000180                . = ALIGN (0x4)
 *fill*         0x000000002000017e        0x2 
                0x0000000020000180                _edata = .

.igot.plt       0x0000000020000180        0x0 load address 0x0000000008007bd8
 .igot.plt      0x0000000020000180        0x0 c:/st/stm32cubeide_1.8.0/stm32cubeide/plugins/com.st.stm32cube.ide.mcu.externaltools.gnu-tools-for-stm32.10.3-2021.10.win32_1.0.0.202111181127/tools/bin/../lib/gcc/arm-none-eabi/10.3.1/thumb/v7-m/nofp/crtbegin.o
                0x0000000020000180                . = ALIGN (0x4)

.bss            0x0000000020000180     0x11c4 load address 0x0000000008007bd8
                0x0000000020000180                _sbss = .
                0x0000000020000180                __bss_start__ = _sbss
 *(.bss)
 .bss           0x0000000020000180       0x1c c:/st/stm32cubeide_1.8.0/stm32cubeide/plugins/com.st.stm32cube.ide.mcu.externaltools.gnu-tools-for-stm32.10.3-2021.10.win32_1.0.0.202111181127/tools/bin/../lib/gcc/arm-none-eabi/10.3.1/thumb/v7-m/nofp/crtbegin.o
 *(.bss*)
 .bss.uwTick    0x000000002000019c        0x4 ./Drivers/STM32F1xx_HAL_Driver/Src/stm32f1xx_hal.o
                0x000000002000019c                uwTick
 .bss.cfgidx.0  0x00000000200001a0        0x1 ./Middlewares/ST/STM32_USB_Device_Library/Core/Src/usbd_ctlreq.o
 *fill*         0x00000000200001a1        0x3 
 .bss.hUsbDeviceFS
                0x00000000200001a4      0x2c4 ./USB_DEVICE/App/usb_device.o
                0x00000000200001a4                hUsbDeviceFS
 .bss.UserRxBufferFS
                0x0000000020000468      0x3e8 ./USB_DEVICE/App/usbd_cdc_if.o
                0x0000000020000468                UserRxBufferFS
 .bss.UserTxBufferFS
                0x0000000020000850      0x3e8 ./USB_DEVICE/App/usbd_cdc_if.o
                0x0000000020000850                UserTxBufferFS
 .bss.USBD_StrDesc
                0x0000000020000c38      0x200 ./USB_DEVICE/App/usbd_desc.o
                0x0000000020000c38                USBD_StrDesc
 .bss.hpcd_USB_FS
                0x0000000020000e38      0x2ec ./USB_DEVICE/Target/usbd_conf.o
                0x0000000020000e38                hpcd_USB_FS
 .bss.mem.0     0x0000000020001124      0x220 ./USB_DEVICE/Target/usbd_conf.o
 *(COMMON)
                0x0000000020001344                . = ALIGN (0x4)
                0x0000000020001344                _ebss = .
                0x0000000020001344                __bss_end__ = _ebss

._user_heap_stack
                0x0000000020001344      0x604 load address 0x0000000008007bd8
                0x0000000020001348                . = ALIGN (0x8)
 *fill*         0x0000000020001344        0x4 
                [!provide]                        PROVIDE (end = .)
                0x0000000020001348                PROVIDE (_end = .)
                0x0000000020001548                . = (. + _Min_Heap_Size)
 *fill*         0x0000000020001348      0x200 
                0x0000000020001948                . = (. + _Min_Stack_Size)
 *fill*         0x0000000020001548      0x400 
                0x0000000020001948                . = ALIGN (0x8)

/DISCARD/
 libc.a(*)
 libm.a(*)
 libgcc.a(*)

.ARM.attributes
                0x0000000000000000       0x29
 *(.ARM.attributes)
 .ARM.attributes
                0x0000000000000000       0x1d c:/st/stm32cubeide_1.8.0/stm32cubeide/plugins/com.st.stm32cube.ide.mcu.externaltools.gnu-tools-for-stm32.10.3-2021.10.win32_1.0.0.202111181127/tools/bin/../lib/gcc/arm-none-eabi/10.3.1/thumb/v7-m/nofp/crti.o
 .ARM.attributes
                0x000000000000001d       0x2d c:/st/stm32cubeide_1.8.0/stm32cubeide/plugins/com.st.stm32cube.ide.mcu.externaltools.gnu-tools-for-stm32.10.3-2021.10.win32_1.0.0.202111181127/tools/bin/../lib/gcc/arm-none-eabi/10.3.1/thumb/v7-m/nofp/crtbegin.o
 .ARM.attributes
                0x000000000000004a       0x2d ./Core/Src/main.o
 .ARM.attributes
                0x0000000000000077       0x2d ./Core/Src/stm32f1xx_hal_msp.o
 .ARM.attributes
                0x00000000000000a4       0x2d ./Core/Src/stm32f1xx_it.o
 .ARM.attributes
                0x00000000000000d1       0x2d ./Core/Src/system_stm32f1xx.o
 .ARM.attributes
                0x00000000000000fe       0x21 ./Core/Startup/startup_stm32f103cbtx.o
 .ARM.attributes
                0x000000000000011f       0x2d ./Drivers/STM32F1xx_HAL_Driver/Src/stm32f1xx_hal.o
 .ARM.attributes
                0x000000000000014c       0x2d ./Drivers/STM32F1xx_HAL_Driver/Src/stm32f1xx_hal_cortex.o
 .ARM.attributes
                0x0000000000000179       0x2d ./Drivers/STM32F1xx_HAL_Driver/Src/stm32f1xx_hal_gpio.o
 .ARM.attributes
                0x00000000000001a6       0x2d ./Drivers/STM32F1xx_HAL_Driver/Src/stm32f1xx_hal_pcd.o
 .ARM.attributes
                0x00000000000001d3       0x2d ./Drivers/STM32F1xx_HAL_Driver/Src/stm32f1xx_hal_pcd_ex.o
 .ARM.attributes
                0x0000000000000200       0x2d ./Drivers/STM32F1xx_HAL_Driver/Src/stm32f1xx_hal_rcc.o
 .ARM.attributes
                0x000000000000022d       0x2d ./Drivers/STM32F1xx_HAL_Driver/Src/stm32f1xx_hal_rcc_ex.o
 .ARM.attributes
                0x000000000000025a       0x2d ./Drivers/STM32F1xx_HAL_Driver/Src/stm32f1xx_ll_usb.o
 .ARM.attributes
                0x0000000000000287       0x2d ./Middlewares/ST/STM32_USB_Device_Library/Class/CDC/Src/usbd_cdc.o
 .ARM.attributes
                0x00000000000002b4       0x2d ./Middlewares/ST/STM32_USB_Device_Library/Core/Src/usbd_core.o
 .ARM.attributes
                0x00000000000002e1       0x2d ./Middlewares/ST/STM32_USB_Device_Library/Core/Src/usbd_ctlreq.o
 .ARM.attributes
                0x000000000000030e       0x2d ./Middlewares/ST/STM32_USB_Device_Library/Core/Src/usbd_ioreq.o
 .ARM.attributes
                0x000000000000033b       0x2d ./USB_DEVICE/App/usb_device.o
 .ARM.attributes
                0x0000000000000368       0x2d ./USB_DEVICE/App/usbd_cdc_if.o
 .ARM.attributes
                0x0000000000000395       0x2d ./USB_DEVICE/App/usbd_desc.o
 .ARM.attributes
                0x00000000000003c2       0x2d ./USB_DEVICE/Target/usbd_conf.o
 .ARM.attributes
                0x00000000000003ef       0x2d c:/st/stm32cubeide_1.8.0/stm32cubeide/plugins/com.st.stm32cube.ide.mcu.externaltools.gnu-tools-for-stm32.10.3-2021.10.win32_1.0.0.202111181127/tools/bin/../lib/gcc/arm-none-eabi/10.3.1/../../../../arm-none-eabi/lib/thumb/v7-m/nofp\libc_nano.a(lib_a-init.o)
 .ARM.attributes
                0x000000000000041c       0x2d c:/st/stm32cubeide_1.8.0/stm32cubeide/plugins/com.st.stm32cube.ide.mcu.externaltools.gnu-tools-for-stm32.10.3-2021.10.win32_1.0.0.202111181127/tools/bin/../lib/gcc/arm-none-eabi/10.3.1/../../../../arm-none-eabi/lib/thumb/v7-m/nofp\libc_nano.a(lib_a-memset.o)
 .ARM.attributes
                0x0000000000000449       0x17 c:/st/stm32cubeide_1.8.0/stm32cubeide/plugins/com.st.stm32cube.ide.mcu.externaltools.gnu-tools-for-stm32.10.3-2021.10.win32_1.0.0.202111181127/tools/bin/../lib/gcc/arm-none-eabi/10.3.1/../../../../arm-none-eabi/lib/thumb/v7-m/nofp\libc_nano.a(lib_a-strlen.o)
 .ARM.attributes
                0x0000000000000460       0x1d c:/st/stm32cubeide_1.8.0/stm32cubeide/plugins/com.st.stm32cube.ide.mcu.externaltools.gnu-tools-for-stm32.10.3-2021.10.win32_1.0.0.202111181127/tools/bin/../lib/gcc/arm-none-eabi/10.3.1/thumb/v7-m/nofp/crtn.o
OUTPUT(USB2CAN.elf elf32-littlearm)
LOAD linker stubs
LOAD c:/st/stm32cubeide_1.8.0/stm32cubeide/plugins/com.st.stm32cube.ide.mcu.externaltools.gnu-tools-for-stm32.10.3-2021.10.win32_1.0.0.202111181127/tools/bin/../lib/gcc/arm-none-eabi/10.3.1/../../../../arm-none-eabi/lib/thumb/v7-m/nofp\libc.a
LOAD c:/st/stm32cubeide_1.8.0/stm32cubeide/plugins/com.st.stm32cube.ide.mcu.externaltools.gnu-tools-for-stm32.10.3-2021.10.win32_1.0.0.202111181127/tools/bin/../lib/gcc/arm-none-eabi/10.3.1/../../../../arm-none-eabi/lib/thumb/v7-m/nofp\libm.a
LOAD c:/st/stm32cubeide_1.8.0/stm32cubeide/plugins/com.st.stm32cube.ide.mcu.externaltools.gnu-tools-for-stm32.10.3-2021.10.win32_1.0.0.202111181127/tools/bin/../lib/gcc/arm-none-eabi/10.3.1/thumb/v7-m/nofp\libgcc.a

.debug_info     0x0000000000000000     0xc71c
 .debug_info    0x0000000000000000      0x680 ./Core/Src/main.o
 .debug_info    0x0000000000000680      0x180 ./Core/Src/stm32f1xx_hal_msp.o
 .debug_info    0x0000000000000800      0x661 ./Core/Src/stm32f1xx_it.o
 .debug_info    0x0000000000000e61      0x3f8 ./Core/Src/system_stm32f1xx.o
 .debug_info    0x0000000000001259       0x22 ./Core/Startup/startup_stm32f103cbtx.o
 .debug_info    0x000000000000127b      0x734 ./Drivers/STM32F1xx_HAL_Driver/Src/stm32f1xx_hal.o
 .debug_info    0x00000000000019af      0xb20 ./Drivers/STM32F1xx_HAL_Driver/Src/stm32f1xx_hal_cortex.o
 .debug_info    0x00000000000024cf      0x615 ./Drivers/STM32F1xx_HAL_Driver/Src/stm32f1xx_hal_gpio.o
 .debug_info    0x0000000000002ae4     0x16ab ./Drivers/STM32F1xx_HAL_Driver/Src/stm32f1xx_hal_pcd.o
 .debug_info    0x000000000000418f      0x728 ./Drivers/STM32F1xx_HAL_Driver/Src/stm32f1xx_hal_pcd_ex.o
 .debug_info    0x00000000000048b7      0x860 ./Drivers/STM32F1xx_HAL_Driver/Src/stm32f1xx_hal_rcc.o
 .debug_info    0x0000000000005117      0x3e0 ./Drivers/STM32F1xx_HAL_Driver/Src/stm32f1xx_hal_rcc_ex.o
 .debug_info    0x00000000000054f7     0x190d ./Drivers/STM32F1xx_HAL_Driver/Src/stm32f1xx_ll_usb.o
 .debug_info    0x0000000000006e04     0x10f1 ./Middlewares/ST/STM32_USB_Device_Library/Class/CDC/Src/usbd_cdc.o
 .debug_info    0x0000000000007ef5      0xb02 ./Middlewares/ST/STM32_USB_Device_Library/Core/Src/usbd_core.o
 .debug_info    0x00000000000089f7      0x9b6 ./Middlewares/ST/STM32_USB_Device_Library/Core/Src/usbd_ctlreq.o
 .debug_info    0x00000000000093ad      0x715 ./Middlewares/ST/STM32_USB_Device_Library/Core/Src/usbd_ioreq.o
 .debug_info    0x0000000000009ac2      0x679 ./USB_DEVICE/App/usb_device.o
 .debug_info    0x000000000000a13b      0x828 ./USB_DEVICE/App/usbd_cdc_if.o
 .debug_info    0x000000000000a963      0x484 ./USB_DEVICE/App/usbd_desc.o
 .debug_info    0x000000000000ade7     0x1935 ./USB_DEVICE/Target/usbd_conf.o

.debug_abbrev   0x0000000000000000     0x284e
 .debug_abbrev  0x0000000000000000      0x241 ./Core/Src/main.o
 .debug_abbrev  0x0000000000000241       0xc2 ./Core/Src/stm32f1xx_hal_msp.o
 .debug_abbrev  0x0000000000000303      0x188 ./Core/Src/stm32f1xx_it.o
 .debug_abbrev  0x000000000000048b      0x13b ./Core/Src/system_stm32f1xx.o
 .debug_abbrev  0x00000000000005c6       0x12 ./Core/Startup/startup_stm32f103cbtx.o
 .debug_abbrev  0x00000000000005d8      0x1fb ./Drivers/STM32F1xx_HAL_Driver/Src/stm32f1xx_hal.o
 .debug_abbrev  0x00000000000007d3      0x2ed ./Drivers/STM32F1xx_HAL_Driver/Src/stm32f1xx_hal_cortex.o
 .debug_abbrev  0x0000000000000ac0      0x1bb ./Drivers/STM32F1xx_HAL_Driver/Src/stm32f1xx_hal_gpio.o
 .debug_abbrev  0x0000000000000c7b      0x2b9 ./Drivers/STM32F1xx_HAL_Driver/Src/stm32f1xx_hal_pcd.o
 .debug_abbrev  0x0000000000000f34      0x17f ./Drivers/STM32F1xx_HAL_Driver/Src/stm32f1xx_hal_pcd_ex.o
 .debug_abbrev  0x00000000000010b3      0x2a8 ./Drivers/STM32F1xx_HAL_Driver/Src/stm32f1xx_hal_rcc.o
 .debug_abbrev  0x000000000000135b      0x182 ./Drivers/STM32F1xx_HAL_Driver/Src/stm32f1xx_hal_rcc_ex.o
 .debug_abbrev  0x00000000000014dd      0x1cd ./Drivers/STM32F1xx_HAL_Driver/Src/stm32f1xx_ll_usb.o
 .debug_abbrev  0x00000000000016aa      0x2c0 ./Middlewares/ST/STM32_USB_Device_Library/Class/CDC/Src/usbd_cdc.o
 .debug_abbrev  0x000000000000196a      0x236 ./Middlewares/ST/STM32_USB_Device_Library/Core/Src/usbd_core.o
 .debug_abbrev  0x0000000000001ba0      0x257 ./Middlewares/ST/STM32_USB_Device_Library/Core/Src/usbd_ctlreq.o
 .debug_abbrev  0x0000000000001df7      0x183 ./Middlewares/ST/STM32_USB_Device_Library/Core/Src/usbd_ioreq.o
 .debug_abbrev  0x0000000000001f7a      0x183 ./USB_DEVICE/App/usb_device.o
 .debug_abbrev  0x00000000000020fd      0x252 ./USB_DEVICE/App/usbd_cdc_if.o
 .debug_abbrev  0x000000000000234f      0x1fa ./USB_DEVICE/App/usbd_desc.o
 .debug_abbrev  0x0000000000002549      0x305 ./USB_DEVICE/Target/usbd_conf.o

.debug_aranges  0x0000000000000000      0xa60
 .debug_aranges
                0x0000000000000000       0x38 ./Core/Src/main.o
 .debug_aranges
                0x0000000000000038       0x20 ./Core/Src/stm32f1xx_hal_msp.o
 .debug_aranges
                0x0000000000000058       0x68 ./Core/Src/stm32f1xx_it.o
 .debug_aranges
                0x00000000000000c0       0x28 ./Core/Src/system_stm32f1xx.o
 .debug_aranges
                0x00000000000000e8       0x28 ./Core/Startup/startup_stm32f103cbtx.o
 .debug_aranges
                0x0000000000000110       0xe0 ./Drivers/STM32F1xx_HAL_Driver/Src/stm32f1xx_hal.o
 .debug_aranges
                0x00000000000001f0      0x100 ./Drivers/STM32F1xx_HAL_Driver/Src/stm32f1xx_hal_cortex.o
 .debug_aranges
                0x00000000000002f0       0x58 ./Drivers/STM32F1xx_HAL_Driver/Src/stm32f1xx_hal_gpio.o
 .debug_aranges
                0x0000000000000348      0x138 ./Drivers/STM32F1xx_HAL_Driver/Src/stm32f1xx_hal_pcd.o
 .debug_aranges
                0x0000000000000480       0x38 ./Drivers/STM32F1xx_HAL_Driver/Src/stm32f1xx_hal_pcd_ex.o
 .debug_aranges
                0x00000000000004b8       0x90 ./Drivers/STM32F1xx_HAL_Driver/Src/stm32f1xx_hal_rcc.o
 .debug_aranges
                0x0000000000000548       0x30 ./Drivers/STM32F1xx_HAL_Driver/Src/stm32f1xx_hal_rcc_ex.o
 .debug_aranges
                0x0000000000000578       0xf0 ./Drivers/STM32F1xx_HAL_Driver/Src/stm32f1xx_ll_usb.o
 .debug_aranges
                0x0000000000000668       0x90 ./Middlewares/ST/STM32_USB_Device_Library/Class/CDC/Src/usbd_cdc.o
 .debug_aranges
                0x00000000000006f8       0xb8 ./Middlewares/ST/STM32_USB_Device_Library/Core/Src/usbd_core.o
 .debug_aranges
                0x00000000000007b0       0x88 ./Middlewares/ST/STM32_USB_Device_Library/Core/Src/usbd_ctlreq.o
 .debug_aranges
                0x0000000000000838       0x50 ./Middlewares/ST/STM32_USB_Device_Library/Core/Src/usbd_ioreq.o
 .debug_aranges
                0x0000000000000888       0x20 ./USB_DEVICE/App/usb_device.o
 .debug_aranges
                0x00000000000008a8       0x40 ./USB_DEVICE/App/usbd_cdc_if.o
 .debug_aranges
                0x00000000000008e8       0x60 ./USB_DEVICE/App/usbd_desc.o
 .debug_aranges
                0x0000000000000948      0x118 ./USB_DEVICE/Target/usbd_conf.o

.debug_ranges   0x0000000000000000      0x918
 .debug_ranges  0x0000000000000000       0x28 ./Core/Src/main.o
 .debug_ranges  0x0000000000000028       0x10 ./Core/Src/stm32f1xx_hal_msp.o
 .debug_ranges  0x0000000000000038       0x58 ./Core/Src/stm32f1xx_it.o
 .debug_ranges  0x0000000000000090       0x18 ./Core/Src/system_stm32f1xx.o
 .debug_ranges  0x00000000000000a8       0x20 ./Core/Startup/startup_stm32f103cbtx.o
 .debug_ranges  0x00000000000000c8       0xd0 ./Drivers/STM32F1xx_HAL_Driver/Src/stm32f1xx_hal.o
 .debug_ranges  0x0000000000000198       0xf0 ./Drivers/STM32F1xx_HAL_Driver/Src/stm32f1xx_hal_cortex.o
 .debug_ranges  0x0000000000000288       0x48 ./Drivers/STM32F1xx_HAL_Driver/Src/stm32f1xx_hal_gpio.o
 .debug_ranges  0x00000000000002d0      0x128 ./Drivers/STM32F1xx_HAL_Driver/Src/stm32f1xx_hal_pcd.o
 .debug_ranges  0x00000000000003f8       0x28 ./Drivers/STM32F1xx_HAL_Driver/Src/stm32f1xx_hal_pcd_ex.o
 .debug_ranges  0x0000000000000420       0x80 ./Drivers/STM32F1xx_HAL_Driver/Src/stm32f1xx_hal_rcc.o
 .debug_ranges  0x00000000000004a0       0x20 ./Drivers/STM32F1xx_HAL_Driver/Src/stm32f1xx_hal_rcc_ex.o
 .debug_ranges  0x00000000000004c0       0xe0 ./Drivers/STM32F1xx_HAL_Driver/Src/stm32f1xx_ll_usb.o
 .debug_ranges  0x00000000000005a0       0x80 ./Middlewares/ST/STM32_USB_Device_Library/Class/CDC/Src/usbd_cdc.o
 .debug_ranges  0x0000000000000620       0xa8 ./Middlewares/ST/STM32_USB_Device_Library/Core/Src/usbd_core.o
 .debug_ranges  0x00000000000006c8       0x78 ./Middlewares/ST/STM32_USB_Device_Library/Core/Src/usbd_ctlreq.o
 .debug_ranges  0x0000000000000740       0x40 ./Middlewares/ST/STM32_USB_Device_Library/Core/Src/usbd_ioreq.o
 .debug_ranges  0x0000000000000780       0x10 ./USB_DEVICE/App/usb_device.o
 .debug_ranges  0x0000000000000790       0x30 ./USB_DEVICE/App/usbd_cdc_if.o
 .debug_ranges  0x00000000000007c0       0x50 ./USB_DEVICE/App/usbd_desc.o
 .debug_ranges  0x0000000000000810      0x108 ./USB_DEVICE/Target/usbd_conf.o

.debug_macro    0x0000000000000000    0x19645
 .debug_macro   0x0000000000000000      0x3ec ./Core/Src/main.o
 .debug_macro   0x00000000000003ec      0xa6c ./Core/Src/main.o
 .debug_macro   0x0000000000000e58      0x215 ./Core/Src/main.o
 .debug_macro   0x000000000000106d       0x2e ./Core/Src/main.o
 .debug_macro   0x000000000000109b       0x22 ./Core/Src/main.o
 .debug_macro   0x00000000000010bd       0x22 ./Core/Src/main.o
 .debug_macro   0x00000000000010df       0x8e ./Core/Src/main.o
 .debug_macro   0x000000000000116d       0x51 ./Core/Src/main.o
 .debug_macro   0x00000000000011be      0x103 ./Core/Src/main.o
 .debug_macro   0x00000000000012c1       0x6a ./Core/Src/main.o
 .debug_macro   0x000000000000132b      0x1df ./Core/Src/main.o
 .debug_macro   0x000000000000150a       0x1c ./Core/Src/main.o
 .debug_macro   0x0000000000001526       0x22 ./Core/Src/main.o
 .debug_macro   0x0000000000001548       0xbd ./Core/Src/main.o
 .debug_macro   0x0000000000001605      0xd23 ./Core/Src/main.o
 .debug_macro   0x0000000000002328     0xe09e ./Core/Src/main.o
 .debug_macro   0x00000000000103c6       0x6d ./Core/Src/main.o
 .debug_macro   0x0000000000010433     0x3468 ./Core/Src/main.o
 .debug_macro   0x000000000001389b      0x174 ./Core/Src/main.o
 .debug_macro   0x0000000000013a0f       0x5c ./Core/Src/main.o
 .debug_macro   0x0000000000013a6b      0x5be ./Core/Src/main.o
 .debug_macro   0x0000000000014029      0x289 ./Core/Src/main.o
 .debug_macro   0x00000000000142b2      0x1cb ./Core/Src/main.o
 .debug_macro   0x000000000001447d      0x114 ./Core/Src/main.o
 .debug_macro   0x0000000000014591      0x1b2 ./Core/Src/main.o
 .debug_macro   0x0000000000014743       0x27 ./Core/Src/main.o
 .debug_macro   0x000000000001476a      0x136 ./Core/Src/main.o
 .debug_macro   0x00000000000148a0      0x1bc ./Core/Src/main.o
 .debug_macro   0x0000000000014a5c       0x34 ./Core/Src/main.o
 .debug_macro   0x0000000000014a90       0x3c ./Core/Src/main.o
 .debug_macro   0x0000000000014acc       0x57 ./Core/Src/main.o
 .debug_macro   0x0000000000014b23       0x88 ./Core/Src/main.o
 .debug_macro   0x0000000000014bab      0x241 ./Core/Src/main.o
 .debug_macro   0x0000000000014dec      0x141 ./Core/Src/main.o
 .debug_macro   0x0000000000014f2d       0x65 ./Core/Src/main.o
 .debug_macro   0x0000000000014f92      0x249 ./Core/Src/main.o
 .debug_macro   0x00000000000151db       0x83 ./Core/Src/main.o
 .debug_macro   0x000000000001525e       0x1c ./Core/Src/main.o
 .debug_macro   0x000000000001527a       0x52 ./Core/Src/main.o
 .debug_macro   0x00000000000152cc       0x18 ./Core/Src/main.o
 .debug_macro   0x00000000000152e4       0x3c ./Core/Src/main.o
 .debug_macro   0x0000000000015320       0x34 ./Core/Src/main.o
 .debug_macro   0x0000000000015354       0x16 ./Core/Src/main.o
 .debug_macro   0x000000000001536a       0x35 ./Core/Src/main.o
 .debug_macro   0x000000000001539f      0x341 ./Core/Src/main.o
 .debug_macro   0x00000000000156e0       0x10 ./Core/Src/main.o
 .debug_macro   0x00000000000156f0       0x16 ./Core/Src/main.o
 .debug_macro   0x0000000000015706       0x43 ./Core/Src/main.o
 .debug_macro   0x0000000000015749       0x34 ./Core/Src/main.o
 .debug_macro   0x000000000001577d       0x10 ./Core/Src/main.o
 .debug_macro   0x000000000001578d       0x58 ./Core/Src/main.o
 .debug_macro   0x00000000000157e5       0x71 ./Core/Src/main.o
 .debug_macro   0x0000000000015856       0x1c ./Core/Src/main.o
 .debug_macro   0x0000000000015872      0x12a ./Core/Src/main.o
 .debug_macro   0x000000000001599c       0x10 ./Core/Src/main.o
 .debug_macro   0x00000000000159ac       0x1c ./Core/Src/main.o
 .debug_macro   0x00000000000159c8       0x52 ./Core/Src/main.o
 .debug_macro   0x0000000000015a1a       0x22 ./Core/Src/main.o
 .debug_macro   0x0000000000015a3c       0x10 ./Core/Src/main.o
 .debug_macro   0x0000000000015a4c       0x52 ./Core/Src/main.o
 .debug_macro   0x0000000000015a9e       0xd5 ./Core/Src/main.o
 .debug_macro   0x0000000000015b73       0x1c ./Core/Src/main.o
 .debug_macro   0x0000000000015b8f       0x3d ./Core/Src/main.o
 .debug_macro   0x0000000000015bcc       0x16 ./Core/Src/main.o
 .debug_macro   0x0000000000015be2      0x145 ./Core/Src/main.o
 .debug_macro   0x0000000000015d27       0x16 ./Core/Src/main.o
 .debug_macro   0x0000000000015d3d       0x16 ./Core/Src/main.o
 .debug_macro   0x0000000000015d53       0x29 ./Core/Src/main.o
 .debug_macro   0x0000000000015d7c       0x16 ./Core/Src/main.o
 .debug_macro   0x0000000000015d92       0x20 ./Core/Src/main.o
 .debug_macro   0x0000000000015db2       0x5f ./Core/Src/main.o
 .debug_macro   0x0000000000015e11      0x1c8 ./Core/Src/main.o
 .debug_macro   0x0000000000015fd9       0x8f ./Core/Src/main.o
 .debug_macro   0x0000000000016068       0x10 ./Core/Src/main.o
 .debug_macro   0x0000000000016078      0x1b7 ./Core/Src/stm32f1xx_hal_msp.o
 .debug_macro   0x000000000001622f      0x1c1 ./Core/Src/stm32f1xx_it.o
 .debug_macro   0x00000000000163f0      0x1ba ./Core/Src/system_stm32f1xx.o
 .debug_macro   0x00000000000165aa      0x1cc ./Drivers/STM32F1xx_HAL_Driver/Src/stm32f1xx_hal.o
 .debug_macro   0x0000000000016776      0x1a8 ./Drivers/STM32F1xx_HAL_Driver/Src/stm32f1xx_hal_cortex.o
 .debug_macro   0x000000000001691e      0x213 ./Drivers/STM32F1xx_HAL_Driver/Src/stm32f1xx_hal_gpio.o
 .debug_macro   0x0000000000016b31      0x1b4 ./Drivers/STM32F1xx_HAL_Driver/Src/stm32f1xx_hal_pcd.o
 .debug_macro   0x0000000000016ce5      0x1a8 ./Drivers/STM32F1xx_HAL_Driver/Src/stm32f1xx_hal_pcd_ex.o
 .debug_macro   0x0000000000016e8d      0x1ba ./Drivers/STM32F1xx_HAL_Driver/Src/stm32f1xx_hal_rcc.o
 .debug_macro   0x0000000000017047      0x1a8 ./Drivers/STM32F1xx_HAL_Driver/Src/stm32f1xx_hal_rcc_ex.o
 .debug_macro   0x00000000000171ef      0x1a8 ./Drivers/STM32F1xx_HAL_Driver/Src/stm32f1xx_ll_usb.o
 .debug_macro   0x0000000000017397      0x3cd ./Middlewares/ST/STM32_USB_Device_Library/Class/CDC/Src/usbd_cdc.o
 .debug_macro   0x0000000000017764       0x97 ./Middlewares/ST/STM32_USB_Device_Library/Class/CDC/Src/usbd_cdc.o
 .debug_macro   0x00000000000177fb       0xfd ./Middlewares/ST/STM32_USB_Device_Library/Class/CDC/Src/usbd_cdc.o
 .debug_macro   0x00000000000178f8       0x56 ./Middlewares/ST/STM32_USB_Device_Library/Class/CDC/Src/usbd_cdc.o
 .debug_macro   0x000000000001794e      0x3b4 ./Middlewares/ST/STM32_USB_Device_Library/Core/Src/usbd_core.o
 .debug_macro   0x0000000000017d02      0x1ce ./Middlewares/ST/STM32_USB_Device_Library/Core/Src/usbd_core.o
 .debug_macro   0x0000000000017ed0      0x3be ./Middlewares/ST/STM32_USB_Device_Library/Core/Src/usbd_ctlreq.o
 .debug_macro   0x000000000001828e      0x3ba ./Middlewares/ST/STM32_USB_Device_Library/Core/Src/usbd_ioreq.o
 .debug_macro   0x0000000000018648      0x3ed ./USB_DEVICE/App/usb_device.o
 .debug_macro   0x0000000000018a35       0x22 ./USB_DEVICE/App/usb_device.o
 .debug_macro   0x0000000000018a57       0x22 ./USB_DEVICE/App/usb_device.o
 .debug_macro   0x0000000000018a79       0x16 ./USB_DEVICE/App/usb_device.o
 .debug_macro   0x0000000000018a8f      0x3d8 ./USB_DEVICE/App/usbd_cdc_if.o
 .debug_macro   0x0000000000018e67      0x3f1 ./USB_DEVICE/App/usbd_desc.o
 .debug_macro   0x0000000000019258       0x1c ./USB_DEVICE/App/usbd_desc.o
 .debug_macro   0x0000000000019274      0x3d1 ./USB_DEVICE/Target/usbd_conf.o

.debug_line     0x0000000000000000     0xdd5f
 .debug_line    0x0000000000000000      0xa88 ./Core/Src/main.o
 .debug_line    0x0000000000000a88      0x66b ./Core/Src/stm32f1xx_hal_msp.o
 .debug_line    0x00000000000010f3      0x746 ./Core/Src/stm32f1xx_it.o
 .debug_line    0x0000000000001839      0x6f2 ./Core/Src/system_stm32f1xx.o
 .debug_line    0x0000000000001f2b       0x87 ./Core/Startup/startup_stm32f103cbtx.o
 .debug_line    0x0000000000001fb2      0x917 ./Drivers/STM32F1xx_HAL_Driver/Src/stm32f1xx_hal.o
 .debug_line    0x00000000000028c9      0xaff ./Drivers/STM32F1xx_HAL_Driver/Src/stm32f1xx_hal_cortex.o
 .debug_line    0x00000000000033c8      0x9ae ./Drivers/STM32F1xx_HAL_Driver/Src/stm32f1xx_hal_gpio.o
 .debug_line    0x0000000000003d76     0x1305 ./Drivers/STM32F1xx_HAL_Driver/Src/stm32f1xx_hal_pcd.o
 .debug_line    0x000000000000507b      0x6e5 ./Drivers/STM32F1xx_HAL_Driver/Src/stm32f1xx_hal_pcd_ex.o
 .debug_line    0x0000000000005760      0xd25 ./Drivers/STM32F1xx_HAL_Driver/Src/stm32f1xx_hal_rcc.o
 .debug_line    0x0000000000006485      0x862 ./Drivers/STM32F1xx_HAL_Driver/Src/stm32f1xx_hal_rcc_ex.o
 .debug_line    0x0000000000006ce7     0x104a ./Drivers/STM32F1xx_HAL_Driver/Src/stm32f1xx_ll_usb.o
 .debug_line    0x0000000000007d31      0xcf5 ./Middlewares/ST/STM32_USB_Device_Library/Class/CDC/Src/usbd_cdc.o
 .debug_line    0x0000000000008a26      0xd75 ./Middlewares/ST/STM32_USB_Device_Library/Core/Src/usbd_core.o
 .debug_line    0x000000000000979b      0xf97 ./Middlewares/ST/STM32_USB_Device_Library/Core/Src/usbd_ctlreq.o
 .debug_line    0x000000000000a732      0xa0b ./Middlewares/ST/STM32_USB_Device_Library/Core/Src/usbd_ioreq.o
 .debug_line    0x000000000000b13d      0x9cb ./USB_DEVICE/App/usb_device.o
 .debug_line    0x000000000000bb08      0xa13 ./USB_DEVICE/App/usbd_cdc_if.o
 .debug_line    0x000000000000c51b      0xa94 ./USB_DEVICE/App/usbd_desc.o
 .debug_line    0x000000000000cfaf      0xdb0 ./USB_DEVICE/Target/usbd_conf.o

.debug_str      0x0000000000000000    0x84901
 .debug_str     0x0000000000000000    0x81eff ./Core/Src/main.o
                                      0x822bf (size before relaxing)
 .debug_str     0x0000000000081eff       0x2c ./Core/Src/stm32f1xx_hal_msp.o
                                      0x7d3d6 (size before relaxing)
 .debug_str     0x0000000000081f2b      0x412 ./Core/Src/stm32f1xx_it.o
                                      0x7d7d8 (size before relaxing)
 .debug_str     0x000000000008233d      0x126 ./Core/Src/system_stm32f1xx.o
                                      0x7d479 (size before relaxing)
 .debug_str     0x0000000000082463       0x36 ./Core/Startup/startup_stm32f103cbtx.o
                                         0x66 (size before relaxing)
 .debug_str     0x0000000000082499      0x607 ./Drivers/STM32F1xx_HAL_Driver/Src/stm32f1xx_hal.o
                                      0x7dafa (size before relaxing)
 .debug_str     0x0000000000082aa0      0x23f ./Drivers/STM32F1xx_HAL_Driver/Src/stm32f1xx_hal_cortex.o
                                      0x7da46 (size before relaxing)
 .debug_str     0x0000000000082cdf      0x307 ./Drivers/STM32F1xx_HAL_Driver/Src/stm32f1xx_hal_gpio.o
                                      0x7d74d (size before relaxing)
 .debug_str     0x0000000000082fe6      0x573 ./Drivers/STM32F1xx_HAL_Driver/Src/stm32f1xx_hal_pcd.o
                                      0x7dc9f (size before relaxing)
 .debug_str     0x0000000000083559      0x170 ./Drivers/STM32F1xx_HAL_Driver/Src/stm32f1xx_hal_pcd_ex.o
                                      0x7d83b (size before relaxing)
 .debug_str     0x00000000000836c9      0x229 ./Drivers/STM32F1xx_HAL_Driver/Src/stm32f1xx_hal_rcc.o
                                      0x7d7f6 (size before relaxing)
 .debug_str     0x00000000000838f2       0x9f ./Drivers/STM32F1xx_HAL_Driver/Src/stm32f1xx_hal_rcc_ex.o
                                      0x7d546 (size before relaxing)
 .debug_str     0x0000000000083991      0x129 ./Drivers/STM32F1xx_HAL_Driver/Src/stm32f1xx_ll_usb.o
                                      0x7d86e (size before relaxing)
 .debug_str     0x0000000000083aba      0x645 ./Middlewares/ST/STM32_USB_Device_Library/Class/CDC/Src/usbd_cdc.o
                                      0x8294b (size before relaxing)
 .debug_str     0x00000000000840ff      0x281 ./Middlewares/ST/STM32_USB_Device_Library/Core/Src/usbd_core.o
                                      0x82286 (size before relaxing)
 .debug_str     0x0000000000084380      0x120 ./Middlewares/ST/STM32_USB_Device_Library/Core/Src/usbd_ctlreq.o
                                      0x821a0 (size before relaxing)
 .debug_str     0x00000000000844a0       0x51 ./Middlewares/ST/STM32_USB_Device_Library/Core/Src/usbd_ioreq.o
                                      0x820cd (size before relaxing)
 .debug_str     0x00000000000844f1       0xc6 ./USB_DEVICE/App/usb_device.o
                                      0x82458 (size before relaxing)
 .debug_str     0x00000000000845b7       0x7d ./USB_DEVICE/App/usbd_cdc_if.o
                                      0x8247e (size before relaxing)
 .debug_str     0x0000000000084634      0x255 ./USB_DEVICE/App/usbd_desc.o
                                      0x82006 (size before relaxing)
 .debug_str     0x0000000000084889       0x78 ./USB_DEVICE/Target/usbd_conf.o
                                      0x82ed8 (size before relaxing)

.comment        0x0000000000000000       0x50
 .comment       0x0000000000000000       0x50 ./Core/Src/main.o
                                         0x51 (size before relaxing)
 .comment       0x0000000000000050       0x51 ./Core/Src/stm32f1xx_hal_msp.o
 .comment       0x0000000000000050       0x51 ./Core/Src/stm32f1xx_it.o
 .comment       0x0000000000000050       0x51 ./Core/Src/system_stm32f1xx.o
 .comment       0x0000000000000050       0x51 ./Drivers/STM32F1xx_HAL_Driver/Src/stm32f1xx_hal.o
 .comment       0x0000000000000050       0x51 ./Drivers/STM32F1xx_HAL_Driver/Src/stm32f1xx_hal_cortex.o
 .comment       0x0000000000000050       0x51 ./Drivers/STM32F1xx_HAL_Driver/Src/stm32f1xx_hal_gpio.o
 .comment       0x0000000000000050       0x51 ./Drivers/STM32F1xx_HAL_Driver/Src/stm32f1xx_hal_pcd.o
 .comment       0x0000000000000050       0x51 ./Drivers/STM32F1xx_HAL_Driver/Src/stm32f1xx_hal_pcd_ex.o
 .comment       0x0000000000000050       0x51 ./Drivers/STM32F1xx_HAL_Driver/Src/stm32f1xx_hal_rcc.o
 .comment       0x0000000000000050       0x51 ./Drivers/STM32F1xx_HAL_Driver/Src/stm32f1xx_hal_rcc_ex.o
 .comment       0x0000000000000050       0x51 ./Drivers/STM32F1xx_HAL_Driver/Src/stm32f1xx_ll_usb.o
 .comment       0x0000000000000050       0x51 ./Middlewares/ST/STM32_USB_Device_Library/Class/CDC/Src/usbd_cdc.o
 .comment       0x0000000000000050       0x51 ./Middlewares/ST/STM32_USB_Device_Library/Core/Src/usbd_core.o
 .comment       0x0000000000000050       0x51 ./Middlewares/ST/STM32_USB_Device_Library/Core/Src/usbd_ctlreq.o
 .comment       0x0000000000000050       0x51 ./Middlewares/ST/STM32_USB_Device_Library/Core/Src/usbd_ioreq.o
 .comment       0x0000000000000050       0x51 ./USB_DEVICE/App/usb_device.o
 .comment       0x0000000000000050       0x51 ./USB_DEVICE/App/usbd_cdc_if.o
 .comment       0x0000000000000050       0x51 ./USB_DEVICE/App/usbd_desc.o
 .comment       0x0000000000000050       0x51 ./USB_DEVICE/Target/usbd_conf.o

.debug_frame    0x0000000000000000     0x27a4
 .debug_frame   0x0000000000000000       0x90 ./Core/Src/main.o
 .debug_frame   0x0000000000000090       0x38 ./Core/Src/stm32f1xx_hal_msp.o
 .debug_frame   0x00000000000000c8      0x120 ./Core/Src/stm32f1xx_it.o
 .debug_frame   0x00000000000001e8       0x58 ./Core/Src/system_stm32f1xx.o
 .debug_frame   0x0000000000000240      0x334 ./Drivers/STM32F1xx_HAL_Driver/Src/stm32f1xx_hal.o
 .debug_frame   0x0000000000000574      0x428 ./Drivers/STM32F1xx_HAL_Driver/Src/stm32f1xx_hal_cortex.o
 .debug_frame   0x000000000000099c      0x14c ./Drivers/STM32F1xx_HAL_Driver/Src/stm32f1xx_hal_gpio.o
 .debug_frame   0x0000000000000ae8      0x578 ./Drivers/STM32F1xx_HAL_Driver/Src/stm32f1xx_hal_pcd.o
 .debug_frame   0x0000000000001060       0xb0 ./Drivers/STM32F1xx_HAL_Driver/Src/stm32f1xx_hal_pcd_ex.o
 .debug_frame   0x0000000000001110      0x21c ./Drivers/STM32F1xx_HAL_Driver/Src/stm32f1xx_hal_rcc.o
 .debug_frame   0x000000000000132c       0x84 ./Drivers/STM32F1xx_HAL_Driver/Src/stm32f1xx_hal_rcc_ex.o
 .debug_frame   0x00000000000013b0      0x450 ./Drivers/STM32F1xx_HAL_Driver/Src/stm32f1xx_ll_usb.o
 .debug_frame   0x0000000000001800      0x248 ./Middlewares/ST/STM32_USB_Device_Library/Class/CDC/Src/usbd_cdc.o
 .debug_frame   0x0000000000001a48      0x300 ./Middlewares/ST/STM32_USB_Device_Library/Core/Src/usbd_core.o
 .debug_frame   0x0000000000001d48      0x218 ./Middlewares/ST/STM32_USB_Device_Library/Core/Src/usbd_ctlreq.o
 .debug_frame   0x0000000000001f60      0x10c ./Middlewares/ST/STM32_USB_Device_Library/Core/Src/usbd_ioreq.o
 .debug_frame   0x000000000000206c       0x2c ./USB_DEVICE/App/usb_device.o
 .debug_frame   0x0000000000002098       0xbc ./USB_DEVICE/App/usbd_cdc_if.o
 .debug_frame   0x0000000000002154      0x160 ./USB_DEVICE/App/usbd_desc.o
 .debug_frame   0x00000000000022b4      0x4a4 ./USB_DEVICE/Target/usbd_conf.o
 .debug_frame   0x0000000000002758       0x2c c:/st/stm32cubeide_1.8.0/stm32cubeide/plugins/com.st.stm32cube.ide.mcu.externaltools.gnu-tools-for-stm32.10.3-2021.10.win32_1.0.0.202111181127/tools/bin/../lib/gcc/arm-none-eabi/10.3.1/../../../../arm-none-eabi/lib/thumb/v7-m/nofp\libc_nano.a(lib_a-init.o)
 .debug_frame   0x0000000000002784       0x20 c:/st/stm32cubeide_1.8.0/stm32cubeide/plugins/com.st.stm32cube.ide.mcu.externaltools.gnu-tools-for-stm32.10.3-2021.10.win32_1.0.0.202111181127/tools/bin/../lib/gcc/arm-none-eabi/10.3.1/../../../../arm-none-eabi/lib/thumb/v7-m/nofp\libc_nano.a(lib_a-memset.o)
