Archive member included to satisfy reference by file (symbol)

c:/progra~2/gnuarm~1/102021~1.10/bin/../lib/gcc/arm-none-eabi/10.3.1/../../../../arm-none-eabi/lib/thumb/v7-m/nofp\libg.a(lib_a-errno.o)
                              CMakeFiles/CLION_V2.elf.dir/Core/Src/syscalls.c.obj (__errno)
c:/progra~2/gnuarm~1/102021~1.10/bin/../lib/gcc/arm-none-eabi/10.3.1/../../../../arm-none-eabi/lib/thumb/v7-m/nofp\libg.a(lib_a-exit.o)
                              c:/progra~2/gnuarm~1/102021~1.10/bin/../lib/gcc/arm-none-eabi/10.3.1/../../../../arm-none-eabi/lib/thumb/v7-m/nofp/crt0.o (exit)
c:/progra~2/gnuarm~1/102021~1.10/bin/../lib/gcc/arm-none-eabi/10.3.1/../../../../arm-none-eabi/lib/thumb/v7-m/nofp\libg.a(lib_a-impure.o)
                              c:/progra~2/gnuarm~1/102021~1.10/bin/../lib/gcc/arm-none-eabi/10.3.1/../../../../arm-none-eabi/lib/thumb/v7-m/nofp\libg.a(lib_a-exit.o) (_global_impure_ptr)
c:/progra~2/gnuarm~1/102021~1.10/bin/../lib/gcc/arm-none-eabi/10.3.1/../../../../arm-none-eabi/lib/thumb/v7-m/nofp\libg.a(lib_a-init.o)
                              c:/progra~2/gnuarm~1/102021~1.10/bin/../lib/gcc/arm-none-eabi/10.3.1/../../../../arm-none-eabi/lib/thumb/v7-m/nofp/crt0.o (__libc_init_array)
c:/progra~2/gnuarm~1/102021~1.10/bin/../lib/gcc/arm-none-eabi/10.3.1/../../../../arm-none-eabi/lib/thumb/v7-m/nofp\libg.a(lib_a-memset.o)
                              c:/progra~2/gnuarm~1/102021~1.10/bin/../lib/gcc/arm-none-eabi/10.3.1/../../../../arm-none-eabi/lib/thumb/v7-m/nofp/crt0.o (memset)
c:/progra~2/gnuarm~1/102021~1.10/bin/../lib/gcc/arm-none-eabi/10.3.1/../../../../arm-none-eabi/lib/thumb/v7-m/nofp\libg.a(lib_a-__call_atexit.o)
                              c:/progra~2/gnuarm~1/102021~1.10/bin/../lib/gcc/arm-none-eabi/10.3.1/../../../../arm-none-eabi/lib/thumb/v7-m/nofp\libg.a(lib_a-exit.o) (__call_exitprocs)
c:/progra~2/gnuarm~1/102021~1.10/bin/../lib/gcc/arm-none-eabi/10.3.1/../../../../arm-none-eabi/lib/thumb/v7-m/nofp\libg.a(lib_a-atexit.o)
                              c:/progra~2/gnuarm~1/102021~1.10/bin/../lib/gcc/arm-none-eabi/10.3.1/../../../../arm-none-eabi/lib/thumb/v7-m/nofp\libg.a(lib_a-__call_atexit.o) (atexit)
c:/progra~2/gnuarm~1/102021~1.10/bin/../lib/gcc/arm-none-eabi/10.3.1/../../../../arm-none-eabi/lib/thumb/v7-m/nofp\libg.a(lib_a-fini.o)
                              c:/progra~2/gnuarm~1/102021~1.10/bin/../lib/gcc/arm-none-eabi/10.3.1/../../../../arm-none-eabi/lib/thumb/v7-m/nofp\libg.a(lib_a-__call_atexit.o) (__libc_fini_array)
c:/progra~2/gnuarm~1/102021~1.10/bin/../lib/gcc/arm-none-eabi/10.3.1/../../../../arm-none-eabi/lib/thumb/v7-m/nofp\libg.a(lib_a-lock.o)
                              c:/progra~2/gnuarm~1/102021~1.10/bin/../lib/gcc/arm-none-eabi/10.3.1/../../../../arm-none-eabi/lib/thumb/v7-m/nofp\libg.a(lib_a-__call_atexit.o) (__retarget_lock_acquire_recursive)
c:/progra~2/gnuarm~1/102021~1.10/bin/../lib/gcc/arm-none-eabi/10.3.1/../../../../arm-none-eabi/lib/thumb/v7-m/nofp\libg.a(lib_a-__atexit.o)
                              c:/progra~2/gnuarm~1/102021~1.10/bin/../lib/gcc/arm-none-eabi/10.3.1/../../../../arm-none-eabi/lib/thumb/v7-m/nofp\libg.a(lib_a-atexit.o) (__register_exitproc)

Discarded input sections

 .text          0x00000000        0x0 c:/progra~2/gnuarm~1/102021~1.10/bin/../lib/gcc/arm-none-eabi/10.3.1/thumb/v7-m/nofp/crti.o
 .data          0x00000000        0x0 c:/progra~2/gnuarm~1/102021~1.10/bin/../lib/gcc/arm-none-eabi/10.3.1/thumb/v7-m/nofp/crti.o
 .bss           0x00000000        0x0 c:/progra~2/gnuarm~1/102021~1.10/bin/../lib/gcc/arm-none-eabi/10.3.1/thumb/v7-m/nofp/crti.o
 .data          0x00000000        0x4 c:/progra~2/gnuarm~1/102021~1.10/bin/../lib/gcc/arm-none-eabi/10.3.1/thumb/v7-m/nofp/crtbegin.o
 .rodata        0x00000000       0x24 c:/progra~2/gnuarm~1/102021~1.10/bin/../lib/gcc/arm-none-eabi/10.3.1/thumb/v7-m/nofp/crtbegin.o
 .text          0x00000000       0x7c c:/progra~2/gnuarm~1/102021~1.10/bin/../lib/gcc/arm-none-eabi/10.3.1/../../../../arm-none-eabi/lib/thumb/v7-m/nofp/crt0.o
 .data          0x00000000        0x0 c:/progra~2/gnuarm~1/102021~1.10/bin/../lib/gcc/arm-none-eabi/10.3.1/../../../../arm-none-eabi/lib/thumb/v7-m/nofp/crt0.o
 .bss           0x00000000        0x0 c:/progra~2/gnuarm~1/102021~1.10/bin/../lib/gcc/arm-none-eabi/10.3.1/../../../../arm-none-eabi/lib/thumb/v7-m/nofp/crt0.o
 .ARM.extab     0x00000000        0x0 c:/progra~2/gnuarm~1/102021~1.10/bin/../lib/gcc/arm-none-eabi/10.3.1/../../../../arm-none-eabi/lib/thumb/v7-m/nofp/crt0.o
 .ARM.exidx     0x00000000       0x10 c:/progra~2/gnuarm~1/102021~1.10/bin/../lib/gcc/arm-none-eabi/10.3.1/../../../../arm-none-eabi/lib/thumb/v7-m/nofp/crt0.o
 .ARM.attributes
                0x00000000       0x1b c:/progra~2/gnuarm~1/102021~1.10/bin/../lib/gcc/arm-none-eabi/10.3.1/../../../../arm-none-eabi/lib/thumb/v7-m/nofp/crt0.o
 .text          0x00000000        0x0 CMakeFiles/CLION_V2.elf.dir/Core/Src/main.c.obj
[...]
Memory Configuration

Name             Origin             Length             Attributes
RAM              0x20000000         0x00005000         xrw
FLASH            0x08000000         0x00020000         xr
*default*        0x00000000         0xffffffff

Linker script and memory map

LOAD c:/progra~2/gnuarm~1/102021~1.10/bin/../lib/gcc/arm-none-eabi/10.3.1/thumb/v7-m/nofp/crti.o
LOAD c:/progra~2/gnuarm~1/102021~1.10/bin/../lib/gcc/arm-none-eabi/10.3.1/thumb/v7-m/nofp/crtbegin.o
LOAD c:/progra~2/gnuarm~1/102021~1.10/bin/../lib/gcc/arm-none-eabi/10.3.1/../../../../arm-none-eabi/lib/thumb/v7-m/nofp/crt0.o
LOAD CMakeFiles/CLION_V2.elf.dir/Core/Src/main.c.obj
LOAD CMakeFiles/CLION_V2.elf.dir/Core/Src/stm32f1xx_hal_msp.c.obj
LOAD CMakeFiles/CLION_V2.elf.dir/Core/Src/stm32f1xx_it.c.obj
LOAD CMakeFiles/CLION_V2.elf.dir/Core/Src/syscalls.c.obj
LOAD CMakeFiles/CLION_V2.elf.dir/Core/Src/sysmem.c.obj
LOAD CMakeFiles/CLION_V2.elf.dir/Core/Src/system_stm32f1xx.c.obj
LOAD CMakeFiles/CLION_V2.elf.dir/Core/Startup/startup_stm32f103cbtx.s.obj
LOAD CMakeFiles/CLION_V2.elf.dir/Drivers/STM32F1xx_HAL_Driver/Src/stm32f1xx_hal.c.obj
LOAD CMakeFiles/CLION_V2.elf.dir/Drivers/STM32F1xx_HAL_Driver/Src/stm32f1xx_hal_can.c.obj
LOAD CMakeFiles/CLION_V2.elf.dir/Drivers/STM32F1xx_HAL_Driver/Src/stm32f1xx_hal_cortex.c.obj
LOAD CMakeFiles/CLION_V2.elf.dir/Drivers/STM32F1xx_HAL_Driver/Src/stm32f1xx_hal_dma.c.obj
LOAD CMakeFiles/CLION_V2.elf.dir/Drivers/STM32F1xx_HAL_Driver/Src/stm32f1xx_hal_exti.c.obj
LOAD CMakeFiles/CLION_V2.elf.dir/Drivers/STM32F1xx_HAL_Driver/Src/stm32f1xx_hal_flash.c.obj
LOAD CMakeFiles/CLION_V2.elf.dir/Drivers/STM32F1xx_HAL_Driver/Src/stm32f1xx_hal_flash_ex.c.obj
LOAD CMakeFiles/CLION_V2.elf.dir/Drivers/STM32F1xx_HAL_Driver/Src/stm32f1xx_hal_gpio.c.obj
LOAD CMakeFiles/CLION_V2.elf.dir/Drivers/STM32F1xx_HAL_Driver/Src/stm32f1xx_hal_gpio_ex.c.obj
LOAD CMakeFiles/CLION_V2.elf.dir/Drivers/STM32F1xx_HAL_Driver/Src/stm32f1xx_hal_pwr.c.obj
LOAD CMakeFiles/CLION_V2.elf.dir/Drivers/STM32F1xx_HAL_Driver/Src/stm32f1xx_hal_rcc.c.obj
LOAD CMakeFiles/CLION_V2.elf.dir/Drivers/STM32F1xx_HAL_Driver/Src/stm32f1xx_hal_rcc_ex.c.obj
LOAD CMakeFiles/CLION_V2.elf.dir/Drivers/STM32F1xx_HAL_Driver/Src/stm32f1xx_hal_tim.c.obj
LOAD CMakeFiles/CLION_V2.elf.dir/Drivers/STM32F1xx_HAL_Driver/Src/stm32f1xx_hal_tim_ex.c.obj
START GROUP
LOAD c:/progra~2/gnuarm~1/102021~1.10/bin/../lib/gcc/arm-none-eabi/10.3.1/thumb/v7-m/nofp\libgcc.a
LOAD c:/progra~2/gnuarm~1/102021~1.10/bin/../lib/gcc/arm-none-eabi/10.3.1/../../../../arm-none-eabi/lib/thumb/v7-m/nofp\libg.a
LOAD c:/progra~2/gnuarm~1/102021~1.10/bin/../lib/gcc/arm-none-eabi/10.3.1/../../../../arm-none-eabi/lib/thumb/v7-m/nofp\libc.a
END GROUP
LOAD c:/progra~2/gnuarm~1/102021~1.10/bin/../lib/gcc/arm-none-eabi/10.3.1/thumb/v7-m/nofp/crtend.o
LOAD c:/progra~2/gnuarm~1/102021~1.10/bin/../lib/gcc/arm-none-eabi/10.3.1/thumb/v7-m/nofp/crtn.o
                0x20005000                _estack = (ORIGIN (RAM) + LENGTH (RAM))
                0x00000200                _Min_Heap_Size = 0x200
                0x00000400                _Min_Stack_Size = 0x400

.isr_vector     0x08000000      0x10c
                0x08000000                . = ALIGN (0x4)
 *(.isr_vector)
 .isr_vector    0x08000000      0x10c CMakeFiles/CLION_V2.elf.dir/Core/Startup/startup_stm32f103cbtx.s.obj
                0x08000000                g_pfnVectors
                0x0800010c                . = ALIGN (0x4)

.text           0x0800010c      0xf94
                0x0800010c                . = ALIGN (0x4)
 *(.text)
 .text          0x0800010c       0x40 c:/progra~2/gnuarm~1/102021~1.10/bin/../lib/gcc/arm-none-eabi/10.3.1/thumb/v7-m/nofp/crtbegin.o
 *(.text*)
 .text.MX_GPIO_Init
                0x0800014c       0x68 CMakeFiles/CLION_V2.elf.dir/Core/Src/main.c.obj
 .text.Error_Handler
                0x080001b4        0x4 CMakeFiles/CLION_V2.elf.dir/Core/Src/main.c.obj
                0x080001b4                Error_Handler
 .text.MX_CAN_Init
                0x080001b8       0x38 CMakeFiles/CLION_V2.elf.dir/Core/Src/main.c.obj
 .text.SystemClock_Config
                0x080001f0       0x52 CMakeFiles/CLION_V2.elf.dir/Core/Src/main.c.obj
                0x080001f0                SystemClock_Config
 *fill*         0x08000242        0x2 
 .text.main     0x08000244       0x2c CMakeFiles/CLION_V2.elf.dir/Core/Src/main.c.obj
                0x08000244                main
 .text.HAL_MspInit
                0x08000270       0x30 CMakeFiles/CLION_V2.elf.dir/Core/Src/stm32f1xx_hal_msp.c.obj
                0x08000270                HAL_MspInit
 .text.HAL_CAN_MspInit
                0x080002a0       0x88 CMakeFiles/CLION_V2.elf.dir/Core/Src/stm32f1xx_hal_msp.c.obj
                0x080002a0                HAL_CAN_MspInit
 .text.NMI_Handler
                0x08000328        0x2 CMakeFiles/CLION_V2.elf.dir/Core/Src/stm32f1xx_it.c.obj
                0x08000328                NMI_Handler
 .text.HardFault_Handler
                0x0800032a        0x2 CMakeFiles/CLION_V2.elf.dir/Core/Src/stm32f1xx_it.c.obj
                0x0800032a                HardFault_Handler
 .text.MemManage_Handler
                0x0800032c        0x2 CMakeFiles/CLION_V2.elf.dir/Core/Src/stm32f1xx_it.c.obj
                0x0800032c                MemManage_Handler
 .text.BusFault_Handler
                0x0800032e        0x2 CMakeFiles/CLION_V2.elf.dir/Core/Src/stm32f1xx_it.c.obj
                0x0800032e                BusFault_Handler
 .text.UsageFault_Handler
                0x08000330        0x2 CMakeFiles/CLION_V2.elf.dir/Core/Src/stm32f1xx_it.c.obj
                0x08000330                UsageFault_Handler
 .text.SVC_Handler
                0x08000332        0x2 CMakeFiles/CLION_V2.elf.dir/Core/Src/stm32f1xx_it.c.obj
                0x08000332                SVC_Handler
 .text.DebugMon_Handler
                0x08000334        0x2 CMakeFiles/CLION_V2.elf.dir/Core/Src/stm32f1xx_it.c.obj
                0x08000334                DebugMon_Handler
 .text.PendSV_Handler
                0x08000336        0x2 CMakeFiles/CLION_V2.elf.dir/Core/Src/stm32f1xx_it.c.obj
                0x08000336                PendSV_Handler
 .text.SysTick_Handler
                0x08000338        0x8 CMakeFiles/CLION_V2.elf.dir/Core/Src/stm32f1xx_it.c.obj
                0x08000338                SysTick_Handler
 .text.SystemInit
                0x08000340       0x10 CMakeFiles/CLION_V2.elf.dir/Core/Src/system_stm32f1xx.c.obj
                0x08000340                SystemInit
 .text.Reset_Handler
                0x08000350       0x48 CMakeFiles/CLION_V2.elf.dir/Core/Startup/startup_stm32f103cbtx.s.obj
                0x08000350                Reset_Handler
 .text.Default_Handler
                0x08000398        0x2 CMakeFiles/CLION_V2.elf.dir/Core/Startup/startup_stm32f103cbtx.s.obj
                0x08000398                RTC_Alarm_IRQHandler
                0x08000398                EXTI2_IRQHandler
                0x08000398                TIM1_CC_IRQHandler
                0x08000398                PVD_IRQHandler
                0x08000398                EXTI3_IRQHandler
                0x08000398                EXTI0_IRQHandler
                0x08000398                I2C2_EV_IRQHandler
                0x08000398                ADC1_2_IRQHandler
                0x08000398                SPI1_IRQHandler
                0x08000398                TAMPER_IRQHandler
                0x08000398                DMA1_Channel4_IRQHandler
                0x08000398                USART3_IRQHandler
                0x08000398                RTC_IRQHandler
                0x08000398                DMA1_Channel7_IRQHandler
                0x08000398                CAN1_RX1_IRQHandler
                0x08000398                TIM4_IRQHandler
                0x08000398                I2C1_EV_IRQHandler
                0x08000398                DMA1_Channel6_IRQHandler
                0x08000398                TIM3_IRQHandler
                0x08000398                RCC_IRQHandler
                0x08000398                TIM1_TRG_COM_IRQHandler
                0x08000398                DMA1_Channel1_IRQHandler
                0x08000398                Default_Handler
                0x08000398                EXTI15_10_IRQHandler
                0x08000398                EXTI9_5_IRQHandler
                0x08000398                SPI2_IRQHandler
                0x08000398                DMA1_Channel5_IRQHandler
                0x08000398                EXTI4_IRQHandler
                0x08000398                USB_LP_CAN1_RX0_IRQHandler
                0x08000398                USB_HP_CAN1_TX_IRQHandler
                0x08000398                DMA1_Channel3_IRQHandler
                0x08000398                TIM1_UP_IRQHandler
                0x08000398                WWDG_IRQHandler
                0x08000398                TIM2_IRQHandler
                0x08000398                TIM1_BRK_IRQHandler
                0x08000398                EXTI1_IRQHandler
                0x08000398                USART2_IRQHandler
                0x08000398                I2C2_ER_IRQHandler
                0x08000398                DMA1_Channel2_IRQHandler
                0x08000398                CAN1_SCE_IRQHandler
                0x08000398                FLASH_IRQHandler
                0x08000398                USART1_IRQHandler
                0x08000398                I2C1_ER_IRQHandler
                0x08000398                USBWakeUp_IRQHandler
 *fill*         0x0800039a        0x2 
 .text.HAL_InitTick
                0x0800039c       0x4c CMakeFiles/CLION_V2.elf.dir/Drivers/STM32F1xx_HAL_Driver/Src/stm32f1xx_hal.c.obj
                0x0800039c                HAL_InitTick
 .text.HAL_Init
                0x080003e8       0x24 CMakeFiles/CLION_V2.elf.dir/Drivers/STM32F1xx_HAL_Driver/Src/stm32f1xx_hal.c.obj
                0x080003e8                HAL_Init
 .text.HAL_IncTick
                0x0800040c       0x18 CMakeFiles/CLION_V2.elf.dir/Drivers/STM32F1xx_HAL_Driver/Src/stm32f1xx_hal.c.obj
                0x0800040c                HAL_IncTick
 .text.HAL_GetTick
                0x08000424        0xc CMakeFiles/CLION_V2.elf.dir/Drivers/STM32F1xx_HAL_Driver/Src/stm32f1xx_hal.c.obj
                0x08000424                HAL_GetTick
 .text.HAL_Delay
                0x08000430       0x28 CMakeFiles/CLION_V2.elf.dir/Drivers/STM32F1xx_HAL_Driver/Src/stm32f1xx_hal.c.obj
                0x08000430                HAL_Delay
 .text.HAL_CAN_Init
                0x08000458      0x14c CMakeFiles/CLION_V2.elf.dir/Drivers/STM32F1xx_HAL_Driver/Src/stm32f1xx_hal_can.c.obj
                0x08000458                HAL_CAN_Init
 .text.HAL_NVIC_SetPriorityGrouping
                0x080005a4       0x24 CMakeFiles/CLION_V2.elf.dir/Drivers/STM32F1xx_HAL_Driver/Src/stm32f1xx_hal_cortex.c.obj
                0x080005a4                HAL_NVIC_SetPriorityGrouping
 .text.HAL_NVIC_SetPriority
                0x080005c8       0x70 CMakeFiles/CLION_V2.elf.dir/Drivers/STM32F1xx_HAL_Driver/Src/stm32f1xx_hal_cortex.c.obj
                0x080005c8                HAL_NVIC_SetPriority
 .text.HAL_SYSTICK_Config
                0x08000638       0x28 CMakeFiles/CLION_V2.elf.dir/Drivers/STM32F1xx_HAL_Driver/Src/stm32f1xx_hal_cortex.c.obj
                0x08000638                HAL_SYSTICK_Config
 .text.HAL_GPIO_Init
                0x08000660      0x224 CMakeFiles/CLION_V2.elf.dir/Drivers/STM32F1xx_HAL_Driver/Src/stm32f1xx_hal_gpio.c.obj
                0x08000660                HAL_GPIO_Init
 .text.HAL_GPIO_WritePin
                0x08000884        0xc CMakeFiles/CLION_V2.elf.dir/Drivers/STM32F1xx_HAL_Driver/Src/stm32f1xx_hal_gpio.c.obj
                0x08000884                HAL_GPIO_WritePin
 .text.HAL_GPIO_TogglePin
                0x08000890       0x12 CMakeFiles/CLION_V2.elf.dir/Drivers/STM32F1xx_HAL_Driver/Src/stm32f1xx_hal_gpio.c.obj
                0x08000890                HAL_GPIO_TogglePin
 *fill*         0x080008a2        0x2 
 .text.RCC_Delay
                0x080008a4       0x2c CMakeFiles/CLION_V2.elf.dir/Drivers/STM32F1xx_HAL_Driver/Src/stm32f1xx_hal_rcc.c.obj
 .text.HAL_RCC_OscConfig
                0x080008d0      0x410 CMakeFiles/CLION_V2.elf.dir/Drivers/STM32F1xx_HAL_Driver/Src/stm32f1xx_hal_rcc.c.obj
                0x080008d0                HAL_RCC_OscConfig
 .text.HAL_RCC_GetSysClockFreq
                0x08000ce0       0x70 CMakeFiles/CLION_V2.elf.dir/Drivers/STM32F1xx_HAL_Driver/Src/stm32f1xx_hal_rcc.c.obj
                0x08000ce0                HAL_RCC_GetSysClockFreq
 .text.HAL_RCC_ClockConfig
                0x08000d50      0x16c CMakeFiles/CLION_V2.elf.dir/Drivers/STM32F1xx_HAL_Driver/Src/stm32f1xx_hal_rcc.c.obj
                0x08000d50                HAL_RCC_ClockConfig
 .text.__libc_init_array
                0x08000ebc       0x48 c:/progra~2/gnuarm~1/102021~1.10/bin/../lib/gcc/arm-none-eabi/10.3.1/../../../../arm-none-eabi/lib/thumb/v7-m/nofp\libg.a(lib_a-init.o)
                0x08000ebc                __libc_init_array
 .text.memset   0x08000f04       0xa4 c:/progra~2/gnuarm~1/102021~1.10/bin/../lib/gcc/arm-none-eabi/10.3.1/../../../../arm-none-eabi/lib/thumb/v7-m/nofp\libg.a(lib_a-memset.o)
                0x08000f04                memset
 .text.startup.register_fini
                0x08000fa8       0x14 c:/progra~2/gnuarm~1/102021~1.10/bin/../lib/gcc/arm-none-eabi/10.3.1/../../../../arm-none-eabi/lib/thumb/v7-m/nofp\libg.a(lib_a-__call_atexit.o)
 .text.atexit   0x08000fbc        0xc c:/progra~2/gnuarm~1/102021~1.10/bin/../lib/gcc/arm-none-eabi/10.3.1/../../../../arm-none-eabi/lib/thumb/v7-m/nofp\libg.a(lib_a-atexit.o)
                0x08000fbc                atexit
 .text.__libc_fini_array
                0x08000fc8       0x2c c:/progra~2/gnuarm~1/102021~1.10/bin/../lib/gcc/arm-none-eabi/10.3.1/../../../../arm-none-eabi/lib/thumb/v7-m/nofp\libg.a(lib_a-fini.o)
                0x08000fc8                __libc_fini_array
 .text.__retarget_lock_acquire_recursive
                0x08000ff4        0x4 c:/progra~2/gnuarm~1/102021~1.10/bin/../lib/gcc/arm-none-eabi/10.3.1/../../../../arm-none-eabi/lib/thumb/v7-m/nofp\libg.a(lib_a-lock.o)
                0x08000ff4                __retarget_lock_acquire_recursive
 .text.__retarget_lock_release_recursive
                0x08000ff8        0x4 c:/progra~2/gnuarm~1/102021~1.10/bin/../lib/gcc/arm-none-eabi/10.3.1/../../../../arm-none-eabi/lib/thumb/v7-m/nofp\libg.a(lib_a-lock.o)
                0x08000ff8                __retarget_lock_release_recursive
 .text.__register_exitproc
                0x08000ffc       0x8c c:/progra~2/gnuarm~1/102021~1.10/bin/../lib/gcc/arm-none-eabi/10.3.1/../../../../arm-none-eabi/lib/thumb/v7-m/nofp\libg.a(lib_a-__atexit.o)
                0x08000ffc                __register_exitproc
 *(.glue_7)
 .glue_7        0x08001088        0x0 linker stubs
 *(.glue_7t)
 .glue_7t       0x08001088        0x0 linker stubs
 *(.eh_frame)
 .eh_frame      0x08001088        0x0 c:/progra~2/gnuarm~1/102021~1.10/bin/../lib/gcc/arm-none-eabi/10.3.1/thumb/v7-m/nofp/crtbegin.o
 *(.init)
 .init          0x08001088        0x4 c:/progra~2/gnuarm~1/102021~1.10/bin/../lib/gcc/arm-none-eabi/10.3.1/thumb/v7-m/nofp/crti.o
                0x08001088                _init
 .init          0x0800108c        0x8 c:/progra~2/gnuarm~1/102021~1.10/bin/../lib/gcc/arm-none-eabi/10.3.1/thumb/v7-m/nofp/crtn.o
 *(.fini)
 .fini          0x08001094        0x4 c:/progra~2/gnuarm~1/102021~1.10/bin/../lib/gcc/arm-none-eabi/10.3.1/thumb/v7-m/nofp/crti.o
                0x08001094                _fini
 .fini          0x08001098        0x8 c:/progra~2/gnuarm~1/102021~1.10/bin/../lib/gcc/arm-none-eabi/10.3.1/thumb/v7-m/nofp/crtn.o
                0x080010a0                . = ALIGN (0x4)
                0x080010a0                _etext = .

.vfp11_veneer   0x080010a0        0x0
 .vfp11_veneer  0x080010a0        0x0 linker stubs

.v4_bx          0x080010a0        0x0
 .v4_bx         0x080010a0        0x0 linker stubs

.iplt           0x080010a0        0x0
 .iplt          0x080010a0        0x0 c:/progra~2/gnuarm~1/102021~1.10/bin/../lib/gcc/arm-none-eabi/10.3.1/thumb/v7-m/nofp/crtbegin.o

.rodata         0x080010a0       0x28
                0x080010a0                . = ALIGN (0x4)
 *(.rodata)
 *(.rodata*)
 .rodata.AHBPrescTable
                0x080010a0       0x10 CMakeFiles/CLION_V2.elf.dir/Core/Src/system_stm32f1xx.c.obj
                0x080010a0                AHBPrescTable
 .rodata.HAL_RCC_GetSysClockFreq.str1.4
                0x080010b0       0x11 CMakeFiles/CLION_V2.elf.dir/Drivers/STM32F1xx_HAL_Driver/Src/stm32f1xx_hal_rcc.c.obj
 *fill*         0x080010c1        0x3 
 .rodata._global_impure_ptr
                0x080010c4        0x4 c:/progra~2/gnuarm~1/102021~1.10/bin/../lib/gcc/arm-none-eabi/10.3.1/../../../../arm-none-eabi/lib/thumb/v7-m/nofp\libg.a(lib_a-impure.o)
                0x080010c4                _global_impure_ptr
                0x080010c8                . = ALIGN (0x4)

.rel.dyn        0x080010c8        0x0
 .rel.iplt      0x080010c8        0x0 c:/progra~2/gnuarm~1/102021~1.10/bin/../lib/gcc/arm-none-eabi/10.3.1/thumb/v7-m/nofp/crtbegin.o

.ARM.extab      0x080010c8        0x0
                0x080010c8                . = ALIGN (0x4)
 *(.ARM.extab* .gnu.linkonce.armextab.*)
                0x080010c8                . = ALIGN (0x4)

.ARM            0x080010c8        0x0
                0x080010c8                . = ALIGN (0x4)
                0x080010c8                __exidx_start = .
 *(.ARM.exidx*)
                0x080010c8                __exidx_end = .
                0x080010c8                . = ALIGN (0x4)

.preinit_array  0x080010c8        0x0
                0x080010c8                . = ALIGN (0x4)
                0x080010c8                PROVIDE (__preinit_array_start = .)
 *(.preinit_array*)
                0x080010c8                PROVIDE (__preinit_array_end = .)
                0x080010c8                . = ALIGN (0x4)

.init_array     0x080010c8        0x8
                0x080010c8                . = ALIGN (0x4)
                0x080010c8                PROVIDE (__init_array_start = .)
 *(SORT_BY_NAME(.init_array.*))
 .init_array.00000
                0x080010c8        0x4 c:/progra~2/gnuarm~1/102021~1.10/bin/../lib/gcc/arm-none-eabi/10.3.1/../../../../arm-none-eabi/lib/thumb/v7-m/nofp\libg.a(lib_a-__call_atexit.o)
 *(.init_array*)
 .init_array    0x080010cc        0x4 c:/progra~2/gnuarm~1/102021~1.10/bin/../lib/gcc/arm-none-eabi/10.3.1/thumb/v7-m/nofp/crtbegin.o
                0x080010d0                PROVIDE (__init_array_end = .)
                0x080010d0                . = ALIGN (0x4)

.fini_array     0x080010d0        0x4
                0x080010d0                . = ALIGN (0x4)
                0x080010d0                PROVIDE (__fini_array_start = .)
 *(SORT_BY_NAME(.fini_array.*))
 *(.fini_array*)
 .fini_array    0x080010d0        0x4 c:/progra~2/gnuarm~1/102021~1.10/bin/../lib/gcc/arm-none-eabi/10.3.1/thumb/v7-m/nofp/crtbegin.o
                0x080010d4                PROVIDE (__fini_array_end = .)
                0x080010d4                . = ALIGN (0x4)
                0x080010d4                _sidata = LOADADDR (.data)

.data           0x20000000      0x43c load address 0x080010d4
                0x20000000                . = ALIGN (0x4)
                0x20000000                _sdata = .
 *(.data)
 *(.data*)
 .data.SystemCoreClock
                0x20000000        0x4 CMakeFiles/CLION_V2.elf.dir/Core/Src/system_stm32f1xx.c.obj
                0x20000000                SystemCoreClock
 .data.uwTickFreq
                0x20000004        0x1 CMakeFiles/CLION_V2.elf.dir/Drivers/STM32F1xx_HAL_Driver/Src/stm32f1xx_hal.c.obj
                0x20000004                uwTickFreq
 *fill*         0x20000005        0x3 
 .data.uwTickPrio
                0x20000008        0x4 CMakeFiles/CLION_V2.elf.dir/Drivers/STM32F1xx_HAL_Driver/Src/stm32f1xx_hal.c.obj
                0x20000008                uwTickPrio
 *fill*         0x2000000c        0x4 
 .data.impure_data
                0x20000010      0x428 c:/progra~2/gnuarm~1/102021~1.10/bin/../lib/gcc/arm-none-eabi/10.3.1/../../../../arm-none-eabi/lib/thumb/v7-m/nofp\libg.a(lib_a-impure.o)
 .data.__atexit_recursive_mutex
                0x20000438        0x4 c:/progra~2/gnuarm~1/102021~1.10/bin/../lib/gcc/arm-none-eabi/10.3.1/../../../../arm-none-eabi/lib/thumb/v7-m/nofp\libg.a(lib_a-__call_atexit.o)
                0x20000438                __atexit_recursive_mutex
 *(.RamFunc)
 *(.RamFunc*)
                0x2000043c                . = ALIGN (0x4)
                0x2000043c                _edata = .

.igot.plt       0x2000043c        0x0 load address 0x08001510
 .igot.plt      0x2000043c        0x0 c:/progra~2/gnuarm~1/102021~1.10/bin/../lib/gcc/arm-none-eabi/10.3.1/thumb/v7-m/nofp/crtbegin.o
                0x2000043c                . = ALIGN (0x4)

.bss            0x2000043c       0x4c load address 0x08001510
                0x2000043c                _sbss = .
                0x2000043c                __bss_start__ = _sbss
 *(.bss)
 .bss           0x2000043c       0x1c c:/progra~2/gnuarm~1/102021~1.10/bin/../lib/gcc/arm-none-eabi/10.3.1/thumb/v7-m/nofp/crtbegin.o
 *(.bss*)
 .bss.hcan      0x20000458       0x28 CMakeFiles/CLION_V2.elf.dir/Core/Src/main.c.obj
                0x20000458                hcan
 .bss.uwTick    0x20000480        0x4 CMakeFiles/CLION_V2.elf.dir/Drivers/STM32F1xx_HAL_Driver/Src/stm32f1xx_hal.c.obj
                0x20000480                uwTick
 .bss.__lock___atexit_recursive_mutex
                0x20000484        0x1 c:/progra~2/gnuarm~1/102021~1.10/bin/../lib/gcc/arm-none-eabi/10.3.1/../../../../arm-none-eabi/lib/thumb/v7-m/nofp\libg.a(lib_a-lock.o)
                0x20000484                __lock___atexit_recursive_mutex
 *(COMMON)
                0x20000488                . = ALIGN (0x4)
 *fill*         0x20000485        0x3 
                0x20000488                _ebss = .
                0x20000488                __bss_end__ = _ebss

._user_heap_stack
                0x20000488      0x600 load address 0x08001510
                0x20000488                . = ALIGN (0x8)
                [!provide]                PROVIDE (end = .)
                0x20000488                PROVIDE (_end = .)
                0x20000688                . = (. + _Min_Heap_Size)
 *fill*         0x20000488      0x200 
                0x20000a88                . = (. + _Min_Stack_Size)
 *fill*         0x20000688      0x400 
                0x20000a88                . = ALIGN (0x8)

/DISCARD/
 libc.a(*)
 libm.a(*)
 libgcc.a(*)

.ARM.attributes
                0x00000000       0x29
 *(.ARM.attributes)
 .ARM.attributes
                0x00000000       0x1d c:/progra~2/gnuarm~1/102021~1.10/bin/../lib/gcc/arm-none-eabi/10.3.1/thumb/v7-m/nofp/crti.o
 .ARM.attributes
                0x0000001d       0x2d c:/progra~2/gnuarm~1/102021~1.10/bin/../lib/gcc/arm-none-eabi/10.3.1/thumb/v7-m/nofp/crtbegin.o
 .ARM.attributes
                0x0000004a       0x2d CMakeFiles/CLION_V2.elf.dir/Core/Src/main.c.obj
 .ARM.attributes
                0x00000077       0x2d CMakeFiles/CLION_V2.elf.dir/Core/Src/stm32f1xx_hal_msp.c.obj
 .ARM.attributes
                0x000000a4       0x2d CMakeFiles/CLION_V2.elf.dir/Core/Src/stm32f1xx_it.c.obj
 .ARM.attributes
                0x000000d1       0x2d CMakeFiles/CLION_V2.elf.dir/Core/Src/system_stm32f1xx.c.obj
 .ARM.attributes
                0x000000fe       0x21 CMakeFiles/CLION_V2.elf.dir/Core/Startup/startup_stm32f103cbtx.s.obj
 .ARM.attributes
                0x0000011f       0x2d CMakeFiles/CLION_V2.elf.dir/Drivers/STM32F1xx_HAL_Driver/Src/stm32f1xx_hal.c.obj
 .ARM.attributes
                0x0000014c       0x2d CMakeFiles/CLION_V2.elf.dir/Drivers/STM32F1xx_HAL_Driver/Src/stm32f1xx_hal_can.c.obj
 .ARM.attributes
                0x00000179       0x2d CMakeFiles/CLION_V2.elf.dir/Drivers/STM32F1xx_HAL_Driver/Src/stm32f1xx_hal_cortex.c.obj
 .ARM.attributes
                0x000001a6       0x2d CMakeFiles/CLION_V2.elf.dir/Drivers/STM32F1xx_HAL_Driver/Src/stm32f1xx_hal_gpio.c.obj
 .ARM.attributes
                0x000001d3       0x2d CMakeFiles/CLION_V2.elf.dir/Drivers/STM32F1xx_HAL_Driver/Src/stm32f1xx_hal_rcc.c.obj
 .ARM.attributes
                0x00000200       0x2d c:/progra~2/gnuarm~1/102021~1.10/bin/../lib/gcc/arm-none-eabi/10.3.1/../../../../arm-none-eabi/lib/thumb/v7-m/nofp\libg.a(lib_a-impure.o)
 .ARM.attributes
                0x0000022d       0x2d c:/progra~2/gnuarm~1/102021~1.10/bin/../lib/gcc/arm-none-eabi/10.3.1/../../../../arm-none-eabi/lib/thumb/v7-m/nofp\libg.a(lib_a-init.o)
 .ARM.attributes
                0x0000025a       0x2d c:/progra~2/gnuarm~1/102021~1.10/bin/../lib/gcc/arm-none-eabi/10.3.1/../../../../arm-none-eabi/lib/thumb/v7-m/nofp\libg.a(lib_a-memset.o)
 .ARM.attributes
                0x00000287       0x2d c:/progra~2/gnuarm~1/102021~1.10/bin/../lib/gcc/arm-none-eabi/10.3.1/../../../../arm-none-eabi/lib/thumb/v7-m/nofp\libg.a(lib_a-__call_atexit.o)
 .ARM.attributes
                0x000002b4       0x2d c:/progra~2/gnuarm~1/102021~1.10/bin/../lib/gcc/arm-none-eabi/10.3.1/../../../../arm-none-eabi/lib/thumb/v7-m/nofp\libg.a(lib_a-atexit.o)
 .ARM.attributes
                0x000002e1       0x2d c:/progra~2/gnuarm~1/102021~1.10/bin/../lib/gcc/arm-none-eabi/10.3.1/../../../../arm-none-eabi/lib/thumb/v7-m/nofp\libg.a(lib_a-fini.o)
 .ARM.attributes
                0x0000030e       0x2d c:/progra~2/gnuarm~1/102021~1.10/bin/../lib/gcc/arm-none-eabi/10.3.1/../../../../arm-none-eabi/lib/thumb/v7-m/nofp\libg.a(lib_a-lock.o)
 .ARM.attributes
                0x0000033b       0x2d c:/progra~2/gnuarm~1/102021~1.10/bin/../lib/gcc/arm-none-eabi/10.3.1/../../../../arm-none-eabi/lib/thumb/v7-m/nofp\libg.a(lib_a-__atexit.o)
 .ARM.attributes
                0x00000368       0x1d c:/progra~2/gnuarm~1/102021~1.10/bin/../lib/gcc/arm-none-eabi/10.3.1/thumb/v7-m/nofp/crtn.o
OUTPUT(CLION_V2.elf elf32-littlearm)
LOAD linker stubs
LOAD c:/progra~2/gnuarm~1/102021~1.10/bin/../lib/gcc/arm-none-eabi/10.3.1/../../../../arm-none-eabi/lib/thumb/v7-m/nofp\libc.a
LOAD c:/progra~2/gnuarm~1/102021~1.10/bin/../lib/gcc/arm-none-eabi/10.3.1/../../../../arm-none-eabi/lib/thumb/v7-m/nofp\libm.a
LOAD c:/progra~2/gnuarm~1/102021~1.10/bin/../lib/gcc/arm-none-eabi/10.3.1/thumb/v7-m/nofp\libgcc.a

.debug_info     0x00000000     0x4f0f
 .debug_info    0x00000000      0x9bd CMakeFiles/CLION_V2.elf.dir/Core/Src/main.c.obj
 .debug_info    0x000009bd      0x7c8 CMakeFiles/CLION_V2.elf.dir/Core/Src/stm32f1xx_hal_msp.c.obj
 .debug_info    0x00001185      0x130 CMakeFiles/CLION_V2.elf.dir/Core/Src/stm32f1xx_it.c.obj
 .debug_info    0x000012b5      0x403 CMakeFiles/CLION_V2.elf.dir/Core/Src/system_stm32f1xx.c.obj
 .debug_info    0x000016b8       0x22 CMakeFiles/CLION_V2.elf.dir/Core/Startup/startup_stm32f103cbtx.s.obj
 .debug_info    0x000016da      0x7a8 CMakeFiles/CLION_V2.elf.dir/Drivers/STM32F1xx_HAL_Driver/Src/stm32f1xx_hal.c.obj
 .debug_info    0x00001e82     0x125e CMakeFiles/CLION_V2.elf.dir/Drivers/STM32F1xx_HAL_Driver/Src/stm32f1xx_hal_can.c.obj
 .debug_info    0x000030e0      0xd8a CMakeFiles/CLION_V2.elf.dir/Drivers/STM32F1xx_HAL_Driver/Src/stm32f1xx_hal_cortex.c.obj
 .debug_info    0x00003e6a      0x66f CMakeFiles/CLION_V2.elf.dir/Drivers/STM32F1xx_HAL_Driver/Src/stm32f1xx_hal_gpio.c.obj
 .debug_info    0x000044d9      0xa36 CMakeFiles/CLION_V2.elf.dir/Drivers/STM32F1xx_HAL_Driver/Src/stm32f1xx_hal_rcc.c.obj

.debug_abbrev   0x00000000     0x11df
 .debug_abbrev  0x00000000      0x24b CMakeFiles/CLION_V2.elf.dir/Core/Src/main.c.obj
 .debug_abbrev  0x0000024b      0x1db CMakeFiles/CLION_V2.elf.dir/Core/Src/stm32f1xx_hal_msp.c.obj
 .debug_abbrev  0x00000426       0x7e CMakeFiles/CLION_V2.elf.dir/Core/Src/stm32f1xx_it.c.obj
 .debug_abbrev  0x000004a4      0x13e CMakeFiles/CLION_V2.elf.dir/Core/Src/system_stm32f1xx.c.obj
 .debug_abbrev  0x000005e2       0x12 CMakeFiles/CLION_V2.elf.dir/Core/Startup/startup_stm32f103cbtx.s.obj
 .debug_abbrev  0x000005f4      0x1f4 CMakeFiles/CLION_V2.elf.dir/Drivers/STM32F1xx_HAL_Driver/Src/stm32f1xx_hal.c.obj
 .debug_abbrev  0x000007e8      0x256 CMakeFiles/CLION_V2.elf.dir/Drivers/STM32F1xx_HAL_Driver/Src/stm32f1xx_hal_can.c.obj
 .debug_abbrev  0x00000a3e      0x341 CMakeFiles/CLION_V2.elf.dir/Drivers/STM32F1xx_HAL_Driver/Src/stm32f1xx_hal_cortex.c.obj
 .debug_abbrev  0x00000d7f      0x1e6 CMakeFiles/CLION_V2.elf.dir/Drivers/STM32F1xx_HAL_Driver/Src/stm32f1xx_hal_gpio.c.obj
 .debug_abbrev  0x00000f65      0x27a CMakeFiles/CLION_V2.elf.dir/Drivers/STM32F1xx_HAL_Driver/Src/stm32f1xx_hal_rcc.c.obj

.debug_aranges  0x00000000      0x4b0
 .debug_aranges
                0x00000000       0x40 CMakeFiles/CLION_V2.elf.dir/Core/Src/main.c.obj
 .debug_aranges
                0x00000040       0x30 CMakeFiles/CLION_V2.elf.dir/Core/Src/stm32f1xx_hal_msp.c.obj
 .debug_aranges
                0x00000070       0x60 CMakeFiles/CLION_V2.elf.dir/Core/Src/stm32f1xx_it.c.obj
 .debug_aranges
                0x000000d0       0x28 CMakeFiles/CLION_V2.elf.dir/Core/Src/system_stm32f1xx.c.obj
 .debug_aranges
                0x000000f8       0x28 CMakeFiles/CLION_V2.elf.dir/Core/Startup/startup_stm32f103cbtx.s.obj
 .debug_aranges
                0x00000120       0xe0 CMakeFiles/CLION_V2.elf.dir/Drivers/STM32F1xx_HAL_Driver/Src/stm32f1xx_hal.c.obj
 .debug_aranges
                0x00000200      0x138 CMakeFiles/CLION_V2.elf.dir/Drivers/STM32F1xx_HAL_Driver/Src/stm32f1xx_hal_can.c.obj
 .debug_aranges
                0x00000338       0x90 CMakeFiles/CLION_V2.elf.dir/Drivers/STM32F1xx_HAL_Driver/Src/stm32f1xx_hal_cortex.c.obj
 .debug_aranges
                0x000003c8       0x58 CMakeFiles/CLION_V2.elf.dir/Drivers/STM32F1xx_HAL_Driver/Src/stm32f1xx_hal_gpio.c.obj
 .debug_aranges
                0x00000420       0x90 CMakeFiles/CLION_V2.elf.dir/Drivers/STM32F1xx_HAL_Driver/Src/stm32f1xx_hal_rcc.c.obj

.debug_ranges   0x00000000      0x498
 .debug_ranges  0x00000000       0x30 CMakeFiles/CLION_V2.elf.dir/Core/Src/main.c.obj
 .debug_ranges  0x00000030       0x20 CMakeFiles/CLION_V2.elf.dir/Core/Src/stm32f1xx_hal_msp.c.obj
 .debug_ranges  0x00000050       0x50 CMakeFiles/CLION_V2.elf.dir/Core/Src/stm32f1xx_it.c.obj
 .debug_ranges  0x000000a0       0x18 CMakeFiles/CLION_V2.elf.dir/Core/Src/system_stm32f1xx.c.obj
 .debug_ranges  0x000000b8       0x20 CMakeFiles/CLION_V2.elf.dir/Core/Startup/startup_stm32f103cbtx.s.obj
 .debug_ranges  0x000000d8       0xd0 CMakeFiles/CLION_V2.elf.dir/Drivers/STM32F1xx_HAL_Driver/Src/stm32f1xx_hal.c.obj
 .debug_ranges  0x000001a8      0x128 CMakeFiles/CLION_V2.elf.dir/Drivers/STM32F1xx_HAL_Driver/Src/stm32f1xx_hal_can.c.obj
 .debug_ranges  0x000002d0       0xe0 CMakeFiles/CLION_V2.elf.dir/Drivers/STM32F1xx_HAL_Driver/Src/stm32f1xx_hal_cortex.c.obj
 .debug_ranges  0x000003b0       0x48 CMakeFiles/CLION_V2.elf.dir/Drivers/STM32F1xx_HAL_Driver/Src/stm32f1xx_hal_gpio.c.obj
 .debug_ranges  0x000003f8       0xa0 CMakeFiles/CLION_V2.elf.dir/Drivers/STM32F1xx_HAL_Driver/Src/stm32f1xx_hal_rcc.c.obj

.debug_line     0x00000000     0x3d98
 .debug_line    0x00000000      0x48a CMakeFiles/CLION_V2.elf.dir/Core/Src/main.c.obj
 .debug_line    0x0000048a      0x2d9 CMakeFiles/CLION_V2.elf.dir/Core/Src/stm32f1xx_hal_msp.c.obj
 .debug_line    0x00000763      0x1e3 CMakeFiles/CLION_V2.elf.dir/Core/Src/stm32f1xx_it.c.obj
 .debug_line    0x00000946      0x2d5 CMakeFiles/CLION_V2.elf.dir/Core/Src/system_stm32f1xx.c.obj
 .debug_line    0x00000c1b       0xba CMakeFiles/CLION_V2.elf.dir/Core/Startup/startup_stm32f103cbtx.s.obj
 .debug_line    0x00000cd5      0x5c6 CMakeFiles/CLION_V2.elf.dir/Drivers/STM32F1xx_HAL_Driver/Src/stm32f1xx_hal.c.obj
 .debug_line    0x0000129b     0x118f CMakeFiles/CLION_V2.elf.dir/Drivers/STM32F1xx_HAL_Driver/Src/stm32f1xx_hal_can.c.obj
 .debug_line    0x0000242a      0x69b CMakeFiles/CLION_V2.elf.dir/Drivers/STM32F1xx_HAL_Driver/Src/stm32f1xx_hal_cortex.c.obj
 .debug_line    0x00002ac5      0x645 CMakeFiles/CLION_V2.elf.dir/Drivers/STM32F1xx_HAL_Driver/Src/stm32f1xx_hal_gpio.c.obj
 .debug_line    0x0000310a      0xc8e CMakeFiles/CLION_V2.elf.dir/Drivers/STM32F1xx_HAL_Driver/Src/stm32f1xx_hal_rcc.c.obj

.debug_str      0x00000000     0x1c8c
 .debug_str     0x00000000      0x6ee CMakeFiles/CLION_V2.elf.dir/Core/Src/main.c.obj
                                0x762 (size before relaxing)
 .debug_str     0x000006ee       0xb5 CMakeFiles/CLION_V2.elf.dir/Core/Src/stm32f1xx_hal_msp.c.obj
                                0x5af (size before relaxing)
 .debug_str     0x000007a3       0xea CMakeFiles/CLION_V2.elf.dir/Core/Src/stm32f1xx_it.c.obj
                                0x286 (size before relaxing)
 .debug_str     0x0000088d      0x10f CMakeFiles/CLION_V2.elf.dir/Core/Src/system_stm32f1xx.c.obj
                                0x316 (size before relaxing)
 .debug_str     0x0000099c       0x69 CMakeFiles/CLION_V2.elf.dir/Core/Startup/startup_stm32f103cbtx.s.obj
                                 0xb1 (size before relaxing)
 .debug_str     0x00000a05      0x621 CMakeFiles/CLION_V2.elf.dir/Drivers/STM32F1xx_HAL_Driver/Src/stm32f1xx_hal.c.obj
                                0x888 (size before relaxing)
 .debug_str     0x00001026      0x598 CMakeFiles/CLION_V2.elf.dir/Drivers/STM32F1xx_HAL_Driver/Src/stm32f1xx_hal_can.c.obj
                                0xaa2 (size before relaxing)
 .debug_str     0x000015be      0x37c CMakeFiles/CLION_V2.elf.dir/Drivers/STM32F1xx_HAL_Driver/Src/stm32f1xx_hal_cortex.c.obj
                                0x937 (size before relaxing)
 .debug_str     0x0000193a      0x13a CMakeFiles/CLION_V2.elf.dir/Drivers/STM32F1xx_HAL_Driver/Src/stm32f1xx_hal_gpio.c.obj
                                0x464 (size before relaxing)
 .debug_str     0x00001a74      0x218 CMakeFiles/CLION_V2.elf.dir/Drivers/STM32F1xx_HAL_Driver/Src/stm32f1xx_hal_rcc.c.obj
                                0x68f (size before relaxing)

.comment        0x00000000       0x49
 .comment       0x00000000       0x49 CMakeFiles/CLION_V2.elf.dir/Core/Src/main.c.obj
                                 0x4a (size before relaxing)
 .comment       0x00000049       0x4a CMakeFiles/CLION_V2.elf.dir/Core/Src/stm32f1xx_hal_msp.c.obj
 .comment       0x00000049       0x4a CMakeFiles/CLION_V2.elf.dir/Core/Src/stm32f1xx_it.c.obj
 .comment       0x00000049       0x4a CMakeFiles/CLION_V2.elf.dir/Core/Src/system_stm32f1xx.c.obj
 .comment       0x00000049       0x4a CMakeFiles/CLION_V2.elf.dir/Drivers/STM32F1xx_HAL_Driver/Src/stm32f1xx_hal.c.obj
 .comment       0x00000049       0x4a CMakeFiles/CLION_V2.elf.dir/Drivers/STM32F1xx_HAL_Driver/Src/stm32f1xx_hal_can.c.obj
 .comment       0x00000049       0x4a CMakeFiles/CLION_V2.elf.dir/Drivers/STM32F1xx_HAL_Driver/Src/stm32f1xx_hal_cortex.c.obj
 .comment       0x00000049       0x4a CMakeFiles/CLION_V2.elf.dir/Drivers/STM32F1xx_HAL_Driver/Src/stm32f1xx_hal_gpio.c.obj
 .comment       0x00000049       0x4a CMakeFiles/CLION_V2.elf.dir/Drivers/STM32F1xx_HAL_Driver/Src/stm32f1xx_hal_rcc.c.obj

.debug_frame    0x00000000      0xbdc
 .debug_frame   0x00000000       0x90 CMakeFiles/CLION_V2.elf.dir/Core/Src/main.c.obj
 .debug_frame   0x00000090       0x60 CMakeFiles/CLION_V2.elf.dir/Core/Src/stm32f1xx_hal_msp.c.obj
 .debug_frame   0x000000f0       0xa8 CMakeFiles/CLION_V2.elf.dir/Core/Src/stm32f1xx_it.c.obj
 .debug_frame   0x00000198       0x30 CMakeFiles/CLION_V2.elf.dir/Core/Src/system_stm32f1xx.c.obj
 .debug_frame   0x000001c8      0x1cc CMakeFiles/CLION_V2.elf.dir/Drivers/STM32F1xx_HAL_Driver/Src/stm32f1xx_hal.c.obj
 .debug_frame   0x00000394      0x2d0 CMakeFiles/CLION_V2.elf.dir/Drivers/STM32F1xx_HAL_Driver/Src/stm32f1xx_hal_can.c.obj
 .debug_frame   0x00000664      0x118 CMakeFiles/CLION_V2.elf.dir/Drivers/STM32F1xx_HAL_Driver/Src/stm32f1xx_hal_cortex.c.obj
 .debug_frame   0x0000077c       0xe4 CMakeFiles/CLION_V2.elf.dir/Drivers/STM32F1xx_HAL_Driver/Src/stm32f1xx_hal_gpio.c.obj
 .debug_frame   0x00000860      0x190 CMakeFiles/CLION_V2.elf.dir/Drivers/STM32F1xx_HAL_Driver/Src/stm32f1xx_hal_rcc.c.obj
 .debug_frame   0x000009f0       0x2c c:/progra~2/gnuarm~1/102021~1.10/bin/../lib/gcc/arm-none-eabi/10.3.1/../../../../arm-none-eabi/lib/thumb/v7-m/nofp\libg.a(lib_a-init.o)
 .debug_frame   0x00000a1c       0x2c c:/progra~2/gnuarm~1/102021~1.10/bin/../lib/gcc/arm-none-eabi/10.3.1/../../../../arm-none-eabi/lib/thumb/v7-m/nofp\libg.a(lib_a-memset.o)
 .debug_frame   0x00000a48       0x5c c:/progra~2/gnuarm~1/102021~1.10/bin/../lib/gcc/arm-none-eabi/10.3.1/../../../../arm-none-eabi/lib/thumb/v7-m/nofp\libg.a(lib_a-__call_atexit.o)
 .debug_frame   0x00000aa4       0x20 c:/progra~2/gnuarm~1/102021~1.10/bin/../lib/gcc/arm-none-eabi/10.3.1/../../../../arm-none-eabi/lib/thumb/v7-m/nofp\libg.a(lib_a-atexit.o)
 .debug_frame   0x00000ac4       0x34 c:/progra~2/gnuarm~1/102021~1.10/bin/../lib/gcc/arm-none-eabi/10.3.1/../../../../arm-none-eabi/lib/thumb/v7-m/nofp\libg.a(lib_a-fini.o)
 .debug_frame   0x00000af8       0xb0 c:/progra~2/gnuarm~1/102021~1.10/bin/../lib/gcc/arm-none-eabi/10.3.1/../../../../arm-none-eabi/lib/thumb/v7-m/nofp\libg.a(lib_a-lock.o)
 .debug_frame   0x00000ba8       0x34 c:/progra~2/gnuarm~1/102021~1.10/bin/../lib/gcc/arm-none-eabi/10.3.1/../../../../arm-none-eabi/lib/thumb/v7-m/nofp\libg.a(lib_a-__atexit.o)

.debug_loc      0x00000000     0x2289
 .debug_loc     0x00000000       0xb9 CMakeFiles/CLION_V2.elf.dir/Core/Src/stm32f1xx_hal_msp.c.obj
 .debug_loc     0x000000b9       0xff CMakeFiles/CLION_V2.elf.dir/Core/Src/system_stm32f1xx.c.obj
 .debug_loc     0x000001b8      0x141 CMakeFiles/CLION_V2.elf.dir/Drivers/STM32F1xx_HAL_Driver/Src/stm32f1xx_hal.c.obj
 .debug_loc     0x000002f9      0xdb6 CMakeFiles/CLION_V2.elf.dir/Drivers/STM32F1xx_HAL_Driver/Src/stm32f1xx_hal_can.c.obj
 .debug_loc     0x000010af      0x71f CMakeFiles/CLION_V2.elf.dir/Drivers/STM32F1xx_HAL_Driver/Src/stm32f1xx_hal_cortex.c.obj
 .debug_loc     0x000017ce      0x47d CMakeFiles/CLION_V2.elf.dir/Drivers/STM32F1xx_HAL_Driver/Src/stm32f1xx_hal_gpio.c.obj
 .debug_loc     0x00001c4b      0x63e CMakeFiles/CLION_V2.elf.dir/Drivers/STM32F1xx_HAL_Driver/Src/stm32f1xx_hal_rcc.c.obj
